 RadarSystemLevel_lfm_sfun

 Timestamp is 512540d8 (Wed Feb 20 15:32:08 2013)

 Preferred load address is 0000000180000000

 Start         Length     Name                   Class
 0001:00000000 00043f3cH .text                   CODE
 0001:00043f40 0000005eH .text$00                CODE
 0001:00043fa0 00000091H .text$x                 CODE
 0002:00000000 000004b0H .idata$5                DATA
 0002:000004b0 00000008H .CRT$XCA                DATA
 0002:000004b8 00000008H .CRT$XCZ                DATA
 0002:000004c0 00000008H .CRT$XIA                DATA
 0002:000004c8 00000008H .CRT$XIAA               DATA
 0002:000004d0 00000008H .CRT$XIZ                DATA
 0002:000004e0 00004b6cH .rdata                  DATA
 0002:00005050 00000008H .rtc$IAA                DATA
 0002:00005058 00000008H .rtc$IZZ                DATA
 0002:00005060 00000008H .rtc$TAA                DATA
 0002:00005068 00000008H .rtc$TZZ                DATA
 0002:00005070 00004254H .xdata                  DATA
 0002:000092c4 000000a0H .idata$2                DATA
 0002:00009364 00000014H .idata$3                DATA
 0002:00009378 000004b0H .idata$4                DATA
 0002:00009828 00000aeeH .idata$6                DATA
 0002:0000a320 0000005fH .edata                  DATA
 0003:00000000 00009ee8H .data                   DATA
 0003:00009f00 00002718H .bss                    DATA
 0004:00000000 0000342cH .pdata                  DATA

  Address         Publics by Value              Rva+Base               Lib:Object

 0000:00000000       ___safe_se_handler_count   0000000000000000     <absolute>
 0000:00000000       ___safe_se_handler_table   0000000000000000     <absolute>
 0000:00000000       __ImageBase                0000000180000000     <linker-defined>
 0001:00000000       sf_c1_RadarSystemLevel_lfm_get_eml_resolved_functions_info 0000000180001000 f   c1_RadarSystemLevel_lfm.obj
 0001:000014d0       sf_c1_RadarSystemLevel_lfm_get_check_sum 00000001800024d0 f   c1_RadarSystemLevel_lfm.obj
 0001:00001550       sf_c1_RadarSystemLevel_lfm_get_autoinheritance_info 0000000180002550 f   c1_RadarSystemLevel_lfm.obj
 0001:00001c50       sf_internal_get_sim_state_c1_RadarSystemLevel_lfm 0000000180002c50 f   c1_RadarSystemLevel_lfm.obj
 0001:00001fb0       sf_internal_set_sim_state_c1_RadarSystemLevel_lfm 0000000180002fb0 f   c1_RadarSystemLevel_lfm.obj
 0001:00002440       c1_RadarSystemLevel_lfm_method_dispatcher 0000000180003440 f   c1_RadarSystemLevel_lfm.obj
 0001:00004490       sf_c2_RadarSystemLevel_lfm_get_eml_resolved_functions_info 0000000180005490 f   c2_RadarSystemLevel_lfm.obj
 0001:00009520       sf_c2_RadarSystemLevel_lfm_get_check_sum 000000018000a520 f   c2_RadarSystemLevel_lfm.obj
 0001:000095a0       sf_c2_RadarSystemLevel_lfm_get_autoinheritance_info 000000018000a5a0 f   c2_RadarSystemLevel_lfm.obj
 0001:00009840       sf_internal_get_sim_state_c2_RadarSystemLevel_lfm 000000018000a840 f   c2_RadarSystemLevel_lfm.obj
 0001:00009b90       sf_internal_set_sim_state_c2_RadarSystemLevel_lfm 000000018000ab90 f   c2_RadarSystemLevel_lfm.obj
 0001:0000a020       c2_RadarSystemLevel_lfm_method_dispatcher 000000018000b020 f   c2_RadarSystemLevel_lfm.obj
 0001:0000d700       sf_c3_RadarSystemLevel_lfm_get_eml_resolved_functions_info 000000018000e700 f   c3_RadarSystemLevel_lfm.obj
 0001:0000e320       sf_c3_RadarSystemLevel_lfm_get_check_sum 000000018000f320 f   c3_RadarSystemLevel_lfm.obj
 0001:0000e3a0       sf_c3_RadarSystemLevel_lfm_get_autoinheritance_info 000000018000f3a0 f   c3_RadarSystemLevel_lfm.obj
 0001:0000ebf0       sf_internal_get_sim_state_c3_RadarSystemLevel_lfm 000000018000fbf0 f   c3_RadarSystemLevel_lfm.obj
 0001:0000ef50       sf_internal_set_sim_state_c3_RadarSystemLevel_lfm 000000018000ff50 f   c3_RadarSystemLevel_lfm.obj
 0001:0000f3e0       c3_RadarSystemLevel_lfm_method_dispatcher 00000001800103e0 f   c3_RadarSystemLevel_lfm.obj
 0001:00011930       sf_process_check_sum_call  0000000180012930 f   RadarSystemLevel_lfm_sfun_registry.obj
 0001:00011980       sf_process_autoinheritance_call 0000000180012980 f   RadarSystemLevel_lfm_sfun_registry.obj
 0001:00011b20       sf_process_get_eml_resolved_functions_info_call 0000000180012b20 f   RadarSystemLevel_lfm_sfun_registry.obj
 0001:00011ca0       sf_mex_unlock_call         0000000180012ca0 f   RadarSystemLevel_lfm_sfun_registry.obj
 0001:00011d50       sf_machine_global_initializer_called 0000000180012d50 f   RadarSystemLevel_lfm_sfun_registry.obj
 0001:00011d80       sf_machine_global_method_dispatcher 0000000180012d80 f   RadarSystemLevel_lfm_sfun_registry.obj
 0001:00011de0       sf_machine_global_terminator 0000000180012de0 f   RadarSystemLevel_lfm_sfun_registry.obj
 0001:00011e20       sf_register_machine_exported_symbols 0000000180012e20 f   RadarSystemLevel_lfm_sfun_registry.obj
 0001:00011e40       callCustomFcn              0000000180012e40 f   RadarSystemLevel_lfm_sfun_registry.obj
 0001:00011e50       sf_machine_global_initializer 0000000180012e50 f   RadarSystemLevel_lfm_sfun_registry.obj
 0001:00011ec0       _ssSetStateAbsTol          0000000180012ec0 f   RadarSystemLevel_lfm_sfun_registry.obj
 0001:00011fa0       _ssGetAbsTol               0000000180012fa0 f   RadarSystemLevel_lfm_sfun_registry.obj
 0001:00012010       _ssSetInputPortMatrixDimensions 0000000180013010 f   RadarSystemLevel_lfm_sfun_registry.obj
 0001:00012120       _ssSetOutputPortMatrixDimensions 0000000180013120 f   RadarSystemLevel_lfm_sfun_registry.obj
 0001:00012230       _ssSetInputPortVectorDimension 0000000180013230 f   RadarSystemLevel_lfm_sfun_registry.obj
 0001:000122f0       _ssSetOutputPortVectorDimension 00000001800132f0 f   RadarSystemLevel_lfm_sfun_registry.obj
 0001:000123b0       ssIsRunTimeParamTunable    00000001800133b0 f   RadarSystemLevel_lfm_sfun_registry.obj
 0001:00012420       ssGetSFuncBlockHandle      0000000180013420 f   RadarSystemLevel_lfm_sfun_registry.obj
 0001:00012490       _ssGetCurrentInputPortWidth 0000000180013490 f   RadarSystemLevel_lfm_sfun_registry.obj
 0001:000125b0       _ssGetCurrentOutputPortWidth 00000001800135b0 f   RadarSystemLevel_lfm_sfun_registry.obj
 0001:000126d0       _ssGetCallSystemNumFcnCallDestinations 00000001800136d0 f   RadarSystemLevel_lfm_sfun_registry.obj
 0001:00012740       ssWarning                  0000000180013740 f   RadarSystemLevel_lfm_sfun_registry.obj
 0001:00012820       ssGetIsZeroCrossControlDisabled 0000000180013820 f   RadarSystemLevel_lfm_sfun_registry.obj
 0001:00012890       ssSetIsInputPortUsedForContZcSignal 0000000180013890 f   RadarSystemLevel_lfm_sfun_registry.obj
 0001:00012900       ssSetZcSignalIsZcElementDisc 0000000180013900 f   RadarSystemLevel_lfm_sfun_registry.obj
 0001:00012990       ssSetZcSignalName          0000000180013990 f   RadarSystemLevel_lfm_sfun_registry.obj
 0001:00012a00       ssSetZcSignalWidth         0000000180013a00 f   RadarSystemLevel_lfm_sfun_registry.obj
 0001:00012a70       ssSetZcSignalZcEventType   0000000180013a70 f   RadarSystemLevel_lfm_sfun_registry.obj
 0001:00012ae0       ssSetZcSignalType          0000000180013ae0 f   RadarSystemLevel_lfm_sfun_registry.obj
 0001:00012b50       ssSetZcSignalZcTol         0000000180013b50 f   RadarSystemLevel_lfm_sfun_registry.obj
 0001:00012bc0       ssSetZcSignalNeedsEventNotification 0000000180013bc0 f   RadarSystemLevel_lfm_sfun_registry.obj
 0001:00012c30       ssCreateAndAddZcSignalInfo 0000000180013c30 f   RadarSystemLevel_lfm_sfun_registry.obj
 0001:00012ca0       ssCloneAndAddZcSignalInfo  0000000180013ca0 f   RadarSystemLevel_lfm_sfun_registry.obj
 0001:00012d10       ssGetNumZcSignals          0000000180013d10 f   RadarSystemLevel_lfm_sfun_registry.obj
 0001:00012d80       ssGetZcSignalVector        0000000180013d80 f   RadarSystemLevel_lfm_sfun_registry.obj
 0001:00012df0       ssGetZcSignalZcEvents      0000000180013df0 f   RadarSystemLevel_lfm_sfun_registry.obj
 0001:00012e60       ssGetZcSignalName          0000000180013e60 f   RadarSystemLevel_lfm_sfun_registry.obj
 0001:00012ed0       ssGetZcSignalWidth         0000000180013ed0 f   RadarSystemLevel_lfm_sfun_registry.obj
 0001:00012f40       ssGetZcSignalZcEventType   0000000180013f40 f   RadarSystemLevel_lfm_sfun_registry.obj
 0001:00012fb0       ssGetZcSignalType          0000000180013fb0 f   RadarSystemLevel_lfm_sfun_registry.obj
 0001:00013020       ssGetZcSignalZcTol         0000000180014020 f   RadarSystemLevel_lfm_sfun_registry.obj
 0001:000130a0       ssGetZcSignalNeedsEventNotification 00000001800140a0 f   RadarSystemLevel_lfm_sfun_registry.obj
 0001:00013110       ssGetZcSignalIsZcElementDisc 0000000180014110 f   RadarSystemLevel_lfm_sfun_registry.obj
 0001:00013190       ssGetIsInputPortElementContinuous 0000000180014190 f   RadarSystemLevel_lfm_sfun_registry.obj
 0001:00013210       _ssGetInputPortSignalPtrsFcn 0000000180014210 f   RadarSystemLevel_lfm_sfun_registry.obj
 0001:00013480       _ssGetInputPortSignalFcn   0000000180014480 f   RadarSystemLevel_lfm_sfun_registry.obj
 0001:00013650       _ssSetInputPortDirectFeedThroughFcn 0000000180014650 f   RadarSystemLevel_lfm_sfun_registry.obj
 0001:000137a0       _ssSetInputPortReusableFcn 00000001800147a0 f   RadarSystemLevel_lfm_sfun_registry.obj
 0001:00013890       _ssSetOutputPortReusableFcn 0000000180014890 f   RadarSystemLevel_lfm_sfun_registry.obj
 0001:00013970       ssGetDTypeIdFromMxArray    0000000180014970 f   RadarSystemLevel_lfm_sfun_registry.obj
 0001:00013a90       ssWriteRTWStr              0000000180014a90 f   RadarSystemLevel_lfm_sfun_registry.obj
 0001:00013af0       ssWriteRTWMxVectParam      0000000180014af0 f   RadarSystemLevel_lfm_sfun_registry.obj
 0001:00013b50       ssWriteRTWMx2dMatParam     0000000180014b50 f   RadarSystemLevel_lfm_sfun_registry.obj
 0001:00013bd0       ssWriteRTWNameValuePair    0000000180014bd0 f   RadarSystemLevel_lfm_sfun_registry.obj
 0001:000140b0       ssWriteRTWParameters       00000001800150b0 f   RadarSystemLevel_lfm_sfun_registry.obj
 0001:000146b0       ssWriteRTWParamSettings    00000001800156b0 f   RadarSystemLevel_lfm_sfun_registry.obj
 0001:00014d80       ssWriteRTWWorkVect         0000000180015d80 f   RadarSystemLevel_lfm_sfun_registry.obj
 0001:00015280       mexFunction                0000000180016280 f   RadarSystemLevel_lfm_sfun_registry.obj
 0001:00016f80       ProcessMexSfunctionEveryCall 0000000180017f80 f   RadarSystemLevel_lfm_sfun_registry.obj
 0001:000170f0       RadarSystemLevel_lfm_initializer 00000001800180f0 f   RadarSystemLevel_lfm_sfun.obj
 0001:00017100       RadarSystemLevel_lfm_terminator 0000000180018100 f   RadarSystemLevel_lfm_sfun.obj
 0001:00017110       sf_RadarSystemLevel_lfm_method_dispatcher 0000000180018110 f   RadarSystemLevel_lfm_sfun.obj
 0001:000171a0       sf_RadarSystemLevel_lfm_process_check_sum_call 00000001800181a0 f   RadarSystemLevel_lfm_sfun.obj
 0001:000175e0       sf_RadarSystemLevel_lfm_autoinheritance_info 00000001800185e0 f   RadarSystemLevel_lfm_sfun.obj
 0001:00017800       sf_RadarSystemLevel_lfm_get_eml_resolved_functions_info 0000000180018800 f   RadarSystemLevel_lfm_sfun.obj
 0001:000179c0       RadarSystemLevel_lfm_debug_initialize 00000001800189c0 f   RadarSystemLevel_lfm_sfun.obj
 0001:00017a30       RadarSystemLevel_lfm_register_exported_symbols 0000000180018a30 f   RadarSystemLevel_lfm_sfun.obj
 0001:00017a40       load_RadarSystemLevel_lfm_optimization_info 0000000180018a40 f   RadarSystemLevel_lfm_sfun.obj
 0001:00017a90       unload_RadarSystemLevel_lfm_optimization_info 0000000180018a90 f   RadarSystemLevel_lfm_sfun.obj
 0001:00017bb0       sf_mex_mx_is_numeric       0000000180018bb0 f   sfc_mex:sfc_mex.obj
 0001:00017bf0       strcmp_ignore_ws           0000000180018bf0 f   sfc_mex:sfc_mex.obj
 0001:00017d30       sf_mex_duplicatearraysafe  0000000180018d30 f   sfc_mex:sfc_mex.obj
 0001:00017e90       sf_set_error_debugger_context_message_fcn 0000000180018e90 f   sfc_mex:sfc_mex.obj
 0001:00017ea0       sf_set_debugger_matlab_error_fcn 0000000180018ea0 f   sfc_mex:sfc_mex.obj
 0001:00017ed0       sf_set_error_prefix_string 0000000180018ed0 f   sfc_mex:sfc_mex.obj
 0001:00017f00       sf_get_error_prefix_string 0000000180018f00 f   sfc_mex:sfc_mex.obj
 0001:00017f10       sf_mex_enter_parallel_region 0000000180018f10 f   sfc_mex:sfc_mex.obj
 0001:00017f20       sf_mex_exit_parallel_region 0000000180018f20 f   sfc_mex:sfc_mex.obj
 0001:00017f30       sf_get_current_jmp_buf_ptr 0000000180018f30 f   sfc_mex:sfc_mex.obj
 0001:00017f40       sf_set_current_jmp_buf_ptr 0000000180018f40 f   sfc_mex:sfc_mex.obj
 0001:00017f50       sf_mex_set_halt_simulation 0000000180018f50 f   sfc_mex:sfc_mex.obj
 0001:00017f60       sf_mex_get_halt_simulation 0000000180018f60 f   sfc_mex:sfc_mex.obj
 0001:00017f70       sf_mex_clear_error_message 0000000180018f70 f   sfc_mex:sfc_mex.obj
 0001:00017f90       sf_mex_get_error_message_for_read 0000000180018f90 f   sfc_mex:sfc_mex.obj
 0001:00017fa0       sf_mex_get_error_message_buffer_length 0000000180018fa0 f   sfc_mex:sfc_mex.obj
 0001:00018080       sf_mex_warning_message     0000000180019080 f   sfc_mex:sfc_mex.obj
 0001:000180f0       sf_mex_v_errbuf_createf    00000001800190f0 f   sfc_mex:sfc_mex.obj
 0001:00018100       sf_mex_errbuf_createf      0000000180019100 f   sfc_mex:sfc_mex.obj
 0001:00018130       sf_mex_v_errbuf_catf       0000000180019130 f   sfc_mex:sfc_mex.obj
 0001:00018170       sf_mex_errbuf_catf         0000000180019170 f   sfc_mex:sfc_mex.obj
 0001:000181c0       sf_mex_errbuf_copy         00000001800191c0 f   sfc_mex:sfc_mex.obj
 0001:000181d0       sf_mex_errbuf_clear        00000001800191d0 f   sfc_mex:sfc_mex.obj
 0001:000181e0       sf_mex_errbuf_isempty      00000001800191e0 f   sfc_mex:sfc_mex.obj
 0001:000182f0       sf_mex_set_error_status    00000001800192f0 f   sfc_mex:sfc_mex.obj
 0001:00018340       sf_mex_error_direct_call   0000000180019340 f   sfc_mex:sfc_mex.obj
 0001:00018360       sf_mex_error_message_no_long_jump 0000000180019360 f   sfc_mex:sfc_mex.obj
 0001:00018380       sf_mex_long_jump_on_error  0000000180019380 f   sfc_mex:sfc_mex.obj
 0001:000183b0       sf_mex_call_matlab         00000001800193b0 f   sfc_mex:sfc_mex.obj
 0001:000184d0       sf_mex_check_builtin       00000001800194d0 f   sfc_mex:sfc_mex.obj
 0001:00018570       sf_mex_check_builtin_vs    0000000180019570 f   sfc_mex:sfc_mex.obj
 0001:00018630       sf_mex_check_enum          0000000180019630 f   sfc_mex:sfc_mex.obj
 0001:000186b0       sf_mex_create_enum         00000001800196b0 f   sfc_mex:sfc_mex.obj
 0001:00018720       sf_mex_get_enum_element    0000000180019720 f   sfc_mex:sfc_mex.obj
 0001:00018730       sf_mex_createcellarray     0000000180019730 f   sfc_mex:sfc_mex.obj
 0001:00018740       sf_mex_setcell             0000000180019740 f   sfc_mex:sfc_mex.obj
 0001:00018750       sf_mex_getcell             0000000180019750 f   sfc_mex:sfc_mex.obj
 0001:00018760       sf_mex_dup                 0000000180019760 f   sfc_mex:sfc_mex.obj
 0001:00018780       sf_mex_assign              0000000180019780 f   sfc_mex:sfc_mex.obj
 0001:00018800       sf_mex_destroy             0000000180019800 f   sfc_mex:sfc_mex.obj
 0001:00018830       mx_array_has_fi_type       0000000180019830 f   sfc_mex:sfc_mex.obj
 0001:00018860       sf_mex_convert_from_fi     0000000180019860 f   sfc_mex:sfc_mex.obj
 0001:00018990       sf_mex_convert_to_double   0000000180019990 f   sfc_mex:sfc_mex.obj
 0001:00018ab0       sf_mex_import_fi_vs        0000000180019ab0 f   sfc_mex:sfc_mex.obj
 0001:00018c70       sf_matrix_matrix_index_ok  0000000180019c70 f   sfc_mex:sfc_mex.obj
 0001:00018d00       sf_vector_vector_index_ok  0000000180019d00 f   sfc_mex:sfc_mex.obj
 0001:00018d30       ssGetCurrentInputPortDimensions_wrapper 0000000180019d30 f   sfc_mex:sfc_mex.obj
 0001:00018d50       ssGetCurrentOutputPortDimensions_wrapper 0000000180019d50 f   sfc_mex:sfc_mex.obj
 0001:00018d70       sf_mex_emlrt_context_is_debug_mode 0000000180019d70 f   sfc_mex:sfc_mex.obj
 0001:00018d80       sf_mex_emlrt_context_set_debug_mode 0000000180019d80 f   sfc_mex:sfc_mex.obj
 0001:00018d90       sf_mex_emlrtNameCapturePostProcessR2012a 0000000180019d90 f   sfc_mex:sfc_mex.obj
 0001:00018e00       sf_clear_error_manager_info 0000000180019e00 f   sfc_mex:sfc_mex.obj
 0001:00018e60       sf_mex_stop_simulation_abruptly_wo_error 0000000180019e60 f   sfc_mex:sfc_mex.obj
 0001:00018ea0       sf_mex_error_message       0000000180019ea0 f   sfc_mex:sfc_mex.obj
 0001:00018f00       sf_react_to_error_in_matlab_call 0000000180019f00 f   sfc_mex:sfc_mex.obj
 0001:00018f30       sf_mex_addfield            0000000180019f30 f   sfc_mex:sfc_mex.obj
 0001:00018fd0       sf_mex_getfield            0000000180019fd0 f   sfc_mex:sfc_mex.obj
 0001:000192d0       sf_mex_check_class         000000018001a2d0 f   sfc_mex:sfc_mex.obj
 0001:00019370       sf_mex_is_real             000000018001a370 f   sfc_mex:sfc_mex.obj
 0001:000197e0       sf_mex_decode_encoded_mx_struct_array 000000018001a7e0 f   sfc_mex:sfc_mex.obj
 0001:00019ac0       sf_mex_lw_bounds_check     000000018001aac0 f   sfc_mex:sfc_mex.obj
 0001:00019af0       sf_mex_lw_size_eq_check_1d 000000018001aaf0 f   sfc_mex:sfc_mex.obj
 0001:00019b10       sf_mex_lw_size_eq_check_nd 000000018001ab10 f   sfc_mex:sfc_mex.obj
 0001:00019cf0       sf_mex_lw_dim_size_eq_check 000000018001acf0 f   sfc_mex:sfc_mex.obj
 0001:00019d20       sf_mex_lw_dim_size_geq_check 000000018001ad20 f   sfc_mex:sfc_mex.obj
 0001:00019d50       sf_mex_lw_sub_assign_size_check_nd 000000018001ad50 f   sfc_mex:sfc_mex.obj
 0001:00019f80       sf_mex_lw_runtime_error_msgid 000000018001af80 f   sfc_mex:sfc_mex.obj
 0001:0001a070       sf_mex_lw_matrix_matrix_index_check 000000018001b070 f   sfc_mex:sfc_mex.obj
 0001:0001a090       sf_mex_lw_vector_vector_index_check 000000018001b090 f   sfc_mex:sfc_mex.obj
 0001:0001a0d0       sf_mex_lw_for_loop_vector_check 000000018001b0d0 f   sfc_mex:sfc_mex.obj
 0001:0001a160       sf_mex_lw_non_negative_check 000000018001b160 f   sfc_mex:sfc_mex.obj
 0001:0001a1a0       sf_mex_overflow_error      000000018001b1a0 f   sfc_mex:sfc_mex.obj
 0001:0001a1b0       sf_mex_dividebyzero_error  000000018001b1b0 f   sfc_mex:sfc_mex.obj
 0001:0001a1c0       sf_mex_unsafe_enum_error   000000018001b1c0 f   sfc_mex:sfc_mex.obj
 0001:0001a1d0       sf_emlrtErrHandler         000000018001b1d0 f   sfc_mex:sfc_mex.obj
 0001:0001a2b0       sf_mex_size_one_check      000000018001b2b0 f   sfc_mex:sfc_mex.obj
 0001:0001a2d0       sf_mex_printf              000000018001b2d0 f   sfc_mex:sfc_mex.obj
 0001:0001a4a0       sf_mex_check_size          000000018001b4a0 f   sfc_mex:sfc_mex.obj
 0001:0001a770       sf_mex_check_struct        000000018001b770 f   sfc_mex:sfc_mex.obj
 0001:0001a9d0       sf_mex_check_struct_vs     000000018001b9d0 f   sfc_mex:sfc_mex.obj
 0001:0001aa60       sf_mex_check_fi            000000018001ba60 f   sfc_mex:sfc_mex.obj
 0001:0001ab60       sf_mex_check_fi_vs         000000018001bb60 f   sfc_mex:sfc_mex.obj
 0001:0001ac00       sf_echo_expression         000000018001bc00 f   sfc_mex:sfc_mex.obj
 0001:0001ac60       sf_assertion_failed        000000018001bc60 f   sfc_mex:sfc_mex.obj
 0001:0001af40       sf_mex_evalin              000000018001bf40 f   sfc_mex:sfc_mex.obj
 0001:0001b1b0       sf_mex_export              000000018001c1b0 f   sfc_mex:sfc_mex.obj
 0001:0001b270       sf_mex_get_ml_var_no_error 000000018001c270 f   sfc_mex:sfc_mex.obj
 0001:0001b410       sf_mex_get_ml_var          000000018001c410 f   sfc_mex:sfc_mex.obj
 0001:0001b8b0       ml_set_element_value_in_array 000000018001c8b0 f   sfc_mex:sfc_mex.obj
 0001:0001cf80       sf_mex_call_impl           000000018001df80 f   sfc_mex:sfc_mex.obj
 0001:0001d4b0       sf_mex_call_debug          000000018001e4b0 f   sfc_mex:sfc_mex.obj
 0001:0001d4e0       sf_mex_call                000000018001e4e0 f   sfc_mex:sfc_mex.obj
 0001:0001db30       sf_mex_createstruct        000000018001eb30 f   sfc_mex:sfc_mex.obj
 0001:0001dc20       sf_mex_createstructarray   000000018001ec20 f   sfc_mex:sfc_mex.obj
 0001:0001dca0       sf_mex_get_mx_datatype_from_sf_datatype 000000018001eca0 f   sfc_mex:sfc_mex.obj
 0001:0001dfb0       sf_mex_ml_var_sub          000000018001efb0 f   sfc_mex:sfc_mex.obj
 0001:0001e180       sf_mex_ml_var_subsasgn     000000018001f180 f   sfc_mex:sfc_mex.obj
 0001:0001e570       sf_mex_sub                 000000018001f570 f   sfc_mex:sfc_mex.obj
 0001:0001e770       sf_mex_subsasgn            000000018001f770 f   sfc_mex:sfc_mex.obj
 0001:0001ec50       sf_mex_create              000000018001fc50 f   sfc_mex:sfc_mex.obj
 0001:0001f6a0       sf_mex_import_named        00000001800206a0 f   sfc_mex:sfc_mex.obj
 0001:0001f700       sf_mex_import              0000000180020700 f   sfc_mex:sfc_mex.obj
 0001:0001f750       sf_mex_import_vs           0000000180020750 f   sfc_mex:sfc_mex.obj
 0001:0001f860       sf_mex_lower_fixpt_mx_array 0000000180020860 f   sfc_mex:sfc_mex.obj
 0001:0001fb50       sf_send_message_wrapper    0000000180020b50 f   sfc_mex:sfc_sf.obj
 0001:0001fb80       sf_receive_message_wrapper 0000000180020b80 f   sfc_mex:sfc_sf.obj
 0001:0001fbc0       sf_check_out_message_wrapper 0000000180020bc0 f   sfc_mex:sfc_sf.obj
 0001:0001fc00       sf_check_in_message_wrapper 0000000180020c00 f   sfc_mex:sfc_sf.obj
 0001:0001fc40       sf_no_message_wrapper      0000000180020c40 f   sfc_mex:sfc_sf.obj
 0001:0001ffd0       sim_mode_is_rtw_gen        0000000180020fd0 f   sfc_mex:sfc_sf.obj
 0001:00020000       sim_mode_is_external       0000000180021000 f   sfc_mex:sfc_sf.obj
 0001:00020010       sim_mode_is_modelref_sim   0000000180021010 f   sfc_mex:sfc_sf.obj
 0001:00020030       mdlInitializeSizes         0000000180021030 f   sfc_mex:sfc_sf.obj
 0001:00020050       mdlInitializeSampleTimes   0000000180021050 f   sfc_mex:sfc_sf.obj
 0001:00020090       mdlZeroCrossings           0000000180021090 f   sfc_mex:sfc_sf.obj
 0001:00020170       mdlDerivatives             0000000180021170 f   sfc_mex:sfc_sf.obj
 0001:00020220       mdl_initialize_conditions_processing 0000000180021220 f   sfc_mex:sfc_sf.obj
 0001:00020250       mdlInitializeConditions    0000000180021250 f   sfc_mex:sfc_sf.obj
 0001:00020310       mdlGetSimState             0000000180021310 f   sfc_mex:sfc_sf.obj
 0001:00020320       mdlSetSimState             0000000180021320 f   sfc_mex:sfc_sf.obj
 0001:00020330       mdl_ext_mode_exec_processing 0000000180021330 f   sfc_mex:sfc_sf.obj
 0001:00020350       mdlExtModeExec             0000000180021350 f   sfc_mex:sfc_sf.obj
 0001:000204e0       mdlTerminate               00000001800214e0 f   sfc_mex:sfc_sf.obj
 0001:00020550       mdlRTW                     0000000180021550 f   sfc_mex:sfc_sf.obj
 0001:00020580       mdlSetWorkWidths           0000000180021580 f   sfc_mex:sfc_sf.obj
 0001:00020590       mdlProcessParameters       0000000180021590 f   sfc_mex:sfc_sf.obj
 0001:000205a0       mdl_start_processing       00000001800215a0 f   sfc_mex:sfc_sf.obj
 0001:00020600       mdlStart                   0000000180021600 f   sfc_mex:sfc_sf.obj
 0001:00020710       mdlEnable                  0000000180021710 f   sfc_mex:sfc_sf.obj
 0001:000207e0       mdlDisable                 00000001800217e0 f   sfc_mex:sfc_sf.obj
 0001:00020890       sf_get_chart_instance_ptr  0000000180021890 f   sfc_mex:sfc_sf.obj
 0001:000208b0       sf_load_rtw_optimization_info 00000001800218b0 f   sfc_mex:sfc_sf.obj
 0001:00020980       sf_rtw_info_uint_prop      0000000180021980 f   sfc_mex:sfc_sf.obj
 0001:00020ac0       sf_is_chart_inlinable      0000000180021ac0 f   sfc_mex:sfc_sf.obj
 0001:00020ae0       sf_mark_output_events_with_multiple_callers 0000000180021ae0 f   sfc_mex:sfc_sf.obj
 0001:00020c70       sf_mark_chart_reusable_outputs 0000000180021c70 f   sfc_mex:sfc_sf.obj
 0001:00020ed0       sf_mark_chart_expressionable_inputs 0000000180021ed0 f   sfc_mex:sfc_sf.obj
 0001:00021130       sf_get_subchart_simstruct  0000000180022130 f   sfc_mex:sfc_sf.obj
 0001:00021180       sf_get_fixpt_data_type_id  0000000180022180 f   sfc_mex:sfc_sf.obj
 0001:000211c0       sf_get_enum_data_type_id   00000001800221c0 f   sfc_mex:sfc_sf.obj
 0001:00021200       sf_get_param_data_type_id  0000000180022200 f   sfc_mex:sfc_sf.obj
 0001:00021230       sf_mex_listen_for_ctrl_c_force 0000000180022230 f   sfc_mex:sfc_sf.obj
 0001:00021340       sf_mex_draw_now            0000000180022340 f   sfc_mex:sfc_sf.obj
 0001:00021380       sf_mex_set_debugger_sim_status_listener_fcn 0000000180022380 f   sfc_mex:sfc_sf.obj
 0001:00021390       sf_mex_listen_for_ctrl_c   0000000180022390 f   sfc_mex:sfc_sf.obj
 0001:00021420       sf_mex_get_sfun_param      0000000180022420 f   sfc_mex:sfc_sf.obj
 0001:00021470       sf_get_runtime_param_data  0000000180022470 f   sfc_mex:sfc_sf.obj
 0001:000214b0       sf_call_output_fcn_call    00000001800224b0 f   sfc_mex:sfc_sf.obj
 0001:000215f0       sf_call_output_fcn_enable  00000001800225f0 f   sfc_mex:sfc_sf.obj
 0001:00021680       sf_call_output_fcn_disable 0000000180022680 f   sfc_mex:sfc_sf.obj
 0001:00021710       sf_clear_rtw_identifier    0000000180022710 f   sfc_mex:sfc_sf.obj
 0001:00021f00       sf_set_encoded_dwork_info  0000000180022f00 f   sfc_mex:sfc_sf.obj
 0001:00021f50       sf_get_dwork_info_from_mat_file 0000000180022f50 f   sfc_mex:sfc_sf.obj
 0001:00022110       sf_set_rtw_dwork_info      0000000180023110 f   sfc_mex:sfc_sf.obj
 0001:00022280       mdlOutputs                 0000000180023280 f   sfc_mex:sfc_sf.obj
 0001:00022420       sf_debug_disp              0000000180023420 f   sfc_debug:sfcdebug.obj
 0001:00022680       sf_debug_data_runtime_size_mismatch_error_check 0000000180023680 f   sfc_debug:sfcdebug.obj
 0001:00022720       sf_debug_try_loading_machine 0000000180023720 f   sfc_debug:sfcdebug.obj
 0001:00022820       sf_debug_reset_current_state_configuration 0000000180023820 f   sfc_debug:sfcdebug.obj
 0001:000228b0       sf_debug_store_current_state_configuration 00000001800238b0 f   sfc_debug:sfcdebug.obj
 0001:00022940       sf_debug_restore_previous_state_configuration 0000000180023940 f   sfc_debug:sfcdebug.obj
 0001:000229d0       sf_debug_restore_previous_state_configuration2 00000001800239d0 f   sfc_debug:sfcdebug.obj
 0001:00022a60       sf_debug_get_event_scope   0000000180023a60 f   sfc_debug:sfcdebug.obj
 0001:00022bd0       use_debugger_step_animation 0000000180023bd0 f   sfc_debug:sfcdebug.obj
 0001:00022bf0       sf_debug_get_script_id     0000000180023bf0 f   sfc_debug:sfcdebug.obj
 0001:00022c80       sf_debug_set_script_translation 0000000180023c80 f   sfc_debug:sfcdebug.obj
 0001:00022e00       sf_debug_extract_message_post_receive_info 0000000180023e00 f   sfc_debug:sfcdebug.obj
 0001:00022f00       sf_debug_get_current_machine_id 0000000180023f00 f   sfc_debug:sfcdebug.obj
 0001:00022f20       sf_debug_get_current_optional_integer 0000000180023f20 f   sfc_debug:sfcdebug.obj
 0001:00022f30       sf_debug_get_current_machine_number 0000000180023f30 f   sfc_debug:sfcdebug.obj
 0001:00022f50       sf_debug_get_current_machine_name 0000000180023f50 f   sfc_debug:sfcdebug.obj
 0001:00022f70       sf_debug_get_current_chart_id 0000000180023f70 f   sfc_debug:sfcdebug.obj
 0001:00022fc0       sf_debug_get_current_chart_number 0000000180023fc0 f   sfc_debug:sfcdebug.obj
 0001:00022fd0       sf_debug_get_current_instance_number 0000000180023fd0 f   sfc_debug:sfcdebug.obj
 0001:00022fe0       sf_debug_get_current_is_minor_time_step 0000000180023fe0 f   sfc_debug:sfcdebug.obj
 0001:00023060       sf_debug_get_current_object_type 0000000180024060 f   sfc_debug:sfcdebug.obj
 0001:00023070       sf_debug_get_current_instance_handle 0000000180024070 f   sfc_debug:sfcdebug.obj
 0001:000230d0       sf_debug_get_current_event_type 00000001800240d0 f   sfc_debug:sfcdebug.obj
 0001:000230e0       sf_debug_get_current_object_id 00000001800240e0 f   sfc_debug:sfcdebug.obj
 0001:00023120       sf_debug_get_current_active_event_type 0000000180024120 f   sfc_debug:sfcdebug.obj
 0001:00023130       sf_debug_get_current_active_event_id 0000000180024130 f   sfc_debug:sfcdebug.obj
 0001:00023170       sf_debug_get_current_tag_type 0000000180024170 f   sfc_debug:sfcdebug.obj
 0001:00023180       sf_debug_get_current_simulation_time 0000000180024180 f   sfc_debug:sfcdebug.obj
 0001:00023190       sf_debug_get_current_coverage_percentage 0000000180024190 f   sfc_debug:sfcdebug.obj
 0001:000231a0       sf_debug_current_statement_context 00000001800241a0 f   sfc_debug:sfcdebug.obj
 0001:00023230       sf_debug_get_current_statement_info 0000000180024230 f   sfc_debug:sfcdebug.obj
 0001:000233b0       sf_debug_terminate_instance 00000001800243b0 f   sfc_debug:sfcdebug.obj
 0001:000236f0       sf_debug_assertion_failed  00000001800246f0 f   sfc_debug:sfcdebug.obj
 0001:00023950       sf_debug_set_number_of_data_with_change_event_for_machine 0000000180024950 f   sfc_debug:sfcdebug.obj
 0001:00023990       sf_debug_set_machine_event_thresholds 0000000180024990 f   sfc_debug:sfcdebug.obj
 0001:000239b0       sf_debug_set_machine_event_scope 00000001800249b0 f   sfc_debug:sfcdebug.obj
 0001:000239f0       sf_debug_set_machine_data_thresholds 00000001800249f0 f   sfc_debug:sfcdebug.obj
 0001:00023a30       sf_debug_set_machine_data_scope 0000000180024a30 f   sfc_debug:sfcdebug.obj
 0001:00023ac0       sf_debug_set_machine_data_name 0000000180024ac0 f   sfc_debug:sfcdebug.obj
 0001:00023b60       sf_debug_set_machine_data_size 0000000180024b60 f   sfc_debug:sfcdebug.obj
 0001:00023ca0       sf_debug_set_machine_data_type 0000000180024ca0 f   sfc_debug:sfcdebug.obj
 0001:00023e10       sf_debug_get_chart_data_number 0000000180024e10 f   sfc_debug:sfcdebug.obj
 0001:00023e30       sf_debug_get_chart_event_number 0000000180024e30 f   sfc_debug:sfcdebug.obj
 0001:00023e50       sf_debug_set_chart_state_info 0000000180024e50 f   sfc_debug:sfcdebug.obj
 0001:00023ed0       sf_debug_set_chart_decomposition 0000000180024ed0 f   sfc_debug:sfcdebug.obj
 0001:00023f40       sf_debug_set_chart_substate_count 0000000180024f40 f   sfc_debug:sfcdebug.obj
 0001:00024020       sf_debug_set_chart_substate_index 0000000180025020 f   sfc_debug:sfcdebug.obj
 0001:00024090       sf_debug_set_chart_state_substate_count 0000000180025090 f   sfc_debug:sfcdebug.obj
 0001:000241a0       sf_debug_set_chart_state_substate_index 00000001800251a0 f   sfc_debug:sfcdebug.obj
 0001:00024220       sf_debug_set_number_of_data_with_change_event_for_chart 0000000180025220 f   sfc_debug:sfcdebug.obj
 0001:000242a0       sf_debug_set_number_of_states_with_entry_event_for_chart 00000001800252a0 f   sfc_debug:sfcdebug.obj
 0001:00024310       sf_debug_set_number_of_states_with_exit_event_for_chart 0000000180025310 f   sfc_debug:sfcdebug.obj
 0001:00024380       sf_debug_set_chart_disable_implicit_casting 0000000180025380 f   sfc_debug:sfcdebug.obj
 0001:000243f0       sf_debug_set_chart_event_thresholds 00000001800253f0 f   sfc_debug:sfcdebug.obj
 0001:00024460       sf_debug_set_chart_data_compiled_props 0000000180025460 f   sfc_debug:sfcdebug.obj
 0001:000247b0       sf_debug_set_chart_data_props 00000001800257b0 f   sfc_debug:sfcdebug.obj
 0001:00024ad0       sf_debug_check_fi_license  0000000180025ad0 f   sfc_debug:sfcdebug.obj
 0001:00024cc0       sf_debug_symbol_scope_push 0000000180025cc0 f   sfc_debug:sfcdebug.obj
 0001:00024d00       sf_debug_symbol_scope_push_eml 0000000180025d00 f   sfc_debug:sfcdebug.obj
 0001:00024d50       sf_debug_symbol_scope_pop  0000000180025d50 f   sfc_debug:sfcdebug.obj
 0001:00024d90       sf_debug_symbol_scope_add_importable 0000000180025d90 f   sfc_debug:sfcdebug.obj
 0001:00024e10       sf_debug_symbol_scope_add  0000000180025e10 f   sfc_debug:sfcdebug.obj
 0001:00024e90       sf_debug_symbol_scope_add_dyn_importable 0000000180025e90 f   sfc_debug:sfcdebug.obj
 0001:00024f50       sf_debug_symbol_scope_add_dyn 0000000180025f50 f   sfc_debug:sfcdebug.obj
 0001:00024f80       sf_debug_symbol_scope_add_eml_importable 0000000180025f80 f   sfc_debug:sfcdebug.obj
 0001:00024fc0       sf_debug_symbol_scope_add_eml 0000000180025fc0 f   sfc_debug:sfcdebug.obj
 0001:00025000       sf_debug_symbol_scope_add_eml_dyn_importable 0000000180026000 f   sfc_debug:sfcdebug.obj
 0001:00025070       sf_debug_symbol_scope_add_eml_dyn 0000000180026070 f   sfc_debug:sfcdebug.obj
 0001:000250d0       sf_debug_symbol_switch     00000001800260d0 f   sfc_debug:sfcdebug.obj
 0001:000250f0       sf_debug_symbol_scope_add_verbose 00000001800260f0 f   sfc_debug:sfcdebug.obj
 0001:000251c0       sf_debug_set_machine_data_value_ptr 00000001800261c0 f   sfc_debug:sfcdebug.obj
 0001:00025200       sf_debug_set_instance_data_value_ptr 0000000180026200 f   sfc_debug:sfcdebug.obj
 0001:000252c0       sf_debug_unset_instance_data_value_ptr 00000001800262c0 f   sfc_debug:sfcdebug.obj
 0001:00025370       sf_debug_set_chart_event_scope 0000000180026370 f   sfc_debug:sfcdebug.obj
 0001:000253f0       sf_debug_set_chart_transition_coverage_maps 00000001800263f0 f   sfc_debug:sfcdebug.obj
 0001:00025500       sf_debug_set_chart_state_coverage_maps 0000000180026500 f   sfc_debug:sfcdebug.obj
 0001:000255e0       sf_debug_set_instance_transition_coverage_weights 00000001800265e0 f   sfc_debug:sfcdebug.obj
 0001:00025680       sf_debug_set_instance_state_coverage_weights 0000000180026680 f   sfc_debug:sfcdebug.obj
 0001:000258d0       sf_debug_unload_machine    00000001800268d0 f   sfc_debug:sfcdebug.obj
 0001:00025920       sf_debug_load_machine      0000000180026920 f   sfc_debug:sfcdebug.obj
 0001:00025a20       sf_debug_set_active_instance_in_data_dictionary 0000000180026a20 f   sfc_debug:sfcdebug.obj
 0001:00025c00       sf_debug_set_active_instance 0000000180026c00 f   sfc_debug:sfcdebug.obj
 0001:00025d60       sf_debug_chart_visiblity_change 0000000180026d60 f   sfc_debug:sfcdebug.obj
 0001:00025e60       sf_debug_select_chart      0000000180026e60 f   sfc_debug:sfcdebug.obj
 0001:00025fd0       sf_debug_set_instance_cv_ids 0000000180026fd0 f   sfc_debug:sfcdebug.obj
 0001:000262e0       sf_debug_select_charts     00000001800272e0 f   sfc_debug:sfcdebug.obj
 0001:00026470       sf_debug_initialized       0000000180027470 f   sfc_debug:sfcdebug.obj
 0001:00026480       sf_debug_is_uninterruptible 0000000180027480 f   sfc_debug:sfcdebug.obj
 0001:000264b0       sf_debug_initialize_debugger_gui 00000001800274b0 f   sfc_debug:sfcdebug.obj
 0001:000268a0       sf_debug_resume            00000001800278a0 f   sfc_debug:sfcdebug.obj
 0001:000268c0       sf_debug_go                00000001800278c0 f   sfc_debug:sfcdebug.obj
 0001:000268d0       sf_debug_break             00000001800278d0 f   sfc_debug:sfcdebug.obj
 0001:000268e0       sf_debug_step_over         00000001800278e0 f   sfc_debug:sfcdebug.obj
 0001:000268f0       sf_debug_step_out          00000001800278f0 f   sfc_debug:sfcdebug.obj
 0001:00026900       sf_debug_set_disable_all_breakpoints 0000000180027900 f   sfc_debug:sfcdebug.obj
 0001:00026910       sf_debug_disable_all_breakpoints_and_go 0000000180027910 f   sfc_debug:sfcdebug.obj
 0001:00026920       sf_debug_break_on_chart_entry 0000000180027920 f   sfc_debug:sfcdebug.obj
 0001:00026930       sf_debug_break_on_event_broadcast 0000000180027930 f   sfc_debug:sfcdebug.obj
 0001:00026940       sf_debug_break_on_state_entry 0000000180027940 f   sfc_debug:sfcdebug.obj
 0001:00026950       sf_debug_break_between_times 0000000180027950 f   sfc_debug:sfcdebug.obj
 0001:00026970       sf_debug_browse_data       0000000180027970 f   sfc_debug:sfcdebug.obj
 0001:00026990       sf_debug_watch_data        0000000180027990 f   sfc_debug:sfcdebug.obj
 0001:000269b0       sf_debug_assign_data       00000001800279b0 f   sfc_debug:sfcdebug.obj
 0001:000269d0       sf_debug_whos              00000001800279d0 f   sfc_debug:sfcdebug.obj
 0001:000269f0       sf_debug_get_consistency_info 00000001800279f0 f   sfc_debug:sfcdebug.obj
 0001:00026a00       sf_debug_browse_trace      0000000180027a00 f   sfc_debug:sfcdebug.obj
 0001:00026a10       sf_debug_set_breakpoints   0000000180027a10 f   sfc_debug:sfcdebug.obj
 0001:00026b70       sf_debug_set_eml_breakpoints 0000000180027b70 f   sfc_debug:sfcdebug.obj
 0001:00026cd0       sf_debug_set_script_breakpoints 0000000180027cd0 f   sfc_debug:sfcdebug.obj
 0001:00026d50       sf_debug_add_script_breakpoints 0000000180027d50 f   sfc_debug:sfcdebug.obj
 0001:00026dc0       sf_debug_clear_script_breakpoints 0000000180027dc0 f   sfc_debug:sfcdebug.obj
 0001:00026e30       sf_debug_query_script_breakpoints 0000000180027e30 f   sfc_debug:sfcdebug.obj
 0001:00026ef0       sf_debug_get_eml_script_id 0000000180027ef0 f   sfc_debug:sfcdebug.obj
 0001:00026f40       sf_debug_set_watch         0000000180027f40 f   sfc_debug:sfcdebug.obj
 0001:00027170       sf_debug_get_instance_handle 0000000180028170 f   sfc_debug:sfcdebug.obj
 0001:00027200       sf_debug_get_active_states 0000000180028200 f   sfc_debug:sfcdebug.obj
 0001:00027210       sf_debug_get_animation     0000000180028210 f   sfc_debug:sfcdebug.obj
 0001:00027220       sf_debug_set_animation     0000000180028220 f   sfc_debug:sfcdebug.obj
 0001:00027230       sf_debug_animate           0000000180028230 f   sfc_debug:sfcdebug.obj
 0001:00027260       sf_debug_cycle_detection_check 0000000180028260 f   sfc_debug:sfcdebug.obj
 0001:00027270       sf_debug_data_range_check  0000000180028270 f   sfc_debug:sfcdebug.obj
 0001:00027280       sf_debug_transition_conflict_check 0000000180028280 f   sfc_debug:sfcdebug.obj
 0001:00027290       sf_debug_state_consistency_check 0000000180028290 f   sfc_debug:sfcdebug.obj
 0001:000272a0       sf_debug_data_range_check_enabled 00000001800282a0 f   sfc_debug:sfcdebug.obj
 0001:000272c0       sf_debug_transition_conflict_check_enabled 00000001800282c0 f   sfc_debug:sfcdebug.obj
 0001:000272e0       sf_debug_transition_conflict_check_begin 00000001800282e0 f   sfc_debug:sfcdebug.obj
 0001:00027300       sf_debug_transition_conflict_check_end 0000000180028300 f   sfc_debug:sfcdebug.obj
 0001:00027320       sf_debug_stop_debugging    0000000180028320 f   sfc_debug:sfcdebug.obj
 0001:00027350       sf_debug_is_cycle_detected 0000000180028350 f   sfc_debug:sfcdebug.obj
 0001:00027360       sf_debug_is_array_bounds_detected 0000000180028360 f   sfc_debug:sfcdebug.obj
 0001:00027370       sf_debug_get_state_vectors_data_size 0000000180028370 f   sfc_debug:sfcdebug.obj
 0001:000273b0       sf_debug_get_state_vectors_data 00000001800283b0 f   sfc_debug:sfcdebug.obj
 0001:000274b0       sf_debug_set_state_vectors_data 00000001800284b0 f   sfc_debug:sfcdebug.obj
 0001:00027770       sf_debug_get_script_index  0000000180028770 f   sfc_debug:sfcdebug.obj
 0001:00027900       sf_debug_add_script        0000000180028900 f   sfc_debug:sfcdebug.obj
 0001:00027a90       cv_eval_point              0000000180028a90 f   sfc_debug:sfcdebug.obj
 0001:00027c00       cv_eval_testobjective      0000000180028c00 f   sfc_debug:sfcdebug.obj
 0001:00027d20       sf_debug_cv_init_state     0000000180028d20 f   sfc_debug:sfcdebug.obj
 0001:00027e40       sf_debug_cv_init_chart     0000000180028e40 f   sfc_debug:sfcdebug.obj
 0001:00027f20       sf_debug_cv_init_trans     0000000180028f20 f   sfc_debug:sfcdebug.obj
 0001:00028020       sf_debug_cv_init_testobjectives 0000000180029020 f   sfc_debug:sfcdebug.obj
 0001:00028200       cv_eml_init_script         0000000180029200 f   sfc_debug:sfcdebug.obj
 0001:00028310       cv_eml_init_fcn            0000000180029310 f   sfc_debug:sfcdebug.obj
 0001:000283c0       cv_eml_init_testobjective  00000001800293c0 f   sfc_debug:sfcdebug.obj
 0001:00028490       cv_eml_init_saturation     0000000180029490 f   sfc_debug:sfcdebug.obj
 0001:00028550       cv_eml_init_if             0000000180029550 f   sfc_debug:sfcdebug.obj
 0001:00028620       cv_eml_init_for            0000000180029620 f   sfc_debug:sfcdebug.obj
 0001:000286e0       cv_eml_init_while          00000001800296e0 f   sfc_debug:sfcdebug.obj
 0001:000287a0       cv_eml_init_mcdc           00000001800297a0 f   sfc_debug:sfcdebug.obj
 0001:000288b0       cv_eml_init_switch         00000001800298b0 f   sfc_debug:sfcdebug.obj
 0001:000289a0       cv_eml_eval                00000001800299a0 f   sfc_debug:sfcdebug.obj
 0001:00028a80       sf_debug_bm_is_a_eml_breakpoint 0000000180029a80 f   sfc_debug:sfcdebug.obj
 0001:00028bd0       sf_debug_temporal_threshold 0000000180029bd0 f   sfc_debug:sfcdebug.obj
 0001:00028f30       sf_debug_transition_conflict_error 0000000180029f30 f   sfc_debug:sfcdebug.obj
 0001:000292b0       sf_debug_state_inconsistency_error 000000018002a2b0 f   sfc_debug:sfcdebug.obj
 0001:000293d0       sf_debug_check_for_state_inconsistency 000000018002a3d0 f   sfc_debug:sfcdebug.obj
 0001:00029400       sf_debug_cycle_detecton_error 000000018002a400 f   sfc_debug:sfcdebug.obj
 0001:00029bd0       sf_debug_size_eq_check_1d  000000018002abd0 f   sfc_debug:sfcdebug.obj
 0001:00029bf0       sf_debug_size_eq_check_nd  000000018002abf0 f   sfc_debug:sfcdebug.obj
 0001:00029dd0       sf_debug_dim_size_eq_check 000000018002add0 f   sfc_debug:sfcdebug.obj
 0001:00029e00       sf_debug_dim_size_geq_check 000000018002ae00 f   sfc_debug:sfcdebug.obj
 0001:00029e30       sf_debug_sub_assign_size_check_nd 000000018002ae30 f   sfc_debug:sfcdebug.obj
 0001:0002a070       sf_debug_matrix_matrix_index_check 000000018002b070 f   sfc_debug:sfcdebug.obj
 0001:0002a0a0       sf_debug_vector_vector_index_check 000000018002b0a0 f   sfc_debug:sfcdebug.obj
 0001:0002a0d0       sf_debug_for_loop_vector_check 000000018002b0d0 f   sfc_debug:sfcdebug.obj
 0001:0002a160       sf_debug_runtime_error_msgid 000000018002b160 f   sfc_debug:sfcdebug.obj
 0001:0002a1f0       sf_debug_data_array_bounds_error_check 000000018002b1f0 f   sfc_debug:sfcdebug.obj
 0001:0002a300       sf_debug_eml_data_array_bounds_error_check 000000018002b300 f   sfc_debug:sfcdebug.obj
 0001:0002a7e0       sf_debug_integer_check     000000018002b7e0 f   sfc_debug:sfcdebug.obj
 0001:0002a8c0       sf_debug_not_nan_check     000000018002b8c0 f   sfc_debug:sfcdebug.obj
 0001:0002a980       sf_debug_non_negative_check 000000018002b980 f   sfc_debug:sfcdebug.obj
 0001:0002aa40       sf_debug_overflow_detection 000000018002ba40 f   sfc_debug:sfcdebug.obj
 0001:0002b130       sf_debug_cast_to_real32_T  000000018002c130 f   sfc_debug:sfcdebug.obj
 0001:0002b1f0       sf_debug_cast_to_int8_T    000000018002c1f0 f   sfc_debug:sfcdebug.obj
 0001:0002b2b0       sf_debug_cast_to_uint8_T   000000018002c2b0 f   sfc_debug:sfcdebug.obj
 0001:0002b370       sf_debug_cast_to_int16_T   000000018002c370 f   sfc_debug:sfcdebug.obj
 0001:0002b430       sf_debug_cast_to_uint16_T  000000018002c430 f   sfc_debug:sfcdebug.obj
 0001:0002b4f0       sf_debug_cast_to_int32_T   000000018002c4f0 f   sfc_debug:sfcdebug.obj
 0001:0002b5b0       sf_debug_cast_to_uint32_T  000000018002c5b0 f   sfc_debug:sfcdebug.obj
 0001:0002b670       sf_debug_data_range_error  000000018002c670 f   sfc_debug:sfcdebug.obj
 0001:0002b9c0       sf_debug_read_before_write_check 000000018002c9c0 f   sfc_debug:sfcdebug.obj
 0001:0002be20       sf_debug_data_range_error_wrapper_min_max 000000018002ce20 f   sfc_debug:sfcdebug.obj
 0001:0002bf10       sf_debug_data_range_error_wrapper_min 000000018002cf10 f   sfc_debug:sfcdebug.obj
 0001:0002bff0       sf_debug_data_range_error_wrapper_max 000000018002cff0 f   sfc_debug:sfcdebug.obj
 0001:0002c0d0       sf_debug_data_range_wrapper 000000018002d0d0 f   sfc_debug:sfcdebug.obj
 0001:0002c180       sf_debug_set_current_status_info 000000018002d180 f   sfc_debug:sfcdebug.obj
 0001:0002c530       sf_debug_register_message_post_receive_info 000000018002d530 f   sfc_debug:sfcdebug.obj
 0001:0002c7a0       sf_debug_call              000000018002d7a0 f   sfc_debug:sfcdebug.obj
 0001:0002d400       sf_debug_initialize_machine 000000018002e400 f   sfc_debug:sfcdebug.obj
 0001:0002d710       sf_debug_initialize_chart  000000018002e710 f   sfc_debug:sfcdebug.obj
 0001:0002db60       sf_debug_ensure_script     000000018002eb60 f   sfc_debug:sfcdebug.obj
 0001:0002dc20       cv_script_init_script      000000018002ec20 f   sfc_debug:sfcdebug.obj
 0001:0002dd10       cv_script_init_fcn         000000018002ed10 f   sfc_debug:sfcdebug.obj
 0001:0002ddc0       cv_script_init_testobjective 000000018002edc0 f   sfc_debug:sfcdebug.obj
 0001:0002de70       cv_script_init_if          000000018002ee70 f   sfc_debug:sfcdebug.obj
 0001:0002df20       cv_script_init_for         000000018002ef20 f   sfc_debug:sfcdebug.obj
 0001:0002dfd0       cv_script_init_while       000000018002efd0 f   sfc_debug:sfcdebug.obj
 0001:0002e080       cv_script_init_mcdc        000000018002f080 f   sfc_debug:sfcdebug.obj
 0001:0002e180       cv_script_init_switch      000000018002f180 f   sfc_debug:sfcdebug.obj
 0001:0002e260       cv_script_eval             000000018002f260 f   sfc_debug:sfcdebug.obj
 0001:0002e340       eml_debug_line_call        000000018002f340 f   sfc_debug:sfcdebug.obj
 0001:0002e4f0       sf_debug_terminate         000000018002f4f0 f   sfc_debug:sfcdebug.obj
 0001:0002e660       sf_debug_set_script_cv_ids 000000018002f660 f   sfc_debug:sfcdebug.obj
 0001:0002e790       sf_debug_api               000000018002f790 f   sfc_debug:sfc_api.obj
 0001:0002fe40       sf_debug_sm_terminate      0000000180030e40 f   sfc_debug:sfdb_animation.obj
 0001:00030000       sf_debug_reset_path_objects 0000000180031000 f   sfc_debug:sfdb_animation.obj
 0001:00030080       sf_debug_sm_reset_object_selection_status 0000000180031080 f   sfc_debug:sfdb_animation.obj
 0001:00030120       sf_debug_sm_reset_state_buffer 0000000180031120 f   sfc_debug:sfdb_animation.obj
 0001:000301f0       sf_debug_sm_store_state_buffer 00000001800311f0 f   sfc_debug:sfdb_animation.obj
 0001:00030270       sf_debug_sm_restore_state_buffer1 0000000180031270 f   sfc_debug:sfdb_animation.obj
 0001:000302e0       sf_debug_sm_restore_state_buffer2 00000001800312e0 f   sfc_debug:sfdb_animation.obj
 0001:00030350       sf_debug_sm_chart_active   0000000180031350 f   sfc_debug:sfdb_animation.obj
 0001:000303a0       sf_debug_sm_select_active_objects 00000001800313a0 f   sfc_debug:sfdb_animation.obj
 0001:00030890       sf_debug_sm_is_chart_active 0000000180031890 f   sfc_debug:sfdb_animation.obj
 0001:000308d0       sf_debug_sm_is_state_active 00000001800318d0 f   sfc_debug:sfdb_animation.obj
 0001:00030b10       sf_debug_sm_get_active_states 0000000180031b10 f   sfc_debug:sfdb_animation.obj
 0001:000310d0       sf_debug_sm_initialize_instance 00000001800320d0 f   sfc_debug:sfdb_animation.obj
 0001:000312f0       sf_debug_sm_change_object_selection_status 00000001800322f0 f   sfc_debug:sfdb_animation.obj
 0001:00031600       cv_create_interface        0000000180032600 f   sfc_debug:cv_sfinterface.obj
 0001:00031960       cv_init_trans              0000000180032960 f   sfc_debug:cv_sfinterface.obj
 0001:000319b0       cv_init_testobjective      00000001800329b0 f   sfc_debug:cv_sfinterface.obj
 0001:000319f0       cv_init_state              00000001800329f0 f   sfc_debug:cv_sfinterface.obj
 0001:00031a60       cv_init_chart              0000000180032a60 f   sfc_debug:cv_sfinterface.obj
 0001:00031ab0       cv_dec_update_call         0000000180032ab0 f   sfc_debug:cv_sfinterface.obj
 0001:00031af0       cv_cond_update_call        0000000180032af0 f   sfc_debug:cv_sfinterface.obj
 0001:00031b30       cv_testobjective_update_call 0000000180032b30 f   sfc_debug:cv_sfinterface.obj
 0001:00031b70       cv_sigrange_update         0000000180032b70 f   sfc_debug:cv_sfinterface.obj
 0001:00031bb0       cvsf_eml_eval              0000000180032bb0 f   sfc_debug:cv_sfinterface.obj
 0001:00031ca0       cvsf_eml_init_script       0000000180032ca0 f   sfc_debug:cv_sfinterface.obj
 0001:00031d30       cvsf_eml_init_fcn          0000000180032d30 f   sfc_debug:cv_sfinterface.obj
 0001:00031d90       cvsf_eml_init_testobjective 0000000180032d90 f   sfc_debug:cv_sfinterface.obj
 0001:00031df0       cvsf_eml_init_saturation   0000000180032df0 f   sfc_debug:cv_sfinterface.obj
 0001:00031e40       cvsf_eml_init_if           0000000180032e40 f   sfc_debug:cv_sfinterface.obj
 0001:00031ea0       cvsf_eml_init_for          0000000180032ea0 f   sfc_debug:cv_sfinterface.obj
 0001:00031ef0       cvsf_eml_init_while        0000000180032ef0 f   sfc_debug:cv_sfinterface.obj
 0001:00031f40       cvsf_eml_init_mcdc         0000000180032f40 f   sfc_debug:cv_sfinterface.obj
 0001:00031fd0       cvsf_eml_init_switch       0000000180032fd0 f   sfc_debug:cv_sfinterface.obj
 0001:00032040       cvsf_script_eval           0000000180033040 f   sfc_debug:cv_sfinterface.obj
 0001:00032130       cvsf_script_init_script    0000000180033130 f   sfc_debug:cv_sfinterface.obj
 0001:000321c0       cvsf_script_init_fcn       00000001800331c0 f   sfc_debug:cv_sfinterface.obj
 0001:00032220       cvsf_script_init_testobjective 0000000180033220 f   sfc_debug:cv_sfinterface.obj
 0001:00032280       cvsf_script_init_saturation 0000000180033280 f   sfc_debug:cv_sfinterface.obj
 0001:000322d0       cvsf_script_init_if        00000001800332d0 f   sfc_debug:cv_sfinterface.obj
 0001:00032330       cvsf_script_init_for       0000000180033330 f   sfc_debug:cv_sfinterface.obj
 0001:00032380       cvsf_script_init_while     0000000180033380 f   sfc_debug:cv_sfinterface.obj
 0001:000323d0       cvsf_script_init_mcdc      00000001800333d0 f   sfc_debug:cv_sfinterface.obj
 0001:00032460       cvsf_script_init_switch    0000000180033460 f   sfc_debug:cv_sfinterface.obj
 0001:000324d0       cv_destroy_interface       00000001800334d0 f   sfc_debug:cv_sfinterface.obj
 0001:000324f0       cv_create_instance_objects 00000001800334f0 f   sfc_debug:cv_sfinterface.obj
 0001:000329a0       cv_is_enabled              00000001800339a0 f   sfc_debug:cv_sfinterface.obj
 0001:000329b0       sf_debug_cv_initialize_script 00000001800339b0 f   sfc_debug:cv_sfinterface.obj
 0001:00032b60       sf_debug_cv_initialize_instance 0000000180033b60 f   sfc_debug:cv_sfinterface.obj
 0001:00032f00       sf_debug_cv_terminate_chart 0000000180033f00 f   sfc_debug:cv_sfinterface.obj
 0001:00033040       cv_call_trans_test         0000000180034040 f   sfc_debug:cv_sfinterface.obj
 0001:00033050       cv_call_sub_cond_test      0000000180034050 f   sfc_debug:cv_sfinterface.obj
 0001:00033090       sf_debug_st_initialize_machine 0000000180034090 f   sfc_debug:sfdb_data_browse.obj
 0001:00033150       sf_debug_st_initialize_instance 0000000180034150 f   sfc_debug:sfdb_data_browse.obj
 0001:00033380       sf_debug_st_terminate      0000000180034380 f   sfc_debug:sfdb_data_browse.obj
 0001:00033720       sf_debug_st_set_data_value_ptr_in_machine 0000000180034720 f   sfc_debug:sfdb_data_browse.obj
 0001:000337b0       sf_debug_st_set_data_value_ptr_in_instance 00000001800347b0 f   sfc_debug:sfdb_data_browse.obj
 0001:00033890       sf_debug_st_unset_data_value_ptr_in_machine 0000000180034890 f   sfc_debug:sfdb_data_browse.obj
 0001:00033900       sf_debug_st_unset_data_value_ptr_in_instance 0000000180034900 f   sfc_debug:sfdb_data_browse.obj
 0001:00033c10       sf_debug_mx_value          0000000180034c10 f   sfc_debug:sfdb_data_browse.obj
 0001:00033c70       sf_debug_mx_packed_vector  0000000180034c70 f   sfc_debug:sfdb_data_browse.obj
 0001:00033d50       sf_debug_mx_uint_vector    0000000180034d50 f   sfc_debug:sfdb_data_browse.obj
 0001:00033e10       sf_debug_st_get_double_value_from_void_ptr_vector 0000000180034e10 f   sfc_debug:sfdb_data_browse.obj
 0001:00034900       sf_debug_st_browse_data    0000000180035900 f   sfc_debug:sfdb_data_browse.obj
 0001:00035190       sf_debug_hm_initialize_instance 0000000180036190 f   sfc_debug:sfdb_handle_management.obj
 0001:000356c0       sf_debug_hm_get_object_id  00000001800366c0 f   sfc_debug:sfdb_handle_management.obj
 0001:00036270       sf_debug_hm_update_chart_visibility 0000000180037270 f   sfc_debug:sfdb_handle_management.obj
 0001:00037550       sf_debug_object_is_eml_function 0000000180038550 f   sfc_debug:sfdb_handle_management.obj
 0001:000375c0       sf_debug_hm_initialize_ids_in_machine 00000001800385c0 f   sfc_debug:sfdb_handle_management.obj
 0001:00037730       sf_debug_hm_initialize_ids_in_chart 0000000180038730 f   sfc_debug:sfdb_handle_management.obj
 0001:00037830       sf_debug_hm_initialize_chart 0000000180038830 f   sfc_debug:sfdb_handle_management.obj
 0001:00037fd0       sf_debug_hm_terminate      0000000180038fd0 f   sfc_debug:sfdb_handle_management.obj
 0001:00038030       sf_debug_hm_initialize_machine 0000000180039030 f   sfc_debug:sfdb_handle_management.obj
 0001:000387e0       sf_debug_ss_initialize     00000001800397e0 f   sfc_debug:sfdb_symbol_scope.obj
 0001:00038800       sf_debug_ss_terminate      0000000180039800 f   sfc_debug:sfdb_symbol_scope.obj
 0001:00038890       sf_debug_ss_push_symbol_scope 0000000180039890 f   sfc_debug:sfdb_symbol_scope.obj
 0001:00038990       sf_debug_ss_push_symbol_scope_eml 0000000180039990 f   sfc_debug:sfdb_symbol_scope.obj
 0001:000389f0       sf_debug_ss_pop_symbol_scope 00000001800399f0 f   sfc_debug:sfdb_symbol_scope.obj
 0001:00038aa0       sf_debug_ss_add_symbol     0000000180039aa0 f   sfc_debug:sfdb_symbol_scope.obj
 0001:00038c00       sf_debug_ss_add_symbol_eml 0000000180039c00 f   sfc_debug:sfdb_symbol_scope.obj
 0001:00039920       sf_debug_ss_set_data_value 000000018003a920 f   sfc_debug:sfdb_symbol_scope.obj
 0001:00039df0       getInstanceNumber          000000018003adf0 f   sfc_debug:sfdb_symbol_scope.obj
 0001:00039ec0       sf_debug_ss_watch_data     000000018003aec0 f   sfc_debug:sfdb_symbol_scope.obj
 0001:0003a060       sf_debug_ss_assign_data    000000018003b060 f   sfc_debug:sfdb_symbol_scope.obj
 0001:0003aa80       get_data_entry_name        000000018003ba80 f   sfc_debug:sfdb_symbol_scope.obj
 0001:0003aad0       sf_debug_ss_whos           000000018003bad0 f   sfc_debug:sfdb_symbol_scope.obj
 0001:0003b1f0       sf_debug_cc_initialize_chart 000000018003c1f0 f   sfc_debug:sfdb_coverage.obj
 0001:0003bbe0       sf_debug_cc_initialize_instance 000000018003cbe0 f   sfc_debug:sfdb_coverage.obj
 0001:0003c9f0       sf_debug_cc_terminate      000000018003d9f0 f   sfc_debug:sfdb_coverage.obj
 0001:0003cae0       sf_debug_cc_set_transition_maps 000000018003dae0 f   sfc_debug:sfdb_coverage.obj
 0001:0003cc10       sf_debug_cc_set_state_maps 000000018003dc10 f   sfc_debug:sfdb_coverage.obj
 0001:0003ccf0       sf_debug_cc_set_transition_weights 000000018003dcf0 f   sfc_debug:sfdb_coverage.obj
 0001:0003cfc0       sf_debug_cc_set_state_weights 000000018003dfc0 f   sfc_debug:sfdb_coverage.obj
 0001:0003d290       sf_debug_cc_mark_transition_guard 000000018003e290 f   sfc_debug:sfdb_coverage.obj
 0001:0003d320       sf_debug_cc_mark_transition_trigger 000000018003e320 f   sfc_debug:sfdb_coverage.obj
 0001:0003d3b0       sf_debug_cc_mark_transition_decision 000000018003e3b0 f   sfc_debug:sfdb_coverage.obj
 0001:0003d420       sf_debug_cc_mark_transition_condition_action 000000018003e420 f   sfc_debug:sfdb_coverage.obj
 0001:0003d470       sf_debug_cc_mark_transition_transition_action 000000018003e470 f   sfc_debug:sfdb_coverage.obj
 0001:0003d4c0       sf_debug_cc_mark_state_entry 000000018003e4c0 f   sfc_debug:sfdb_coverage.obj
 0001:0003d510       sf_debug_cc_mark_state_during 000000018003e510 f   sfc_debug:sfdb_coverage.obj
 0001:0003d560       sf_debug_cc_mark_state_exit 000000018003e560 f   sfc_debug:sfdb_coverage.obj
 0001:0003d5b0       sf_debug_bm_clear_script_breakpoints 000000018003e5b0 f   sfc_debug:sfdb_breakpoints.obj
 0001:0003d5e0       sf_debug_bm_set_script_breakpoint 000000018003e5e0 f   sfc_debug:sfdb_breakpoints.obj
 0001:0003d660       sf_debug_bm_clear_single_script_breakpoint 000000018003e660 f   sfc_debug:sfdb_breakpoints.obj
 0001:0003d6e0       sf_debug_bm_query_script_breakpoint 000000018003e6e0 f   sfc_debug:sfdb_breakpoints.obj
 0001:0003d730       sf_debug_bm_initialize_scripts 000000018003e730 f   sfc_debug:sfdb_breakpoints.obj
 0001:0003de50       sf_debug_bm_terminate      000000018003ee50 f   sfc_debug:sfdb_breakpoints.obj
 0001:0003e140       sf_debug_bm_remove_all_breakpoints_in_machine 000000018003f140 f   sfc_debug:sfdb_breakpoints.obj
 0001:0003e1b0       sf_debug_bm_remove_all_breakpoints_in_chart 000000018003f1b0 f   sfc_debug:sfdb_breakpoints.obj
 0001:0003e300       sf_debug_bm_initialize_global_breakpoints 000000018003f300 f   sfc_debug:sfdb_breakpoints.obj
 0001:0003e480       sf_debug_bm_set_breakpoint 000000018003f480 f   sfc_debug:sfdb_breakpoints.obj
 0001:0003ea80       sf_debug_bm_set_eml_breakpoint 000000018003fa80 f   sfc_debug:sfdb_breakpoints.obj
 0001:0003eb20       sf_debug_bm_initialize_machine_breakpoint_map 000000018003fb20 f   sfc_debug:sfdb_breakpoints.obj
 0001:0003ef40       sf_debug_bm_is_a_breakpoint 000000018003ff40 f   sfc_debug:sfdb_breakpoints.obj
 0001:0003f520       sf_debug_bm_get_all_breakpoints_in_machine 0000000180040520 f   sfc_debug:sfdb_breakpoints.obj
 0001:0003f820       sf_debug_bm_get_all_breakpoints_in_chart 0000000180040820 f   sfc_debug:sfdb_breakpoints.obj
 0001:000404e0       sf_debug_bm_initialize_machine 00000001800414e0 f   sfc_debug:sfdb_breakpoints.obj
 0001:000405b0       sf_debug_bm_initialize_chart 00000001800415b0 f   sfc_debug:sfdb_breakpoints.obj
 0001:000409d0       sf_debug_sc_terminate      00000001800419d0 f   sfc_debug:sfdb_state_consistency.obj
 0001:00040d00       sf_debug_sc_is_chart_consistent 0000000180041d00 f   sfc_debug:sfdb_state_consistency.obj
 0001:00040fb0       sf_debug_sc_get_consistency_error_info 0000000180041fb0 f   sfc_debug:sfdb_state_consistency.obj
 0001:00041400       sf_debug_tm_terminate      0000000180042400 f   sfc_debug:sfdb_call_stack.obj
 0001:000414c0       sf_debug_tm_push_chart_instance 00000001800424c0 f   sfc_debug:sfdb_call_stack.obj
 0001:00041610       sf_debug_tm_pop_chart_instance 0000000180042610 f   sfc_debug:sfdb_call_stack.obj
 0001:00041670       sf_debug_tm_push_trace_node 0000000180042670 f   sfc_debug:sfdb_call_stack.obj
 0001:00041800       sf_debug_tm_pop_trace_node 0000000180042800 f   sfc_debug:sfdb_call_stack.obj
 0001:00041880       sf_debug_tm_get_current_global_trace_index 0000000180042880 f   sfc_debug:sfdb_call_stack.obj
 0001:00041890       sf_debug_tm_get_current_local_trace_index 0000000180042890 f   sfc_debug:sfdb_call_stack.obj
 0001:000418c0       sf_debug_tm_set_cycle_detected_flag 00000001800428c0 f   sfc_debug:sfdb_call_stack.obj
 0001:00041900       sf_debug_tm_set_cycle_started_flag 0000000180042900 f   sfc_debug:sfdb_call_stack.obj
 0001:00041940       sf_debug_tm_get_chart_number_from_stack 0000000180042940 f   sfc_debug:sfdb_call_stack.obj
 0001:00041b40       sf_debug_tm_browse_trace   0000000180042b40 f   sfc_debug:sfdb_call_stack.obj
 0001:00041e80       sf_debug_cd_initialize_instance 0000000180042e80 f   sfc_debug:sfdb_cycle_detection.obj
 0001:00042130       sf_debug_cd_mark_processed_transition_in_instance 0000000180043130 f   sfc_debug:sfdb_cycle_detection.obj
 0001:000421d0       sf_debug_cd_checksum_push  00000001800431d0 f   sfc_debug:sfdb_cycle_detection.obj
 0001:00042490       sf_debug_cd_checksum_pop   0000000180043490 f   sfc_debug:sfdb_cycle_detection.obj
 0001:00042500       sf_debug_cd_turn_off_cycle_detection 0000000180043500 f   sfc_debug:sfdb_cycle_detection.obj
 0001:00042550       sf_debug_cd_terminate      0000000180043550 f   sfc_debug:sfdb_cycle_detection.obj
 0001:00042790       md5_initialize_state       0000000180043790 f   sfc_debug:ckmd5.obj
 0001:00043200       md5_update_state           0000000180044200 f   sfc_debug:ckmd5.obj
 0001:00043220       md5_get_hash               0000000180044220 f   sfc_debug:ckmd5.obj
 0001:00043250       md5_get_hash_for_a_single_string 0000000180044250 f   sfc_debug:ckmd5.obj
 0001:000432b4       mxGetPr                    00000001800442b4 f   libmx:libmx.dll
 0001:000432ba       mxCreateDoubleScalar       00000001800442ba f   libmx:libmx.dll
 0001:000432c0       mxCreateDoubleMatrix_730   00000001800442c0 f   libmx:libmx.dll
 0001:000432c6       mxSetField_730             00000001800442c6 f   libmx:libmx.dll
 0001:000432cc       mxCreateString             00000001800442cc f   libmx:libmx.dll
 0001:000432d2       mxCreateStructMatrix_730   00000001800442d2 f   libmx:libmx.dll
 0001:000432d8       mxDestroyArray             00000001800442d8 f   libmx:libmx.dll
 0001:000432de       mxDuplicateArray           00000001800442de f   libmx:libmx.dll
 0001:000432e4       mxGetString_730            00000001800442e4 f   libmx:libmx.dll
 0001:000432ea       mxIsChar                   00000001800442ea f   libmx:libmx.dll
 0001:000432f0       mxGetClassID               00000001800442f0 f   libmx:libmx.dll
 0001:000432f6       mxIsNumeric                00000001800442f6 f   libmx:libmx.dll
 0001:000432fc       mxIsComplex                00000001800442fc f   libmx:libmx.dll
 0001:00043302       mxGetN                     0000000180044302 f   libmx:libmx.dll
 0001:00043308       mxGetM                     0000000180044308 f   libmx:libmx.dll
 0001:0004330e       mxCalloc                   000000018004430e f   libmx:libmx.dll
 0001:00043314       mxGetScalar                0000000180044314 f   libmx:libmx.dll
 0001:0004331a       mxIsLogical                000000018004431a f   libmx:libmx.dll
 0001:00043320       mxCreateDoubleMatrix_700   0000000180044320 f   libmx:libmx.dll
 0001:00043326       mxFree                     0000000180044326 f   libmx:libmx.dll
 0001:0004332c       mxArrayToString            000000018004432c f   libmx:libmx.dll
 0001:00043332       mxCreateCellMatrix_700     0000000180044332 f   libmx:libmx.dll
 0001:00043338       mxSetCell_700              0000000180044338 f   libmx:libmx.dll
 0001:0004333e       mxGetCell_700              000000018004433e f   libmx:libmx.dll
 0001:00043344       mxGetClassName             0000000180044344 f   libmx:libmx.dll
 0001:0004334a       mxSetField_700             000000018004434a f   libmx:libmx.dll
 0001:00043350       mxAddField                 0000000180044350 f   libmx:libmx.dll
 0001:00043356       mxGetField_700             0000000180044356 f   libmx:libmx.dll
 0001:0004335c       mxGetNumberOfElements      000000018004435c f   libmx:libmx.dll
 0001:00043362       mxIsStruct                 0000000180044362 f   libmx:libmx.dll
 0001:00043368       mxIsA                      0000000180044368 f   libmx:libmx.dll
 0001:0004336e       mxIsClass                  000000018004436e f   libmx:libmx.dll
 0001:00043374       mxGetLogicals              0000000180044374 f   libmx:libmx.dll
 0001:0004337a       mxIsSparse                 000000018004437a f   libmx:libmx.dll
 0001:00043380       mxSetFieldByNumber_700     0000000180044380 f   libmx:libmx.dll
 0001:00043386       mxGetFieldByNumber_700     0000000180044386 f   libmx:libmx.dll
 0001:0004338c       mxGetFieldNameByNumber     000000018004438c f   libmx:libmx.dll
 0001:00043392       mxGetNumberOfFields        0000000180044392 f   libmx:libmx.dll
 0001:00043398       mxCreateStructMatrix_700   0000000180044398 f   libmx:libmx.dll
 0001:0004339e       mxGetFieldNumber           000000018004439e f   libmx:libmx.dll
 0001:000433a4       mxIsNaN                    00000001800443a4 f   libmx:libmx.dll
 0001:000433aa       mxIsEmpty                  00000001800443aa f   libmx:libmx.dll
 0001:000433b0       mxGetData                  00000001800443b0 f   libmx:libmx.dll
 0001:000433b6       mxGetImagData              00000001800443b6 f   libmx:libmx.dll
 0001:000433bc       mxArrayClassIDName         00000001800443bc f   libmx:libmx.dll
 0001:000433c2       mxCreateNumericMatrix_700  00000001800443c2 f   libmx:libmx.dll
 0001:000433c8       mxCreateStructArray_700    00000001800443c8 f   libmx:libmx.dll
 0001:000433ce       mxCalcSingleSubscript_700  00000001800443ce f   libmx:libmx.dll
 0001:000433d4       mxGetDimensions_700        00000001800443d4 f   libmx:libmx.dll
 0001:000433da       mxGetNumberOfDimensions_700 00000001800443da f   libmx:libmx.dll
 0001:000433e0       mxCreateNumericArray_700   00000001800443e0 f   libmx:libmx.dll
 0001:000433e6       mxGetElementSize           00000001800443e6 f   libmx:libmx.dll
 0001:000433ec       mxCreateStringFromNChars_700 00000001800443ec f   libmx:libmx.dll
 0001:000433f2       mxGetString_700            00000001800443f2 f   libmx:libmx.dll
 0001:000433f8       mxIsLogicalScalarTrue      00000001800443f8 f   libmx:libmx.dll
 0001:000433fe       mxCreateLogicalScalar      00000001800443fe f   libmx:libmx.dll
 0001:00043404       mexUnlock                  0000000180044404 f   libmex:libmex.dll
 0001:0004340a       mexIsLocked                000000018004440a f   libmex:libmex.dll
 0001:00043410       mexWarnMsgTxt              0000000180044410 f   libmex:libmex.dll
 0001:00043416       mexCallMATLAB              0000000180044416 f   libmex:libmex.dll
 0001:0004341c       mexErrMsgTxt               000000018004441c f   libmex:libmex.dll
 0001:00043422       mexMakeArrayPersistent     0000000180044422 f   libmex:libmex.dll
 0001:00043428       mexSetTrapFlag             0000000180044428 f   libmex:libmex.dll
 0001:0004342e       mexPutVariable             000000018004442e f   libmex:libmex.dll
 0001:00043434       mexGetVariable             0000000180044434 f   libmex:libmex.dll
 0001:0004343a       mexLock                    000000018004443a f   libmex:libmex.dll
 0001:00043440       mexMakeMemoryPersistent    0000000180044440 f   libmex:libmex.dll
 0001:00043446       mexFunctionName            0000000180044446 f   libmex:libmex.dll
 0001:0004344c       ssRegisterDataTypeFxpFSlopeFixExpBias 000000018004444c f   libfixedpoint:libfixedpoint.dll
 0001:00043452       utVSNprintf                0000000180044452 f   libut:libut.dll
 0001:00043458       utCPUtime                  0000000180044458 f   libut:libut.dll
 0001:0004345e       utFree                     000000018004445e f   libut:libut.dll
 0001:00043464       utMalloc                   0000000180044464 f   libut:libut.dll
 0001:0004346a       muDoubleScalarSin          000000018004446a f   libmwmathutil:libmwmathutil.dll
 0001:00043470       muDoubleScalarCos          0000000180044470 f   libmwmathutil:libmwmathutil.dll
 0001:00043476       muDoubleScalarExp          0000000180044476 f   libmwmathutil:libmwmathutil.dll
 0001:0004347c       muDoubleScalarFloor        000000018004447c f   libmwmathutil:libmwmathutil.dll
 0001:00043482       muDoubleScalarSqrt         0000000180044482 f   libmwmathutil:libmwmathutil.dll
 0001:00043488       muDoubleScalarPower        0000000180044488 f   libmwmathutil:libmwmathutil.dll
 0001:0004348e       emlrtCreateRootTLS         000000018004448e f   libemlrt:libemlrt.dll
 0001:00043494       emlrtDestroyRootTLS        0000000180044494 f   libemlrt:libemlrt.dll
 0001:0004349a       emlrtCheckBuiltInR2012b    000000018004449a f   libemlrt:libemlrt.dll
 0001:000434a0       emlrtCheckVsBuiltInR2012b  00000001800444a0 f   libemlrt:libemlrt.dll
 0001:000434a6       emlrtCheckEnumR2012b       00000001800444a6 f   libemlrt:libemlrt.dll
 0001:000434ac       emlrtCreateEnumR2012b      00000001800444ac f   libemlrt:libemlrt.dll
 0001:000434b2       emlrtGetEnumElementR2009a  00000001800444b2 f   libemlrt:libemlrt.dll
 0001:000434b8       emlrtCreateReference       00000001800444b8 f   libemlrt:libemlrt.dll
 0001:000434be       emlrtImportVsFiArrayR2009b 00000001800444be f   libemlrt:libemlrt.dll
 0001:000434c4       emlrtNameCapturePostProcessR2012a 00000001800444c4 f   libemlrt:libemlrt.dll
 0001:000434ca       emlrtExtractMessageId      00000001800444ca f   libemlrt:libemlrt.dll
 0001:000434d0       emlrtTranslateMessageIDtoLCPstring 00000001800444d0 f   libemlrt:libemlrt.dll
 0001:000434d6       emlrtForLoopVectorIsValidR2011b 00000001800444d6 f   libemlrt:libemlrt.dll
 0001:000434dc       emlrtTranslateUTF16MessagetoLCPstring 00000001800444dc f   libemlrt:libemlrt.dll
 0001:000434e2       emlrtGetEnumUnderlyingArrayR2009a 00000001800444e2 f   libemlrt:libemlrt.dll
 0001:000434e8       emlrtIsEnumR2009a          00000001800444e8 f   libemlrt:libemlrt.dll
 0001:000434ee       strlen                     00000001800444ee f   MSVCRT:MSVCR90.dll
 0001:000434f4       memset                     00000001800444f4 f   MSVCRT:MSVCR90.dll
 0001:000434fa       malloc                     00000001800444fa f   MSVCRT:MSVCR90.dll
 0001:00043500       free                       0000000180044500 f   MSVCRT:MSVCR90.dll
 0001:00043510       __GSHandlerCheckCommon     0000000180044510 f   MSVCRT:gshandler.obj
 0001:00043574       __GSHandlerCheck           0000000180044574 f   MSVCRT:gshandler.obj
 0001:000435b0       __security_check_cookie    00000001800445b0 f   MSVCRT:amdsecgs.obj
 0001:000435d0       strcmp                     00000001800445d0 f   MSVCRT:MSVCR90.dll
 0001:000435d6       sprintf                    00000001800445d6 f   MSVCRT:MSVCR90.dll
 0001:000435dc       strcat                     00000001800445dc f   MSVCRT:MSVCR90.dll
 0001:000435e2       memcpy                     00000001800445e2 f   MSVCRT:MSVCR90.dll
 0001:000435e8       NtCurrentTeb               00000001800445e8 f i MSVCRT:crtdll.obj
 0001:00043654       _CRT_INIT                  0000000180044654 f   MSVCRT:crtdll.obj
 0001:000439e8       _DllMainCRTStartup         00000001800449e8 f   MSVCRT:crtdll.obj
 0001:00043a26       strncpy                    0000000180044a26 f   MSVCRT:MSVCR90.dll
 0001:00043a2c       longjmp                    0000000180044a2c f   MSVCRT:MSVCR90.dll
 0001:00043a32       strncmp                    0000000180044a32 f   MSVCRT:MSVCR90.dll
 0001:00043a38       ceil                       0000000180044a38 f   MSVCRT:MSVCR90.dll
 0001:00043a3e       strrchr                    0000000180044a3e f   MSVCRT:MSVCR90.dll
 0001:00043a44       _setjmp                    0000000180044a44 f   MSVCRT:MSVCR90.dll
 0001:00043a4a       calloc                     0000000180044a4a f   MSVCRT:MSVCR90.dll
 0001:00043a50       realloc                    0000000180044a50 f   MSVCRT:MSVCR90.dll
 0001:00043a56       ldexp                      0000000180044a56 f   MSVCRT:MSVCR90.dll
 0001:00043a5c       __report_gsfailure         0000000180044a5c f   MSVCRT:gs_report.obj
 0001:00043ba8       __clean_type_info_names    0000000180044ba8 f   MSVCRT:tncleanup.obj
 0001:00043bb4       _onexit                    0000000180044bb4 f   MSVCRT:atonexit.obj
 0001:00043c64       atexit                     0000000180044c64 f   MSVCRT:atonexit.obj
 0001:00043c7c       _RTC_Initialize            0000000180044c7c f   MSVCRT:_initsect_.obj
 0001:00043cb4       _RTC_Terminate             0000000180044cb4 f   MSVCRT:_initsect_.obj
 0001:00043cec       _encode_pointer            0000000180044cec f   MSVCRT:MSVCR90.dll
 0001:00043cf2       _malloc_crt                0000000180044cf2 f   MSVCRT:MSVCR90.dll
 0001:00043d00       _ValidateImageBase         0000000180044d00 f   MSVCRT:pesect.obj
 0001:00043d30       _FindPESection             0000000180044d30 f   MSVCRT:pesect.obj
 0001:00043d80       _IsNonwritableInCurrentImage 0000000180044d80 f   MSVCRT:pesect.obj
 0001:00043dc2       _initterm                  0000000180044dc2 f   MSVCRT:MSVCR90.dll
 0001:00043dc8       _initterm_e                0000000180044dc8 f   MSVCRT:MSVCR90.dll
 0001:00043dce       _encoded_null              0000000180044dce f   MSVCRT:MSVCR90.dll
 0001:00043dd4       _decode_pointer            0000000180044dd4 f   MSVCRT:MSVCR90.dll
 0001:00043dda       _amsg_exit                 0000000180044dda f   MSVCRT:MSVCR90.dll
 0001:00043de0       __C_specific_handler       0000000180044de0 f   MSVCRT:MSVCR90.dll
 0001:00043de6       __CppXcptFilter            0000000180044de6 f   MSVCRT:MSVCR90.dll
 0001:00043dec       DllMain                    0000000180044dec f   MSVCRT:dllmain.obj
 0001:00043e10       __security_init_cookie     0000000180044e10 f   MSVCRT:gs_support.obj
 0001:00043ec4       __crt_debugger_hook        0000000180044ec4 f   MSVCRT:MSVCR90.dll
 0001:00043eca       __clean_type_info_names_internal 0000000180044eca f   MSVCRT:MSVCR90.dll
 0001:00043ed0       _unlock                    0000000180044ed0 f   MSVCRT:MSVCR90.dll
 0001:00043ed6       __dllonexit                0000000180044ed6 f   MSVCRT:MSVCR90.dll
 0001:00043edc       _lock                      0000000180044edc f   MSVCRT:MSVCR90.dll
 0001:00043ee2       Sleep                      0000000180044ee2 f   kernel32:KERNEL32.dll
 0001:00043ee8       TerminateProcess           0000000180044ee8 f   kernel32:KERNEL32.dll
 0001:00043eee       GetCurrentProcess          0000000180044eee f   kernel32:KERNEL32.dll
 0001:00043ef4       UnhandledExceptionFilter   0000000180044ef4 f   kernel32:KERNEL32.dll
 0001:00043efa       SetUnhandledExceptionFilter 0000000180044efa f   kernel32:KERNEL32.dll
 0001:00043f00       IsDebuggerPresent          0000000180044f00 f   kernel32:KERNEL32.dll
 0001:00043f06       RtlVirtualUnwind           0000000180044f06 f   kernel32:KERNEL32.dll
 0001:00043f0c       RtlLookupFunctionEntry     0000000180044f0c f   kernel32:KERNEL32.dll
 0001:00043f12       RtlCaptureContext          0000000180044f12 f   kernel32:KERNEL32.dll
 0001:00043f18       DisableThreadLibraryCalls  0000000180044f18 f   kernel32:KERNEL32.dll
 0001:00043f1e       QueryPerformanceCounter    0000000180044f1e f   kernel32:KERNEL32.dll
 0001:00043f24       GetTickCount               0000000180044f24 f   kernel32:KERNEL32.dll
 0001:00043f2a       GetCurrentThreadId         0000000180044f2a f   kernel32:KERNEL32.dll
 0001:00043f30       GetCurrentProcessId        0000000180044f30 f   kernel32:KERNEL32.dll
 0001:00043f36       GetSystemTimeAsFileTime    0000000180044f36 f   kernel32:KERNEL32.dll
 0001:00043f50       __chkstk                   0000000180044f50 f   MSVCRT:chkstk.obj
 0001:00043f50       _alloca_probe              0000000180044f50     MSVCRT:chkstk.obj
 0002:00000000       __imp_DisableThreadLibraryCalls 0000000180046000     kernel32:KERNEL32.dll
 0002:00000008       __imp_RtlCaptureContext    0000000180046008     kernel32:KERNEL32.dll
 0002:00000010       __imp_RtlLookupFunctionEntry 0000000180046010     kernel32:KERNEL32.dll
 0002:00000018       __imp_RtlVirtualUnwind     0000000180046018     kernel32:KERNEL32.dll
 0002:00000020       __imp_IsDebuggerPresent    0000000180046020     kernel32:KERNEL32.dll
 0002:00000028       __imp_SetUnhandledExceptionFilter 0000000180046028     kernel32:KERNEL32.dll
 0002:00000030       __imp_UnhandledExceptionFilter 0000000180046030     kernel32:KERNEL32.dll
 0002:00000038       __imp_GetCurrentProcess    0000000180046038     kernel32:KERNEL32.dll
 0002:00000040       __imp_TerminateProcess     0000000180046040     kernel32:KERNEL32.dll
 0002:00000048       __imp_Sleep                0000000180046048     kernel32:KERNEL32.dll
 0002:00000050       __imp_GetTickCount         0000000180046050     kernel32:KERNEL32.dll
 0002:00000058       __imp_GetCurrentThreadId   0000000180046058     kernel32:KERNEL32.dll
 0002:00000060       __imp_GetCurrentProcessId  0000000180046060     kernel32:KERNEL32.dll
 0002:00000068       __imp_GetSystemTimeAsFileTime 0000000180046068     kernel32:KERNEL32.dll
 0002:00000070       __imp_QueryPerformanceCounter 0000000180046070     kernel32:KERNEL32.dll
 0002:00000078       \177KERNEL32_NULL_THUNK_DATA 0000000180046078     kernel32:KERNEL32.dll
 0002:00000080       __imp__onexit              0000000180046080     MSVCRT:MSVCR90.dll
 0002:00000088       __imp__lock                0000000180046088     MSVCRT:MSVCR90.dll
 0002:00000090       __imp___dllonexit          0000000180046090     MSVCRT:MSVCR90.dll
 0002:00000098       __imp__unlock              0000000180046098     MSVCRT:MSVCR90.dll
 0002:000000a0       __imp___clean_type_info_names_internal 00000001800460a0     MSVCRT:MSVCR90.dll
 0002:000000a8       __imp___crt_debugger_hook  00000001800460a8     MSVCRT:MSVCR90.dll
 0002:000000b0       __imp___CppXcptFilter      00000001800460b0     MSVCRT:MSVCR90.dll
 0002:000000b8       __imp___C_specific_handler 00000001800460b8     MSVCRT:MSVCR90.dll
 0002:000000c0       __imp__amsg_exit           00000001800460c0     MSVCRT:MSVCR90.dll
 0002:000000c8       __imp__decode_pointer      00000001800460c8     MSVCRT:MSVCR90.dll
 0002:000000d0       __imp__encoded_null        00000001800460d0     MSVCRT:MSVCR90.dll
 0002:000000d8       __imp__initterm_e          00000001800460d8     MSVCRT:MSVCR90.dll
 0002:000000e0       __imp__initterm            00000001800460e0     MSVCRT:MSVCR90.dll
 0002:000000e8       __imp__malloc_crt          00000001800460e8     MSVCRT:MSVCR90.dll
 0002:000000f0       __imp__encode_pointer      00000001800460f0     MSVCRT:MSVCR90.dll
 0002:000000f8       __imp_ldexp                00000001800460f8     MSVCRT:MSVCR90.dll
 0002:00000100       __imp_realloc              0000000180046100     MSVCRT:MSVCR90.dll
 0002:00000108       __imp_calloc               0000000180046108     MSVCRT:MSVCR90.dll
 0002:00000110       __imp__setjmp              0000000180046110     MSVCRT:MSVCR90.dll
 0002:00000118       __imp_strrchr              0000000180046118     MSVCRT:MSVCR90.dll
 0002:00000120       __imp_ceil                 0000000180046120     MSVCRT:MSVCR90.dll
 0002:00000128       __imp_strncmp              0000000180046128     MSVCRT:MSVCR90.dll
 0002:00000130       __imp_longjmp              0000000180046130     MSVCRT:MSVCR90.dll
 0002:00000138       __imp_strncpy              0000000180046138     MSVCRT:MSVCR90.dll
 0002:00000140       __imp_memcpy               0000000180046140     MSVCRT:MSVCR90.dll
 0002:00000148       __imp_strcat               0000000180046148     MSVCRT:MSVCR90.dll
 0002:00000150       __imp_sprintf              0000000180046150     MSVCRT:MSVCR90.dll
 0002:00000158       __imp_strcmp               0000000180046158     MSVCRT:MSVCR90.dll
 0002:00000160       __imp_free                 0000000180046160     MSVCRT:MSVCR90.dll
 0002:00000168       __imp_malloc               0000000180046168     MSVCRT:MSVCR90.dll
 0002:00000170       __imp_memset               0000000180046170     MSVCRT:MSVCR90.dll
 0002:00000178       __imp_strlen               0000000180046178     MSVCRT:MSVCR90.dll
 0002:00000180       \177MSVCR90_NULL_THUNK_DATA 0000000180046180     MSVCRT:MSVCR90.dll
 0002:00000188       __imp_emlrtIsEnumR2009a    0000000180046188     libemlrt:libemlrt.dll
 0002:00000190       __imp_emlrtGetEnumUnderlyingArrayR2009a 0000000180046190     libemlrt:libemlrt.dll
 0002:00000198       __imp_emlrtTranslateUTF16MessagetoLCPstring 0000000180046198     libemlrt:libemlrt.dll
 0002:000001a0       __imp_emlrtForLoopVectorIsValidR2011b 00000001800461a0     libemlrt:libemlrt.dll
 0002:000001a8       __imp_emlrtTranslateMessageIDtoLCPstring 00000001800461a8     libemlrt:libemlrt.dll
 0002:000001b0       __imp_emlrtExtractMessageId 00000001800461b0     libemlrt:libemlrt.dll
 0002:000001b8       __imp_emlrtNameCapturePostProcessR2012a 00000001800461b8     libemlrt:libemlrt.dll
 0002:000001c0       __imp_emlrtCheckBuiltInR2012b 00000001800461c0     libemlrt:libemlrt.dll
 0002:000001c8       __imp_emlrtDestroyRootTLS  00000001800461c8     libemlrt:libemlrt.dll
 0002:000001d0       __imp_emlrtCreateRootTLS   00000001800461d0     libemlrt:libemlrt.dll
 0002:000001d8       __imp_emlrtCheckEnumR2012b 00000001800461d8     libemlrt:libemlrt.dll
 0002:000001e0       __imp_emlrtCreateEnumR2012b 00000001800461e0     libemlrt:libemlrt.dll
 0002:000001e8       __imp_emlrtGetEnumElementR2009a 00000001800461e8     libemlrt:libemlrt.dll
 0002:000001f0       __imp_emlrtCreateReference 00000001800461f0     libemlrt:libemlrt.dll
[...]
 0001:00019650       sf_mex_check_fimath        000000018001a650 f   sfc_mex:sfc_mex.obj
 0001:0001a200       size_mismatch_error        000000018001b200 f   sfc_mex:sfc_mex.obj
 0001:0001aca0       check_array_dimensions     000000018001bca0 f   sfc_mex:sfc_mex.obj
 0001:0001ad10       check_input_mxarray        000000018001bd10 f   sfc_mex:sfc_mex.obj
 0001:0001b450       sf_numeric_value_to_double 000000018001c450 f   sfc_mex:sfc_mex.obj
 0001:0001b4a0       ml_generic_out_of_bounds_check 000000018001c4a0 f   sfc_mex:sfc_mex.obj
 0001:0001b670       ml_get_element_value_from_array 000000018001c670 f   sfc_mex:sfc_mex.obj
 0001:0001ba10       _ml_generic_castability_check 000000018001ca10 f   sfc_mex:sfc_mex.obj
 0001:0001c770       ml_generic_castability_check 000000018001d770 f   sfc_mex:sfc_mex.obj
 0001:0001c810       ml_check_mx_array_for_single_castability 000000018001d810 f   sfc_mex:sfc_mex.obj
 0001:0001c8b0       ml_check_mx_array_for_logical_castability 000000018001d8b0 f   sfc_mex:sfc_mex.obj
 0001:0001c950       ml_check_mx_array_for_int8_castability 000000018001d950 f   sfc_mex:sfc_mex.obj
 0001:0001ca00       ml_check_mx_array_for_uint8_castability 000000018001da00 f   sfc_mex:sfc_mex.obj
 0001:0001ca60       ml_check_mx_array_for_int16_castability 000000018001da60 f   sfc_mex:sfc_mex.obj
 0001:0001cac0       ml_check_mx_array_for_uint16_castability 000000018001dac0 f   sfc_mex:sfc_mex.obj
 0001:0001cb20       ml_check_mx_array_for_int32_castability 000000018001db20 f   sfc_mex:sfc_mex.obj
 0001:0001cb80       ml_check_mx_array_for_uint32_castability 000000018001db80 f   sfc_mex:sfc_mex.obj
 0001:0001cbe0       ml_check_mx_array_for_castability 000000018001dbe0 f   sfc_mex:sfc_mex.obj
 0001:0001d510       set_data_value             000000018001e510 f   sfc_mex:sfc_mex.obj
 0001:0001d880       get_data_value             000000018001e880 f   sfc_mex:sfc_mex.obj
 0001:0001d990       get_next_element_address   000000018001e990 f   sfc_mex:sfc_mex.obj
 0001:0001da60       sf_normalize_index         000000018001ea60 f   sfc_mex:sfc_mex.obj
 0001:0001ddf0       ml_array_index_bound_check 000000018001edf0 f   sfc_mex:sfc_mex.obj
 0001:0001e910       mx_value                   000000018001f910 f   sfc_mex:sfc_mex.obj
 0001:0001e960       sf_create_numeric_array    000000018001f960 f   sfc_mex:sfc_mex.obj
 0001:0001ea00       sf_mex_assign_to_mx_array  000000018001fa00 f   sfc_mex:sfc_mex.obj
 0001:0001ed50       assign_from_mx_array       000000018001fd50 f   sfc_mex:sfc_mex.obj
 0001:0001f580       sf_mex_import_v            0000000180020580 f   sfc_mex:sfc_mex.obj
 0001:0001fc80       get_machine_and_chart_file_number 0000000180020c80 f   sfc_mex:sfc_sf.obj
 0001:0001fd70       get_sfun_block_specialization 0000000180020d70 f   sfc_mex:sfc_sf.obj
 0001:0001fe20       call_sf_machine_global_method_dispatcher 0000000180020e20 f   sfc_mex:sfc_sf.obj
 0001:00020070       mdl_zeroCrossings_processing 0000000180021070 f   sfc_mex:sfc_sf.obj
 0001:00020140       mdl_derivatives_processing 0000000180021140 f   sfc_mex:sfc_sf.obj
 0001:00020400       mdl_outputs_continuous_legacy 0000000180021400 f   sfc_mex:sfc_sf.obj
 0001:00020480       mdl_outputs_processing     0000000180021480 f   sfc_mex:sfc_sf.obj
 0001:000206f0       mdl_enable_processing      00000001800216f0 f   sfc_mex:sfc_sf.obj
 0001:000207c0       mdl_disable_processing     00000001800217c0 f   sfc_mex:sfc_sf.obj
 0001:00021530       sf_call_output_fcn_enable_disable 0000000180022530 f   sfc_mex:sfc_sf.obj
 0001:000217b0       set_dwork_information_from_mx_array 00000001800227b0 f   sfc_mex:sfc_sf.obj
 0001:00022070       ptr2mxStruct               0000000180023070 f   sfc_mex:sfc_sf.obj
 0001:00022380       SNPRINTF_WRAPPER           0000000180023380 f   sfc_debug:sfcdebug.obj
 0001:000223a0       sf_debug_chart_instance_initialized_quick 00000001800233a0 f   sfc_debug:sfcdebug.obj
 0001:000223b0       sf_debug_chart_instance_initialized 00000001800233b0 f   sfc_debug:sfcdebug.obj
 0001:00022550       sfrtAddSize                0000000180023550 f   sfc_debug:sfcdebug.obj
 0001:00022610       sfrtGenSizeString          0000000180023610 f   sfc_debug:sfcdebug.obj
 0001:00022d20       fill_single_message_info   0000000180023d20 f   sfc_debug:sfcdebug.obj
 0001:00022ee0       sf_debug_sim_status_listener 0000000180023ee0 f   sfc_debug:sfcdebug.obj
 0001:00023450       sf_debug_form_mask_bits    0000000180024450 f   sfc_debug:sfcdebug.obj
 0001:00023490       sf_debug_form_sf_data_type_offsets 0000000180024490 f   sfc_debug:sfcdebug.obj
 0001:00023550       sf_debug_free_all          0000000180024550 f   sfc_debug:sfcdebug.obj
 0001:00023700       sf_debug_append_debugger_context 0000000180024700 f   sfc_debug:sfcdebug.obj
 0001:000238a0       sf_debug_update_always_honor_breakpoints 00000001800248a0 f   sfc_debug:sfcdebug.obj
 0001:00023a70       local_strdup               0000000180024a70 f   sfc_debug:sfcdebug.obj
 0001:00024950       sf_debug_em_terminate      0000000180025950 f   sfc_debug:sfcdebug.obj
 0001:00024990       sf_debug_push_eml_function 0000000180025990 f   sfc_debug:sfcdebug.obj
 0001:00024a30       sf_debug_pop_eml_function  0000000180025a30 f   sfc_debug:sfcdebug.obj
 0001:00025730       sf_debug_get_machine_number_from_id_or_name 0000000180026730 f   sfc_debug:sfcdebug.obj
 0001:00025880       sf_debug_get_chart_number_from_id 0000000180026880 f   sfc_debug:sfcdebug.obj
 0001:00026620       sf_debug_transfer_control_to_debugger_GUI 0000000180027620 f   sfc_debug:sfcdebug.obj
 0001:000275b0       sf_debug_scripts_rehash    00000001800285b0 f   sfc_debug:sfcdebug.obj
 0001:000277f0       sf_debug_get_script_line_count 00000001800287f0 f   sfc_debug:sfcdebug.obj
 0001:00028120       cv_eml_state_cvId          0000000180029120 f   sfc_debug:sfcdebug.obj
 0001:00028190       cv_eml_trans_cvId          0000000180029190 f   sfc_debug:sfcdebug.obj
 0001:00029520       sf_debug_data_array_bounds_error 000000018002a520 f   sfc_debug:sfcdebug.obj
 0001:00029950       eml_debug_runtime_error_doclink 000000018002a950 f   sfc_debug:sfcdebug.obj
 0001:00029ab0       sf_debug_runtime_error     000000018002aab0 f   sfc_debug:sfcdebug.obj
 0001:00029b20       sf_debug_matlab_error      000000018002ab20 f   sfc_debug:sfcdebug.obj
 0001:0002a460       sf_debug_data_value_error  000000018002b460 f   sfc_debug:sfcdebug.obj
 0001:0002ad60       sf_debug_data_loss_error   000000018002bd60 f   sfc_debug:sfcdebug.obj
 0001:0002bcf0       call_cv_range_check        000000018002ccf0 f   sfc_debug:sfcdebug.obj
 0001:0002c4c0       sf_debug_invoke_cycle_detection_code 000000018002d4c0 f   sfc_debug:sfcdebug.obj
 0001:0002d340       sf_reset_debug_info_struct 000000018002e340 f   sfc_debug:sfcdebug.obj
 0001:0002dba0       cv_script_cvId             000000018002eba0 f   sfc_debug:sfcdebug.obj
 0001:0002e900       sfc_api_chart_visible      000000018002f900 f   sfc_debug:sfc_api.obj
 0001:0002e980       sfc_api_active_instance    000000018002f980 f   sfc_debug:sfc_api.obj
 0001:0002ea00       sfc_api_machine_load       000000018002fa00 f   sfc_debug:sfc_api.obj
 0001:0002ead0       sfc_api_debugger_alive     000000018002fad0 f   sfc_debug:sfc_api.obj
 0001:0002eae0       sfc_api_go                 000000018002fae0 f   sfc_debug:sfc_api.obj
 0001:0002eaf0       sfc_api_step_over          000000018002faf0 f   sfc_debug:sfc_api.obj
 0001:0002eb00       sfc_api_step_out           000000018002fb00 f   sfc_debug:sfc_api.obj
 0001:0002eb10       sfc_api_resume             000000018002fb10 f   sfc_debug:sfc_api.obj
 0001:0002eb20       sfc_api_break              000000018002fb20 f   sfc_debug:sfc_api.obj
 0001:0002eb30       sfc_api_stop_debugging     000000018002fb30 f   sfc_debug:sfc_api.obj
 0001:0002eb80       sfc_api_is_cycle_detected  000000018002fb80 f   sfc_debug:sfc_api.obj
 0001:0002ebd0       sfc_api_is_array_bounds_detected 000000018002fbd0 f   sfc_debug:sfc_api.obj
 0001:0002ec20       sfc_api_set_disable_all_breakpoints 000000018002fc20 f   sfc_debug:sfc_api.obj
 0001:0002ec90       sfc_api_disable_all_breakpoints_and_go 000000018002fc90 f   sfc_debug:sfc_api.obj
 0001:0002eca0       sfc_api_close              000000018002fca0 f   sfc_debug:sfc_api.obj
 0001:0002ecb0       sfc_api_browse_data        000000018002fcb0 f   sfc_debug:sfc_api.obj
 0001:0002ed20       sfc_api_watch_data         000000018002fd20 f   sfc_debug:sfc_api.obj
 0001:0002ee20       sfc_api_extract_message_post_receive_info 000000018002fe20 f   sfc_debug:sfc_api.obj
 0001:0002ee40       sfc_api_assign_data        000000018002fe40 f   sfc_debug:sfc_api.obj
 0001:0002eee0       sfc_api_whos               000000018002fee0 f   sfc_debug:sfc_api.obj
 0001:0002ef70       sfc_api_get_consistency_info 000000018002ff70 f   sfc_debug:sfc_api.obj
 0001:0002ef80       sfc_api_browse_trace       000000018002ff80 f   sfc_debug:sfc_api.obj
 0001:0002ef90       sfc_api_break_on_chart_entry 000000018002ff90 f   sfc_debug:sfc_api.obj
 0001:0002efb0       sfc_api_break_on_event_broadcast 000000018002ffb0 f   sfc_debug:sfc_api.obj
 0001:0002efd0       sfc_api_break_on_state_entry 000000018002ffd0 f   sfc_debug:sfc_api.obj
 0001:0002eff0       sfc_api_set_watch          000000018002fff0 f   sfc_debug:sfc_api.obj
 0001:0002f090       sfc_api_set_breakpoints    0000000180030090 f   sfc_debug:sfc_api.obj
 0001:0002f130       sfc_api_set_eml_breakpoints 0000000180030130 f   sfc_debug:sfc_api.obj
 0001:0002f1b0       sfc_api_set_script_breakpoints 00000001800301b0 f   sfc_debug:sfc_api.obj
 0001:0002f200       sfc_api_add_script_breakpoints 0000000180030200 f   sfc_debug:sfc_api.obj
 0001:0002f250       sfc_api_clear_script_breakpoints 0000000180030250 f   sfc_debug:sfc_api.obj
 0001:0002f2a0       sfc_api_query_script_breakpoints 00000001800302a0 f   sfc_debug:sfc_api.obj
 0001:0002f300       sfc_api_get_script_id      0000000180030300 f   sfc_debug:sfc_api.obj
 0001:0002f3c0       sfc_api_get_active_states  00000001800303c0 f   sfc_debug:sfc_api.obj
 0001:0002f440       sfc_api_break_between_times 0000000180030440 f   sfc_debug:sfc_api.obj
 0001:0002f4a0       sfc_api_get_instance_handle 00000001800304a0 f   sfc_debug:sfc_api.obj
 0001:0002f550       sfc_api_set_animation      0000000180030550 f   sfc_debug:sfc_api.obj
 0001:0002f5a0       sfc_api_select_chart       00000001800305a0 f   sfc_debug:sfc_api.obj
 0001:0002f600       sfc_api_select_charts      0000000180030600 f   sfc_debug:sfc_api.obj
 0001:0002f630       sfc_api_cycle_detection_check 0000000180030630 f   sfc_debug:sfc_api.obj
 0001:0002f680       sfc_api_data_range_check   0000000180030680 f   sfc_debug:sfc_api.obj
 0001:0002f6d0       sfc_api_transition_conflict_check 00000001800306d0 f   sfc_debug:sfc_api.obj
 0001:0002f720       sfc_api_state_consistency_check 0000000180030720 f   sfc_debug:sfc_api.obj
 0001:0002f770       sfc_api_set_instance_cv_ids 0000000180030770 f   sfc_debug:sfc_api.obj
 0001:0002f880       sfc_api_set_script_cv_ids  0000000180030880 f   sfc_debug:sfc_api.obj
 0001:0002f930       sfc_api_get_current_machine_id 0000000180030930 f   sfc_debug:sfc_api.obj
 0001:0002f960       sfc_api_get_current_machine_number 0000000180030960 f   sfc_debug:sfc_api.obj
 0001:0002f990       sfc_api_get_current_chart_number 0000000180030990 f   sfc_debug:sfc_api.obj
 0001:0002f9c0       sfc_api_get_current_instance_number 00000001800309c0 f   sfc_debug:sfc_api.obj
 0001:0002f9f0       sfc_api_get_current_instance_handle 00000001800309f0 f   sfc_debug:sfc_api.obj
 0001:0002fa10       sfc_api_get_current_is_minor_time_step 0000000180030a10 f   sfc_debug:sfc_api.obj
 0001:0002fa40       sfc_api_get_current_machine_name 0000000180030a40 f   sfc_debug:sfc_api.obj
 0001:0002fa60       sfc_api_get_current_chart_id 0000000180030a60 f   sfc_debug:sfc_api.obj
 0001:0002fa90       sfc_api_get_current_object_type 0000000180030a90 f   sfc_debug:sfc_api.obj
 0001:0002fac0       sfc_api_get_current_event_type 0000000180030ac0 f   sfc_debug:sfc_api.obj
 0001:0002faf0       sfc_api_get_current_object_id 0000000180030af0 f   sfc_debug:sfc_api.obj
 0001:0002fb20       sfc_get_current_active_event_type 0000000180030b20 f   sfc_debug:sfc_api.obj
 0001:0002fb50       sfc_api_get_current_active_event_id 0000000180030b50 f   sfc_debug:sfc_api.obj
 0001:0002fb80       sfc_api_get_current_simulation_time 0000000180030b80 f   sfc_debug:sfc_api.obj
 0001:0002fba0       sfc_get_current_tag_type   0000000180030ba0 f   sfc_debug:sfc_api.obj
 0001:0002fbd0       sfc_get_current_coverage_percentage 0000000180030bd0 f   sfc_debug:sfc_api.obj
 0001:0002fbf0       sfc_get_current_statement_context 0000000180030bf0 f   sfc_debug:sfc_api.obj
 0001:0002fc10       sfc_get_current_optional_integer 0000000180030c10 f   sfc_debug:sfc_api.obj
 0001:0002fc40       sfc_get_current_statement_info 0000000180030c40 f   sfc_debug:sfc_api.obj
 0001:0002fce0       sfc_api_get                0000000180030ce0 f   sfc_debug:sfc_api.obj
 0001:00030950       sf_debug_sm_fill_state_activity_data 0000000180031950 f   sfc_debug:sfdb_animation.obj
 0001:00033250       void_ptr_stack_vector_free_total 0000000180034250 f   sfc_debug:sfdb_data_browse.obj
 0001:000332e0       sf_debug_st_terminate_machine 00000001800342e0 f   sfc_debug:sfdb_data_browse.obj
 0001:00033320       sf_debug_st_terminate_instance 0000000180034320 f   sfc_debug:sfdb_data_browse.obj
 0001:000336d0       push_on_to_void_ptr_stack  00000001800346d0 f   sfc_debug:sfdb_data_browse.obj
 0001:00033860       pop_from_void_ptr_stack    0000000180034860 f   sfc_debug:sfdb_data_browse.obj
 0001:00033990       sf_debug_st_get_data_value 0000000180034990 f   sfc_debug:sfdb_data_browse.obj
 0001:00033f20       mx_value                   0000000180034f20 f   sfc_debug:sfdb_data_browse.obj
 0001:00033f60       sf_debug_st_fill_data_struct 0000000180034f60 f   sfc_debug:sfdb_data_browse.obj
 0001:000342a0       data_type_format_strings   00000001800352a0 f   sfc_debug:sfdb_data_browse.obj
 0001:00034350       sf_debug_st_fill_data      0000000180035350 f   sfc_debug:sfdb_data_browse.obj
 0001:000350a0       sf_debug_hm_get_simulink_handle 00000001800360a0 f   sfc_debug:sfdb_handle_management.obj
 0001:00035ba0       sf_debug_hm_initialize_globals 0000000180036ba0 f   sfc_debug:sfdb_handle_management.obj
 0001:00035ca0       sf_debug_hm_get_machine_debug_flag 0000000180036ca0 f   sfc_debug:sfdb_handle_management.obj
 0001:00035e10       sf_debug_hm_get_machine_id 0000000180036e10 f   sfc_debug:sfdb_handle_management.obj
 0001:00035f30       sf_debug_hm_get_chart_id   0000000180036f30 f   sfc_debug:sfdb_handle_management.obj
 0001:000360d0       sf_debug_hm_register_executing_SFunction 00000001800370d0 f   sfc_debug:sfdb_handle_management.obj
 0001:00036460       sf_debug_hm_form_object_boolean_properties 0000000180037460 f   sfc_debug:sfdb_handle_management.obj
 0001:00036730       sf_debug_hm_form_object_properties 0000000180037730 f   sfc_debug:sfdb_handle_management.obj
 0001:00036970       sf_debug_hm_terminate_charts 0000000180037970 f   sfc_debug:sfdb_handle_management.obj
 0001:000370d0       sf_debug_hm_terminate_machines 00000001800380d0 f   sfc_debug:sfdb_handle_management.obj
 0001:00038cd0       sf_debug_ss_copy_dimension 0000000180039cd0 f   sfc_debug:sfdb_symbol_scope.obj
 0001:00038d90       sf_debug_ss_get_number_elements 0000000180039d90 f   sfc_debug:sfdb_symbol_scope.obj
 0001:00038db0       sf_debug_ss_fill_data_struct 0000000180039db0 f   sfc_debug:sfdb_symbol_scope.obj
 0001:00039100       sf_debug_ss_reset_data_info 000000018003a100 f   sfc_debug:sfdb_symbol_scope.obj
 0001:00039160       sf_debug_fill_data_info_by_symbol_scope_entry 000000018003a160 f   sfc_debug:sfdb_symbol_scope.obj
 0001:00039220       sf_debug_fill_data_info_by_data_vector 000000018003a220 f   sfc_debug:sfdb_symbol_scope.obj
 0001:00039470       get_data_info_helper       000000018003a470 f   sfc_debug:sfdb_symbol_scope.obj
 0001:00039570       sf_debug_ss_get_data_info  000000018003a570 f   sfc_debug:sfdb_symbol_scope.obj
 0001:000397a0       sf_debug_select_mex_function 000000018003a7a0 f   sfc_debug:sfdb_symbol_scope.obj
 0001:000397d0       sf_debug_is_dyn_matrix_initialized 000000018003a7d0 f   sfc_debug:sfdb_symbol_scope.obj
 0001:000397f0       sf_debug_ss_set_data_value_try 000000018003a7f0 f   sfc_debug:sfdb_symbol_scope.obj
 0001:000399c0       sf_debug_ss_get_data_value 000000018003a9c0 f   sfc_debug:sfdb_symbol_scope.obj
 0001:0003a130       sf_debug_ss_data_bytes_string 000000018003b130 f   sfc_debug:sfdb_symbol_scope.obj
 0001:0003a1e0       sf_debug_ss_data_class_string 000000018003b1e0 f   sfc_debug:sfdb_symbol_scope.obj
 0001:0003a570       sf_debug_ss_data_size_string 000000018003b570 f   sfc_debug:sfdb_symbol_scope.obj
 0001:0003a650       sf_debug_ss_data_create_data_info_struct 000000018003b650 f   sfc_debug:sfdb_symbol_scope.obj
 0001:0003a920       sf_debug_ss_data_create_name_value_pair 000000018003b920 f   sfc_debug:sfdb_symbol_scope.obj
 0001:0003a9c0       sf_debug_ss_data_get_whos_info 000000018003b9c0 f   sfc_debug:sfdb_symbol_scope.obj
 0001:0003a9d0       same_named_data_in_data_array 000000018003b9d0 f   sfc_debug:sfdb_symbol_scope.obj
 0001:0003c260       sf_debug_cc_terminate_chart 000000018003d260 f   sfc_debug:sfdb_coverage.obj
 0001:0003c600       sf_debug_cc_terminate_instance 000000018003d600 f   sfc_debug:sfdb_coverage.obj
 0001:0003d1f0       sf_debug_cc_mark_object_if_needed 000000018003e1f0 f   sfc_debug:sfdb_coverage.obj
 0001:0003daf0       sf_debug_bm_initialize_eml 000000018003eaf0 f   sfc_debug:sfdb_breakpoints.obj
 0001:0003ec30       sf_debug_bm_map_debug_tag_to_breakpoint_tag 000000018003fc30 f   sfc_debug:sfdb_breakpoints.obj
 0001:0003ed10       sf_debug_bm_is_a_eml_breakpoint_impl 000000018003fd10 f   sfc_debug:sfdb_breakpoints.obj
 0001:00040850       sf_debug_sc_push_on_error_stack 0000000180041850 f   sfc_debug:sfdb_state_consistency.obj
 0001:00040980       sf_debug_sc_reset_error_stack 0000000180041980 f   sfc_debug:sfdb_state_consistency.obj
 0001:00040b10       sf_debug_sc_is_state_inconsistent 0000000180041b10 f   sfc_debug:sfdb_state_consistency.obj
 0001:00040e10       sf_debug_sc_fill_consistency_info 0000000180041e10 f   sfc_debug:sfdb_state_consistency.obj
 0001:000413f0       void_assertion_fcn         00000001800423f0 f   sfc_debug:sfdb_call_stack.obj
 0001:00041970       sf_debug_tm_fill_local_trace 0000000180042970 f   sfc_debug:sfdb_call_stack.obj
 0001:00041f40       sf_debug_cd_terminate_instance 0000000180042f40 f   sfc_debug:sfdb_cycle_detection.obj
 0001:00041fa0       sf_debug_cd_free_checksum_stack 0000000180042fa0 f   sfc_debug:sfdb_cycle_detection.obj
 0001:00041ff0       sf_debug_cd_reset_pack_strings 0000000180042ff0 f   sfc_debug:sfdb_cycle_detection.obj
 0001:000426b0       md5file_clear              00000001800436b0 f   sfc_debug:ckmd5.obj
 0001:000426e0       Encode                     00000001800436e0 f   sfc_debug:ckmd5.obj
 0001:00042730       Decode                     0000000180043730 f   sfc_debug:ckmd5.obj
 0001:000427d0       MD5Transform               00000001800437d0 f   sfc_debug:ckmd5.obj
 0001:00043020       md5file_addn               0000000180044020 f   sfc_debug:ckmd5.obj
 0001:000430f0       md5file_hash               00000001800440f0 f   sfc_debug:ckmd5.obj
 0001:000435f4       pre_c_init                 00000001800445f4 f   MSVCRT:crtdll.obj
 0001:000438b0       __DllMainCRTStartup        00000001800448b0 f   MSVCRT:crtdll.obj
 0001:00043fa0       __DllMainCRTStartup$filt$0 0000000180044fa0 f   MSVCRT:crtdll.obj
 0001:00043fd0       __DllMainCRTStartup$fin$1  0000000180044fd0 f   MSVCRT:crtdll.obj
 0001:00043fe9       _onexit$fin$0              0000000180044fe9 f   MSVCRT:atonexit.obj
 0001:00044010       _IsNonwritableInCurrentImage$filt$0 0000000180045010 f   MSVCRT:pesect.obj
