 RadarSystemLevel_3_sfun

 Timestamp is 51362bf6 (Tue Mar 05 11:31:34 2013)

 Preferred load address is 0000000180000000

 Start         Length     Name                   Class
 0001:00000000 00045344H .text                   CODE
 0001:00045350 00000092H .text$x                 CODE
 0002:00000000 000004c0H .idata$5                DATA
 0002:000004c0 00000008H .CRT$XCA                DATA
 0002:000004c8 00000008H .CRT$XCZ                DATA
 0002:000004d0 00000008H .CRT$XIA                DATA
 0002:000004d8 00000008H .CRT$XIAA               DATA
 0002:000004e0 00000008H .CRT$XIZ                DATA
 0002:000004f0 00004b6cH .rdata                  DATA
 0002:00005060 00000008H .rtc$IAA                DATA
 0002:00005068 00000008H .rtc$IZZ                DATA
 0002:00005070 00000008H .rtc$TAA                DATA
 0002:00005078 00000008H .rtc$TZZ                DATA
 0002:00005080 000044ecH .xdata                  DATA
 0002:0000956c 000000a0H .idata$2                DATA
 0002:0000960c 00000014H .idata$3                DATA
 0002:00009620 000004c0H .idata$4                DATA
 0002:00009ae0 00000b2eH .idata$6                DATA
 0002:0000a610 0000005dH .edata                  DATA
 0003:00000000 0000a238H .data                   DATA
 0003:0000a240 00002438H .bss                    DATA
 0004:00000000 000034ecH .pdata                  DATA

  Address         Publics by Value              Rva+Base               Lib:Object

 0000:00000000       ___safe_se_handler_table   0000000000000000     <absolute>
 0000:00000000       ___safe_se_handler_count   0000000000000000     <absolute>
 0000:00000000       __ImageBase                0000000180000000     <linker-defined>
 0001:00000000       sf_c1_RadarSystemLevel_3_get_eml_resolved_functions_info 0000000180001000 f   c1_RadarSystemLevel_3.obj
 0001:00001620       sf_c1_RadarSystemLevel_3_get_check_sum 0000000180002620 f   c1_RadarSystemLevel_3.obj
 0001:000016a0       sf_c1_RadarSystemLevel_3_get_autoinheritance_info 00000001800026a0 f   c1_RadarSystemLevel_3.obj
 0001:00001da0       sf_c1_RadarSystemLevel_3_third_party_uses_info 0000000180002da0 f   c1_RadarSystemLevel_3.obj
 0001:00001dd0       sf_internal_get_sim_state_c1_RadarSystemLevel_3 0000000180002dd0 f   c1_RadarSystemLevel_3.obj
 0001:00002160       sf_internal_set_sim_state_c1_RadarSystemLevel_3 0000000180003160 f   c1_RadarSystemLevel_3.obj
 0001:00002640       c1_RadarSystemLevel_3_method_dispatcher 0000000180003640 f   c1_RadarSystemLevel_3.obj
 0001:000049f0       sf_c2_RadarSystemLevel_3_get_eml_resolved_functions_info 00000001800059f0 f   c2_RadarSystemLevel_3.obj
 0001:00009cd0       sf_c2_RadarSystemLevel_3_get_check_sum 000000018000acd0 f   c2_RadarSystemLevel_3.obj
 0001:00009d50       sf_c2_RadarSystemLevel_3_get_autoinheritance_info 000000018000ad50 f   c2_RadarSystemLevel_3.obj
 0001:00009ff0       sf_c2_RadarSystemLevel_3_third_party_uses_info 000000018000aff0 f   c2_RadarSystemLevel_3.obj
 0001:0000a020       sf_internal_get_sim_state_c2_RadarSystemLevel_3 000000018000b020 f   c2_RadarSystemLevel_3.obj
 0001:0000a3a0       sf_internal_set_sim_state_c2_RadarSystemLevel_3 000000018000b3a0 f   c2_RadarSystemLevel_3.obj
 0001:0000a880       c2_RadarSystemLevel_3_method_dispatcher 000000018000b880 f   c2_RadarSystemLevel_3.obj
 0001:0000e660       sf_c3_RadarSystemLevel_3_get_eml_resolved_functions_info 000000018000f660 f   c3_RadarSystemLevel_3.obj
 0001:0000f440       sf_c3_RadarSystemLevel_3_get_check_sum 0000000180010440 f   c3_RadarSystemLevel_3.obj
 0001:0000f4c0       sf_c3_RadarSystemLevel_3_get_autoinheritance_info 00000001800104c0 f   c3_RadarSystemLevel_3.obj
 0001:0000fd10       sf_c3_RadarSystemLevel_3_third_party_uses_info 0000000180010d10 f   c3_RadarSystemLevel_3.obj
 0001:0000fd40       sf_internal_get_sim_state_c3_RadarSystemLevel_3 0000000180010d40 f   c3_RadarSystemLevel_3.obj
 0001:000100d0       sf_internal_set_sim_state_c3_RadarSystemLevel_3 00000001800110d0 f   c3_RadarSystemLevel_3.obj
 0001:000105b0       c3_RadarSystemLevel_3_method_dispatcher 00000001800115b0 f   c3_RadarSystemLevel_3.obj
 0001:00012fc0       sf_process_check_sum_call  0000000180013fc0 f   RadarSystemLevel_3_sfun_registry.obj
 0001:00013010       sf_process_autoinheritance_call 0000000180014010 f   RadarSystemLevel_3_sfun_registry.obj
 0001:000131b0       sf_process_get_third_party_uses_info_call 00000001800141b0 f   RadarSystemLevel_3_sfun_registry.obj
 0001:00013350       sf_process_get_eml_resolved_functions_info_call 0000000180014350 f   RadarSystemLevel_3_sfun_registry.obj
 0001:000134d0       sf_mex_unlock_call         00000001800144d0 f   RadarSystemLevel_3_sfun_registry.obj
 0001:00013580       sf_machine_global_initializer_called 0000000180014580 f   RadarSystemLevel_3_sfun_registry.obj
 0001:000135b0       sf_machine_global_method_dispatcher 00000001800145b0 f   RadarSystemLevel_3_sfun_registry.obj
 0001:00013610       sf_machine_global_terminator 0000000180014610 f   RadarSystemLevel_3_sfun_registry.obj
 0001:00013660       sf_register_machine_exported_symbols 0000000180014660 f   RadarSystemLevel_3_sfun_registry.obj
 0001:00013680       callCustomFcn              0000000180014680 f   RadarSystemLevel_3_sfun_registry.obj
 0001:00013690       sf_machine_global_initializer 0000000180014690 f   RadarSystemLevel_3_sfun_registry.obj
 0001:00013710       _ssSetStateAbsTol          0000000180014710 f   RadarSystemLevel_3_sfun_registry.obj
 0001:000137f0       _ssGetAbsTol               00000001800147f0 f   RadarSystemLevel_3_sfun_registry.obj
 0001:00013860       _ssSetInputPortMatrixDimensions 0000000180014860 f   RadarSystemLevel_3_sfun_registry.obj
 0001:00013970       _ssSetOutputPortMatrixDimensions 0000000180014970 f   RadarSystemLevel_3_sfun_registry.obj
 0001:00013a80       _ssSetInputPortVectorDimension 0000000180014a80 f   RadarSystemLevel_3_sfun_registry.obj
 0001:00013b50       _ssSetOutputPortVectorDimension 0000000180014b50 f   RadarSystemLevel_3_sfun_registry.obj
 0001:00013c20       ssIsRunTimeParamTunable    0000000180014c20 f   RadarSystemLevel_3_sfun_registry.obj
 0001:00013c90       ssGetSFuncBlockHandle      0000000180014c90 f   RadarSystemLevel_3_sfun_registry.obj
 0001:00013d00       _ssGetCurrentInputPortWidth 0000000180014d00 f   RadarSystemLevel_3_sfun_registry.obj
 0001:00013e20       _ssGetCurrentOutputPortWidth 0000000180014e20 f   RadarSystemLevel_3_sfun_registry.obj
 0001:00013f40       _ssGetCallSystemNumFcnCallDestinations 0000000180014f40 f   RadarSystemLevel_3_sfun_registry.obj
 0001:00013fb0       ssWarning                  0000000180014fb0 f   RadarSystemLevel_3_sfun_registry.obj
 0001:000140c0       ssGetIsZeroCrossControlDisabled 00000001800150c0 f   RadarSystemLevel_3_sfun_registry.obj
 0001:00014130       ssSetIsInputPortUsedForContZcSignal 0000000180015130 f   RadarSystemLevel_3_sfun_registry.obj
 0001:000141a0       ssSetZcSignalIsZcElementDisc 00000001800151a0 f   RadarSystemLevel_3_sfun_registry.obj
 0001:00014250       ssSetZcSignalName          0000000180015250 f   RadarSystemLevel_3_sfun_registry.obj
 0001:000142c0       ssSetZcSignalWidth         00000001800152c0 f   RadarSystemLevel_3_sfun_registry.obj
 0001:00014330       ssSetZcSignalZcEventType   0000000180015330 f   RadarSystemLevel_3_sfun_registry.obj
 0001:000143a0       ssSetZcSignalType          00000001800153a0 f   RadarSystemLevel_3_sfun_registry.obj
 0001:00014410       ssSetZcSignalZcTol         0000000180015410 f   RadarSystemLevel_3_sfun_registry.obj
 0001:00014480       ssSetZcSignalNeedsEventNotification 0000000180015480 f   RadarSystemLevel_3_sfun_registry.obj
 0001:000144f0       ssCreateAndAddZcSignalInfo 00000001800154f0 f   RadarSystemLevel_3_sfun_registry.obj
 0001:00014560       ssCloneAndAddZcSignalInfo  0000000180015560 f   RadarSystemLevel_3_sfun_registry.obj
 0001:000145d0       ssGetNumZcSignals          00000001800155d0 f   RadarSystemLevel_3_sfun_registry.obj
 0001:00014640       ssGetZcSignalVector        0000000180015640 f   RadarSystemLevel_3_sfun_registry.obj
 0001:000146b0       ssGetZcSignalZcEvents      00000001800156b0 f   RadarSystemLevel_3_sfun_registry.obj
 0001:00014720       ssGetZcSignalName          0000000180015720 f   RadarSystemLevel_3_sfun_registry.obj
 0001:00014790       ssGetZcSignalWidth         0000000180015790 f   RadarSystemLevel_3_sfun_registry.obj
 0001:00014800       ssGetZcSignalZcEventType   0000000180015800 f   RadarSystemLevel_3_sfun_registry.obj
 0001:00014870       ssGetZcSignalType          0000000180015870 f   RadarSystemLevel_3_sfun_registry.obj
 0001:000148e0       ssGetZcSignalZcTol         00000001800158e0 f   RadarSystemLevel_3_sfun_registry.obj
 0001:00014960       ssGetZcSignalNeedsEventNotification 0000000180015960 f   RadarSystemLevel_3_sfun_registry.obj
 0001:000149d0       ssGetZcSignalIsZcElementDisc 00000001800159d0 f   RadarSystemLevel_3_sfun_registry.obj
 0001:00014a70       ssGetIsInputPortElementContinuous 0000000180015a70 f   RadarSystemLevel_3_sfun_registry.obj
 0001:00014b10       _ssGetInputPortSignalPtrsFcn 0000000180015b10 f   RadarSystemLevel_3_sfun_registry.obj
 0001:00014dd0       _ssGetInputPortSignalFcn   0000000180015dd0 f   RadarSystemLevel_3_sfun_registry.obj
 0001:00014ff0       _ssSetInputPortDirectFeedThroughFcn 0000000180015ff0 f   RadarSystemLevel_3_sfun_registry.obj
 0001:00015150       _ssSetInputPortReusableFcn 0000000180016150 f   RadarSystemLevel_3_sfun_registry.obj
 0001:00015240       _ssSetOutputPortReusableFcn 0000000180016240 f   RadarSystemLevel_3_sfun_registry.obj
 0001:00015320       ssGetDTypeIdFromMxArray    0000000180016320 f   RadarSystemLevel_3_sfun_registry.obj
 0001:00015440       ssWriteRTWStr              0000000180016440 f   RadarSystemLevel_3_sfun_registry.obj
 0001:000154a0       ssWriteRTWMxVectParam      00000001800164a0 f   RadarSystemLevel_3_sfun_registry.obj
 0001:00015500       ssWriteRTWMx2dMatParam     0000000180016500 f   RadarSystemLevel_3_sfun_registry.obj
 0001:00015580       ssWriteRTWNameValuePair    0000000180016580 f   RadarSystemLevel_3_sfun_registry.obj
 0001:00015a70       ssWriteRTWParameters       0000000180016a70 f   RadarSystemLevel_3_sfun_registry.obj
 0001:00016070       ssWriteRTWParamSettings    0000000180017070 f   RadarSystemLevel_3_sfun_registry.obj
 0001:00016740       ssWriteRTWWorkVect         0000000180017740 f   RadarSystemLevel_3_sfun_registry.obj
 0001:00016c40       mexFunction                0000000180017c40 f   RadarSystemLevel_3_sfun_registry.obj
 0001:00018970       ProcessMexSfunctionEveryCall 0000000180019970 f   RadarSystemLevel_3_sfun_registry.obj
 0001:00018ae0       RadarSystemLevel_3_initializer 0000000180019ae0 f   RadarSystemLevel_3_sfun.obj
 0001:00018af0       RadarSystemLevel_3_terminator 0000000180019af0 f   RadarSystemLevel_3_sfun.obj
 0001:00018b00       sf_RadarSystemLevel_3_method_dispatcher 0000000180019b00 f   RadarSystemLevel_3_sfun.obj
 0001:00018b90       sf_RadarSystemLevel_3_process_check_sum_call 0000000180019b90 f   RadarSystemLevel_3_sfun.obj
 0001:00018fd0       sf_RadarSystemLevel_3_autoinheritance_info 0000000180019fd0 f   RadarSystemLevel_3_sfun.obj
 0001:000191e0       sf_RadarSystemLevel_3_get_eml_resolved_functions_info 000000018001a1e0 f   RadarSystemLevel_3_sfun.obj
 0001:00019390       sf_RadarSystemLevel_3_third_party_uses_info 000000018001a390 f   RadarSystemLevel_3_sfun.obj
 0001:00019540       RadarSystemLevel_3_debug_initialize 000000018001a540 f   RadarSystemLevel_3_sfun.obj
 0001:000195c0       RadarSystemLevel_3_register_exported_symbols 000000018001a5c0 f   RadarSystemLevel_3_sfun.obj
 0001:000195d0       load_RadarSystemLevel_3_optimization_info 000000018001a5d0 f   RadarSystemLevel_3_sfun.obj
 0001:00019620       unload_RadarSystemLevel_3_optimization_info 000000018001a620 f   RadarSystemLevel_3_sfun.obj
 0001:00019740       sf_mex_mx_is_numeric       000000018001a740 f   sfc_mex:sfc_mex.obj
 0001:00019780       strcmp_ignore_ws           000000018001a780 f   sfc_mex:sfc_mex.obj
 0001:000198c0       sf_mex_duplicatearraysafe  000000018001a8c0 f   sfc_mex:sfc_mex.obj
 0001:00019a20       sf_set_error_debugger_context_message_fcn 000000018001aa20 f   sfc_mex:sfc_mex.obj
 0001:00019a30       sf_set_debugger_matlab_error_fcn 000000018001aa30 f   sfc_mex:sfc_mex.obj
 0001:00019a70       sf_set_error_prefix_string 000000018001aa70 f   sfc_mex:sfc_mex.obj
 0001:00019aa0       sf_get_error_prefix_string 000000018001aaa0 f   sfc_mex:sfc_mex.obj
 0001:00019ab0       sf_mex_enter_parallel_region 000000018001aab0 f   sfc_mex:sfc_mex.obj
 0001:00019ac0       sf_mex_exit_parallel_region 000000018001aac0 f   sfc_mex:sfc_mex.obj
 0001:00019ad0       sf_get_current_jmp_buf_ptr 000000018001aad0 f   sfc_mex:sfc_mex.obj
 0001:00019ae0       sf_set_current_jmp_buf_ptr 000000018001aae0 f   sfc_mex:sfc_mex.obj
 0001:00019af0       sf_mex_set_halt_simulation 000000018001aaf0 f   sfc_mex:sfc_mex.obj
 0001:00019b00       sf_mex_get_halt_simulation 000000018001ab00 f   sfc_mex:sfc_mex.obj
 0001:00019b10       sf_mex_clear_error_message 000000018001ab10 f   sfc_mex:sfc_mex.obj
 0001:00019b30       sf_mex_get_error_message_for_read 000000018001ab30 f   sfc_mex:sfc_mex.obj
 0001:00019b40       sf_mex_get_error_message_buffer_length 000000018001ab40 f   sfc_mex:sfc_mex.obj
 0001:00019c20       sf_mex_warning_message     000000018001ac20 f   sfc_mex:sfc_mex.obj
 0001:00019c90       sf_mex_v_errbuf_createf    000000018001ac90 f   sfc_mex:sfc_mex.obj
 0001:00019ca0       sf_mex_errbuf_createf      000000018001aca0 f   sfc_mex:sfc_mex.obj
 0001:00019cd0       sf_mex_v_errbuf_catf       000000018001acd0 f   sfc_mex:sfc_mex.obj
 0001:00019d10       sf_mex_errbuf_catf         000000018001ad10 f   sfc_mex:sfc_mex.obj
 0001:00019d60       sf_mex_errbuf_copy         000000018001ad60 f   sfc_mex:sfc_mex.obj
 0001:00019d70       sf_mex_errbuf_clear        000000018001ad70 f   sfc_mex:sfc_mex.obj
 0001:00019d80       sf_mex_errbuf_isempty      000000018001ad80 f   sfc_mex:sfc_mex.obj
 0001:00019e80       sf_mex_set_error_status    000000018001ae80 f   sfc_mex:sfc_mex.obj
 0001:00019ed0       sf_mex_error_direct_call   000000018001aed0 f   sfc_mex:sfc_mex.obj
 0001:00019ef0       sf_mex_error_message_no_long_jump 000000018001aef0 f   sfc_mex:sfc_mex.obj
 0001:00019f10       sf_mex_long_jump_on_error  000000018001af10 f   sfc_mex:sfc_mex.obj
 0001:00019f40       sf_mex_call_matlab         000000018001af40 f   sfc_mex:sfc_mex.obj
 0001:0001a060       sf_mex_check_builtin       000000018001b060 f   sfc_mex:sfc_mex.obj
 0001:0001a100       sf_mex_check_builtin_vs    000000018001b100 f   sfc_mex:sfc_mex.obj
 0001:0001a1c0       sf_mex_check_enum          000000018001b1c0 f   sfc_mex:sfc_mex.obj
 0001:0001a240       sf_mex_create_enum         000000018001b240 f   sfc_mex:sfc_mex.obj
 0001:0001a2b0       sf_mex_get_enum_element    000000018001b2b0 f   sfc_mex:sfc_mex.obj
 0001:0001a2c0       sf_mex_createcellarray     000000018001b2c0 f   sfc_mex:sfc_mex.obj
 0001:0001a2d0       sf_mex_setcell             000000018001b2d0 f   sfc_mex:sfc_mex.obj
 0001:0001a2e0       sf_mex_getcell             000000018001b2e0 f   sfc_mex:sfc_mex.obj
 0001:0001a2f0       sf_mex_dup                 000000018001b2f0 f   sfc_mex:sfc_mex.obj
 0001:0001a310       sf_mex_assign              000000018001b310 f   sfc_mex:sfc_mex.obj
 0001:0001a390       sf_mex_destroy             000000018001b390 f   sfc_mex:sfc_mex.obj
 0001:0001a3c0       mx_array_has_fi_type       000000018001b3c0 f   sfc_mex:sfc_mex.obj
 0001:0001a3f0       sf_mex_convert_from_fi     000000018001b3f0 f   sfc_mex:sfc_mex.obj
 0001:0001a520       sf_mex_convert_to_double   000000018001b520 f   sfc_mex:sfc_mex.obj
 0001:0001a640       sf_mex_import_fi_vs        000000018001b640 f   sfc_mex:sfc_mex.obj
 0001:0001a870       sf_matrix_matrix_index_ok  000000018001b870 f   sfc_mex:sfc_mex.obj
 0001:0001a900       sf_vector_vector_index_ok  000000018001b900 f   sfc_mex:sfc_mex.obj
 0001:0001a930       ssGetCurrentInputPortDimensions_wrapper 000000018001b930 f   sfc_mex:sfc_mex.obj
 0001:0001a950       ssGetCurrentOutputPortDimensions_wrapper 000000018001b950 f   sfc_mex:sfc_mex.obj
 0001:0001a970       sf_mex_emlrt_context_is_debug_mode 000000018001b970 f   sfc_mex:sfc_mex.obj
 0001:0001a980       sf_mex_emlrt_context_set_debug_mode 000000018001b980 f   sfc_mex:sfc_mex.obj
 0001:0001a990       sf_mex_emlrtNameCapturePostProcessR2012a 000000018001b990 f   sfc_mex:sfc_mex.obj
 0001:0001aa00       sf_clear_error_manager_info 000000018001ba00 f   sfc_mex:sfc_mex.obj
 0001:0001aa60       sf_mex_stop_simulation_abruptly_wo_error 000000018001ba60 f   sfc_mex:sfc_mex.obj
 0001:0001aaa0       sf_mex_error_message       000000018001baa0 f   sfc_mex:sfc_mex.obj
 0001:0001ab10       sf_react_to_error_in_matlab_call 000000018001bb10 f   sfc_mex:sfc_mex.obj
 0001:0001ab40       sf_mex_addfield            000000018001bb40 f   sfc_mex:sfc_mex.obj
 0001:0001abe0       sf_mex_getfield            000000018001bbe0 f   sfc_mex:sfc_mex.obj
 0001:0001aee0       sf_mex_check_class         000000018001bee0 f   sfc_mex:sfc_mex.obj
 0001:0001af80       sf_mex_is_real             000000018001bf80 f   sfc_mex:sfc_mex.obj
 0001:0001b3f0       sf_mex_decode_encoded_mx_struct_array 000000018001c3f0 f   sfc_mex:sfc_mex.obj
 0001:0001b6e0       sf_mex_lw_bounds_check     000000018001c6e0 f   sfc_mex:sfc_mex.obj
 0001:0001b710       sf_mex_lw_size_eq_check_1d 000000018001c710 f   sfc_mex:sfc_mex.obj
 0001:0001b730       sf_mex_lw_size_eq_check_nd 000000018001c730 f   sfc_mex:sfc_mex.obj
 0001:0001b910       sf_mex_lw_dim_size_eq_check 000000018001c910 f   sfc_mex:sfc_mex.obj
 0001:0001b940       sf_mex_lw_dim_size_geq_check 000000018001c940 f   sfc_mex:sfc_mex.obj
 0001:0001b970       sf_mex_lw_sub_assign_size_check_nd 000000018001c970 f   sfc_mex:sfc_mex.obj
 0001:0001bb40       sf_mex_lw_runtime_error_msgid 000000018001cb40 f   sfc_mex:sfc_mex.obj
 0001:0001bc30       sf_mex_lw_matrix_matrix_index_check 000000018001cc30 f   sfc_mex:sfc_mex.obj
 0001:0001bc50       sf_mex_lw_vector_vector_index_check 000000018001cc50 f   sfc_mex:sfc_mex.obj
 0001:0001bc90       sf_mex_lw_for_loop_vector_check 000000018001cc90 f   sfc_mex:sfc_mex.obj
 0001:0001bd20       sf_mex_lw_non_negative_check 000000018001cd20 f   sfc_mex:sfc_mex.obj
 0001:0001bd60       sf_mex_overflow_error      000000018001cd60 f   sfc_mex:sfc_mex.obj
 0001:0001bd70       sf_mex_dividebyzero_error  000000018001cd70 f   sfc_mex:sfc_mex.obj
 0001:0001bd80       sf_mex_unsafe_enum_error   000000018001cd80 f   sfc_mex:sfc_mex.obj
 0001:0001bd90       sf_emlrtErrHandler         000000018001cd90 f   sfc_mex:sfc_mex.obj
 0001:0001be70       sf_mex_size_one_check      000000018001ce70 f   sfc_mex:sfc_mex.obj
 0001:0001be90       sf_mex_printf              000000018001ce90 f   sfc_mex:sfc_mex.obj
 0001:0001c060       sf_mex_check_size          000000018001d060 f   sfc_mex:sfc_mex.obj
 0001:0001c300       sf_mex_check_struct        000000018001d300 f   sfc_mex:sfc_mex.obj
 0001:0001c560       sf_mex_check_struct_vs     000000018001d560 f   sfc_mex:sfc_mex.obj
 0001:0001c5f0       sf_mex_check_fi            000000018001d5f0 f   sfc_mex:sfc_mex.obj
 0001:0001c6f0       sf_mex_check_fi_vs         000000018001d6f0 f   sfc_mex:sfc_mex.obj
 0001:0001c790       sf_echo_expression         000000018001d790 f   sfc_mex:sfc_mex.obj
 0001:0001c7f0       sf_assertion_failed        000000018001d7f0 f   sfc_mex:sfc_mex.obj
 0001:0001cad0       sf_mex_evalin              000000018001dad0 f   sfc_mex:sfc_mex.obj
 0001:0001cd40       sf_mex_export              000000018001dd40 f   sfc_mex:sfc_mex.obj
 0001:0001ce00       sf_mex_get_ml_var_no_error 000000018001de00 f   sfc_mex:sfc_mex.obj
 0001:0001cfa0       sf_mex_get_ml_var          000000018001dfa0 f   sfc_mex:sfc_mex.obj
 0001:0001d430       ml_set_element_value_in_array 000000018001e430 f   sfc_mex:sfc_mex.obj
 0001:0001e4f0       sf_mex_call_impl           000000018001f4f0 f   sfc_mex:sfc_mex.obj
 0001:0001e910       sf_mex_call_debug          000000018001f910 f   sfc_mex:sfc_mex.obj
 0001:0001e940       sf_mex_call                000000018001f940 f   sfc_mex:sfc_mex.obj
 0001:0001ef90       sf_mex_createstruct        000000018001ff90 f   sfc_mex:sfc_mex.obj
 0001:0001f0a0       sf_mex_createstructarray   00000001800200a0 f   sfc_mex:sfc_mex.obj
 0001:0001f120       sf_mex_get_mx_datatype_from_sf_datatype 0000000180020120 f   sfc_mex:sfc_mex.obj
 0001:0001f430       sf_mex_ml_var_sub          0000000180020430 f   sfc_mex:sfc_mex.obj
 0001:0001f610       sf_mex_ml_var_subsasgn     0000000180020610 f   sfc_mex:sfc_mex.obj
 0001:0001fa10       sf_mex_sub                 0000000180020a10 f   sfc_mex:sfc_mex.obj
 0001:0001fc20       sf_mex_subsasgn            0000000180020c20 f   sfc_mex:sfc_mex.obj
 0001:00020130       sf_mex_create              0000000180021130 f   sfc_mex:sfc_mex.obj
 0001:00020ad0       sf_mex_import_named        0000000180021ad0 f   sfc_mex:sfc_mex.obj
 0001:00020b30       sf_mex_import              0000000180021b30 f   sfc_mex:sfc_mex.obj
 0001:00020b80       sf_mex_import_vs           0000000180021b80 f   sfc_mex:sfc_mex.obj
 0001:00020c90       sf_mex_lower_fixpt_mx_array 0000000180021c90 f   sfc_mex:sfc_mex.obj
 0001:00020f90       sf_send_message_wrapper    0000000180021f90 f   sfc_mex:sfc_sf.obj
 0001:00020fc0       sf_receive_message_wrapper 0000000180021fc0 f   sfc_mex:sfc_sf.obj
 0001:00021000       sf_check_out_message_wrapper 0000000180022000 f   sfc_mex:sfc_sf.obj
 0001:00021040       sf_check_in_message_wrapper 0000000180022040 f   sfc_mex:sfc_sf.obj
 0001:00021080       sf_no_message_wrapper      0000000180022080 f   sfc_mex:sfc_sf.obj
 0001:00021410       sim_mode_is_rtw_gen        0000000180022410 f   sfc_mex:sfc_sf.obj
 0001:00021440       sim_mode_is_external       0000000180022440 f   sfc_mex:sfc_sf.obj
 0001:00021450       sim_mode_is_modelref_sim   0000000180022450 f   sfc_mex:sfc_sf.obj
 0001:00021470       mdlInitializeSizes         0000000180022470 f   sfc_mex:sfc_sf.obj
 0001:00021490       mdlInitializeSampleTimes   0000000180022490 f   sfc_mex:sfc_sf.obj
 0001:000214d0       mdlZeroCrossings           00000001800224d0 f   sfc_mex:sfc_sf.obj
 0001:000215c0       mdlDerivatives             00000001800225c0 f   sfc_mex:sfc_sf.obj
 0001:00021680       mdl_initialize_conditions_processing 0000000180022680 f   sfc_mex:sfc_sf.obj
 0001:000216b0       mdlInitializeConditions    00000001800226b0 f   sfc_mex:sfc_sf.obj
 0001:00021770       mdlGetSimState             0000000180022770 f   sfc_mex:sfc_sf.obj
 0001:00021780       mdlSetSimState             0000000180022780 f   sfc_mex:sfc_sf.obj
 0001:00021790       mdl_ext_mode_exec_processing 0000000180022790 f   sfc_mex:sfc_sf.obj
 0001:000217b0       mdlExtModeExec             00000001800227b0 f   sfc_mex:sfc_sf.obj
 0001:00021950       mdlTerminate               0000000180022950 f   sfc_mex:sfc_sf.obj
 0001:000219c0       mdlRTW                     00000001800229c0 f   sfc_mex:sfc_sf.obj
 0001:000219f0       mdlSetWorkWidths           00000001800229f0 f   sfc_mex:sfc_sf.obj
 0001:00021a00       mdlProcessParameters       0000000180022a00 f   sfc_mex:sfc_sf.obj
 0001:00021a10       mdl_start_processing       0000000180022a10 f   sfc_mex:sfc_sf.obj
 0001:00021a70       mdlStart                   0000000180022a70 f   sfc_mex:sfc_sf.obj
 0001:00021b80       mdlEnable                  0000000180022b80 f   sfc_mex:sfc_sf.obj
 0001:00021c60       mdlDisable                 0000000180022c60 f   sfc_mex:sfc_sf.obj
 0001:00021d20       sf_get_chart_instance_ptr  0000000180022d20 f   sfc_mex:sfc_sf.obj
 0001:00021d40       sf_load_rtw_optimization_info 0000000180022d40 f   sfc_mex:sfc_sf.obj
 0001:00021e10       sf_update_buildInfo        0000000180022e10 f   sfc_mex:sfc_sf.obj
 0001:00021f10       sf_rtw_info_uint_prop      0000000180022f10 f   sfc_mex:sfc_sf.obj
 0001:00022050       sf_is_chart_inlinable      0000000180023050 f   sfc_mex:sfc_sf.obj
 0001:00022070       sf_mark_output_events_with_multiple_callers 0000000180023070 f   sfc_mex:sfc_sf.obj
 0001:00022200       sf_mark_chart_reusable_outputs 0000000180023200 f   sfc_mex:sfc_sf.obj
 0001:00022460       sf_mark_chart_expressionable_inputs 0000000180023460 f   sfc_mex:sfc_sf.obj
 0001:000226c0       sf_get_subchart_simstruct  00000001800236c0 f   sfc_mex:sfc_sf.obj
 0001:00022710       sf_get_fixpt_data_type_id  0000000180023710 f   sfc_mex:sfc_sf.obj
 0001:00022750       sf_get_enum_data_type_id   0000000180023750 f   sfc_mex:sfc_sf.obj
 0001:00022790       sf_get_param_data_type_id  0000000180023790 f   sfc_mex:sfc_sf.obj
 0001:000227c0       sf_mex_listen_for_ctrl_c_force 00000001800237c0 f   sfc_mex:sfc_sf.obj
 0001:000228d0       sf_mex_draw_now            00000001800238d0 f   sfc_mex:sfc_sf.obj
 0001:00022910       sf_mex_set_debugger_sim_status_listener_fcn 0000000180023910 f   sfc_mex:sfc_sf.obj
 0001:00022920       sf_mex_listen_for_ctrl_c   0000000180023920 f   sfc_mex:sfc_sf.obj
 0001:000229c0       sf_mex_get_sfun_param      00000001800239c0 f   sfc_mex:sfc_sf.obj
 0001:00022a10       sf_get_runtime_param_data  0000000180023a10 f   sfc_mex:sfc_sf.obj
 0001:00022a50       sf_call_output_fcn_call    0000000180023a50 f   sfc_mex:sfc_sf.obj
 0001:00022b90       sf_call_output_fcn_enable  0000000180023b90 f   sfc_mex:sfc_sf.obj
 0001:00022c20       sf_call_output_fcn_disable 0000000180023c20 f   sfc_mex:sfc_sf.obj
 0001:00022cb0       sf_clear_rtw_identifier    0000000180023cb0 f   sfc_mex:sfc_sf.obj
 0001:000234d0       sf_set_encoded_dwork_info  00000001800244d0 f   sfc_mex:sfc_sf.obj
 0001:00023520       sf_get_dwork_info_from_mat_file 0000000180024520 f   sfc_mex:sfc_sf.obj
 0001:000236e0       sf_set_rtw_dwork_info      00000001800246e0 f   sfc_mex:sfc_sf.obj
 0001:00023850       mdlOutputs                 0000000180024850 f   sfc_mex:sfc_sf.obj
 0001:00023970       sf_debug_chart_instance_initialized_quick 0000000180024970 f   sfc_debug:sfcdebug.obj
 0001:000239f0       sf_debug_disp              00000001800249f0 f   sfc_debug:sfcdebug.obj
 0001:00023cc0       sf_debug_data_runtime_size_mismatch_error_check 0000000180024cc0 f   sfc_debug:sfcdebug.obj
 0001:00023d70       sf_debug_try_loading_machine 0000000180024d70 f   sfc_debug:sfcdebug.obj
 0001:00023e70       sf_debug_reset_current_state_configuration 0000000180024e70 f   sfc_debug:sfcdebug.obj
 0001:00023ef0       sf_debug_store_current_state_configuration 0000000180024ef0 f   sfc_debug:sfcdebug.obj
 0001:00023f70       sf_debug_restore_previous_state_configuration 0000000180024f70 f   sfc_debug:sfcdebug.obj
 0001:00023ff0       sf_debug_restore_previous_state_configuration2 0000000180024ff0 f   sfc_debug:sfcdebug.obj
 0001:00024070       sf_debug_get_event_scope   0000000180025070 f   sfc_debug:sfcdebug.obj
 0001:000241e0       use_debugger_step_animation 00000001800251e0 f   sfc_debug:sfcdebug.obj
 0001:00024200       sf_debug_get_script_id     0000000180025200 f   sfc_debug:sfcdebug.obj
 0001:00024290       sf_debug_set_script_translation 0000000180025290 f   sfc_debug:sfcdebug.obj
 0001:00024410       sf_debug_extract_message_post_receive_info 0000000180025410 f   sfc_debug:sfcdebug.obj
 0001:000245d0       sf_debug_get_current_machine_id 00000001800255d0 f   sfc_debug:sfcdebug.obj
 0001:000245f0       sf_debug_get_current_optional_integer 00000001800255f0 f   sfc_debug:sfcdebug.obj
 0001:00024600       sf_debug_get_current_machine_number 0000000180025600 f   sfc_debug:sfcdebug.obj
 0001:00024620       sf_debug_get_current_machine_name 0000000180025620 f   sfc_debug:sfcdebug.obj
 0001:00024640       sf_debug_get_current_chart_id 0000000180025640 f   sfc_debug:sfcdebug.obj
 0001:00024680       sf_debug_get_current_chart_number 0000000180025680 f   sfc_debug:sfcdebug.obj
 0001:00024690       sf_debug_get_current_instance_number 0000000180025690 f   sfc_debug:sfcdebug.obj
 0001:000246a0       sf_debug_get_current_is_minor_time_step 00000001800256a0 f   sfc_debug:sfcdebug.obj
 0001:00024720       sf_debug_get_current_object_type 0000000180025720 f   sfc_debug:sfcdebug.obj
 0001:00024730       sf_debug_get_current_instance_handle 0000000180025730 f   sfc_debug:sfcdebug.obj
 0001:00024790       sf_debug_get_current_event_type 0000000180025790 f   sfc_debug:sfcdebug.obj
 0001:000247a0       sf_debug_get_current_object_id 00000001800257a0 f   sfc_debug:sfcdebug.obj
 0001:000247e0       sf_debug_get_current_active_event_type 00000001800257e0 f   sfc_debug:sfcdebug.obj
 0001:000247f0       sf_debug_get_current_active_event_id 00000001800257f0 f   sfc_debug:sfcdebug.obj
 0001:00024830       sf_debug_get_current_tag_type 0000000180025830 f   sfc_debug:sfcdebug.obj
 0001:00024840       sf_debug_get_current_simulation_time 0000000180025840 f   sfc_debug:sfcdebug.obj
 0001:00024850       sf_debug_get_current_coverage_percentage 0000000180025850 f   sfc_debug:sfcdebug.obj
 0001:00024860       sf_debug_current_statement_context 0000000180025860 f   sfc_debug:sfcdebug.obj
 0001:000248e0       sf_debug_get_current_statement_info 00000001800258e0 f   sfc_debug:sfcdebug.obj
 0001:00024a80       sf_debug_terminate_instance 0000000180025a80 f   sfc_debug:sfcdebug.obj
 0001:00024da0       sf_debug_assertion_failed  0000000180025da0 f   sfc_debug:sfcdebug.obj
 0001:00024f70       sf_debug_create_debug_instance_struct 0000000180025f70 f   sfc_debug:sfcdebug.obj
 0001:00024fc0       sf_debug_set_number_of_data_with_change_event_for_machine 0000000180025fc0 f   sfc_debug:sfcdebug.obj
 0001:00025010       sf_debug_set_machine_event_thresholds 0000000180026010 f   sfc_debug:sfcdebug.obj
 0001:00025030       sf_debug_set_machine_event_scope 0000000180026030 f   sfc_debug:sfcdebug.obj
 0001:00025080       sf_debug_set_machine_data_thresholds 0000000180026080 f   sfc_debug:sfcdebug.obj
 0001:000250d0       sf_debug_set_machine_data_scope 00000001800260d0 f   sfc_debug:sfcdebug.obj
 0001:00025170       sf_debug_set_machine_data_name 0000000180026170 f   sfc_debug:sfcdebug.obj
 0001:00025220       sf_debug_set_machine_data_size 0000000180026220 f   sfc_debug:sfcdebug.obj
 0001:00025370       sf_debug_set_machine_data_type 0000000180026370 f   sfc_debug:sfcdebug.obj
 0001:000254e0       sf_debug_get_chart_data_number 00000001800264e0 f   sfc_debug:sfcdebug.obj
 0001:00025500       sf_debug_get_chart_event_number 0000000180026500 f   sfc_debug:sfcdebug.obj
 0001:00025520       sf_debug_set_chart_state_info 0000000180026520 f   sfc_debug:sfcdebug.obj
 0001:000255b0       sf_debug_set_chart_decomposition 00000001800265b0 f   sfc_debug:sfcdebug.obj
 0001:00025620       sf_debug_set_chart_substate_count 0000000180026620 f   sfc_debug:sfcdebug.obj
 0001:00025700       sf_debug_set_chart_substate_index 0000000180026700 f   sfc_debug:sfcdebug.obj
 0001:00025780       sf_debug_set_chart_state_substate_count 0000000180026780 f   sfc_debug:sfcdebug.obj
 0001:000258a0       sf_debug_set_chart_state_substate_index 00000001800268a0 f   sfc_debug:sfcdebug.obj
 0001:00025930       sf_debug_set_number_of_data_with_change_event_for_chart 0000000180026930 f   sfc_debug:sfcdebug.obj
 0001:000259c0       sf_debug_set_number_of_states_with_entry_event_for_chart 00000001800269c0 f   sfc_debug:sfcdebug.obj
 0001:00025a40       sf_debug_set_number_of_states_with_exit_event_for_chart 0000000180026a40 f   sfc_debug:sfcdebug.obj
 0001:00025ac0       sf_debug_set_chart_disable_implicit_casting 0000000180026ac0 f   sfc_debug:sfcdebug.obj
 0001:00025b30       sf_debug_set_chart_event_thresholds 0000000180026b30 f   sfc_debug:sfcdebug.obj
 0001:00025bb0       sf_debug_set_chart_data_compiled_props 0000000180026bb0 f   sfc_debug:sfcdebug.obj
 0001:00025ef0       sf_debug_set_chart_data_props 0000000180026ef0 f   sfc_debug:sfcdebug.obj
 0001:00026210       sf_debug_check_fi_license  0000000180027210 f   sfc_debug:sfcdebug.obj
 0001:000263d0       sf_debug_symbol_scope_push 00000001800273d0 f   sfc_debug:sfcdebug.obj
 0001:00026410       sf_debug_symbol_scope_push_eml 0000000180027410 f   sfc_debug:sfcdebug.obj
 0001:00026460       sf_debug_symbol_scope_pop  0000000180027460 f   sfc_debug:sfcdebug.obj
 0001:000264a0       sf_debug_symbol_scope_add_importable 00000001800274a0 f   sfc_debug:sfcdebug.obj
 0001:00026520       sf_debug_symbol_scope_add  0000000180027520 f   sfc_debug:sfcdebug.obj
 0001:000265a0       sf_debug_symbol_scope_add_dyn_importable 00000001800275a0 f   sfc_debug:sfcdebug.obj
 0001:00026660       sf_debug_symbol_scope_add_dyn 0000000180027660 f   sfc_debug:sfcdebug.obj
 0001:000266a0       sf_debug_symbol_scope_add_eml_importable 00000001800276a0 f   sfc_debug:sfcdebug.obj
 0001:000266e0       sf_debug_symbol_scope_add_eml 00000001800276e0 f   sfc_debug:sfcdebug.obj
 0001:00026720       sf_debug_symbol_scope_add_eml_dyn_importable 0000000180027720 f   sfc_debug:sfcdebug.obj
 0001:00026780       sf_debug_symbol_scope_add_eml_dyn 0000000180027780 f   sfc_debug:sfcdebug.obj
 0001:000267e0       sf_debug_symbol_switch     00000001800277e0 f   sfc_debug:sfcdebug.obj
 0001:00026800       sf_debug_symbol_scope_add_verbose 0000000180027800 f   sfc_debug:sfcdebug.obj
 0001:000268d0       sf_debug_set_machine_data_value_ptr 00000001800278d0 f   sfc_debug:sfcdebug.obj
 0001:00026910       sf_debug_set_instance_data_value_ptr 0000000180027910 f   sfc_debug:sfcdebug.obj
 0001:000269e0       sf_debug_unset_instance_data_value_ptr 00000001800279e0 f   sfc_debug:sfcdebug.obj
 0001:00026a90       sf_debug_set_chart_event_scope 0000000180027a90 f   sfc_debug:sfcdebug.obj
 0001:00026b10       sf_debug_set_chart_transition_coverage_maps 0000000180027b10 f   sfc_debug:sfcdebug.obj
 0001:00026c10       sf_debug_set_chart_state_coverage_maps 0000000180027c10 f   sfc_debug:sfcdebug.obj
 0001:00026ce0       sf_debug_set_instance_transition_coverage_weights 0000000180027ce0 f   sfc_debug:sfcdebug.obj
 0001:00026d70       sf_debug_set_instance_state_coverage_weights 0000000180027d70 f   sfc_debug:sfcdebug.obj
 0001:00026fc0       sf_debug_unload_machine    0000000180027fc0 f   sfc_debug:sfcdebug.obj
 0001:00027010       sf_debug_load_machine      0000000180028010 f   sfc_debug:sfcdebug.obj
 0001:00027120       sf_debug_set_active_instance_in_data_dictionary 0000000180028120 f   sfc_debug:sfcdebug.obj
 0001:00027300       sf_debug_set_active_instance 0000000180028300 f   sfc_debug:sfcdebug.obj
 0001:00027460       sf_debug_chart_visiblity_change 0000000180028460 f   sfc_debug:sfcdebug.obj
 0001:00027550       sf_debug_select_chart      0000000180028550 f   sfc_debug:sfcdebug.obj
 0001:000276b0       sf_debug_set_instance_cv_ids 00000001800286b0 f   sfc_debug:sfcdebug.obj
 0001:000279e0       sf_debug_select_charts     00000001800289e0 f   sfc_debug:sfcdebug.obj
 0001:00027b90       sf_debug_initialized       0000000180028b90 f   sfc_debug:sfcdebug.obj
 0001:00027bb0       sf_debug_is_uninterruptible 0000000180028bb0 f   sfc_debug:sfcdebug.obj
 0001:00027be0       sf_debug_initialize_debugger_gui 0000000180028be0 f   sfc_debug:sfcdebug.obj
 0001:00027fc0       sf_debug_resume            0000000180028fc0 f   sfc_debug:sfcdebug.obj
 0001:00027fe0       sf_debug_go                0000000180028fe0 f   sfc_debug:sfcdebug.obj
 0001:00027ff0       sf_debug_break             0000000180028ff0 f   sfc_debug:sfcdebug.obj
 0001:00028000       sf_debug_step_over         0000000180029000 f   sfc_debug:sfcdebug.obj
 0001:00028010       sf_debug_step_out          0000000180029010 f   sfc_debug:sfcdebug.obj
 0001:00028020       sf_debug_set_disable_all_breakpoints 0000000180029020 f   sfc_debug:sfcdebug.obj
 0001:00028030       sf_debug_disable_all_breakpoints_and_go 0000000180029030 f   sfc_debug:sfcdebug.obj
 0001:00028040       sf_debug_break_on_chart_entry 0000000180029040 f   sfc_debug:sfcdebug.obj
 0001:00028050       sf_debug_break_on_event_broadcast 0000000180029050 f   sfc_debug:sfcdebug.obj
 0001:00028060       sf_debug_break_on_state_entry 0000000180029060 f   sfc_debug:sfcdebug.obj
 0001:00028070       sf_debug_break_between_times 0000000180029070 f   sfc_debug:sfcdebug.obj
 0001:00028090       sf_debug_browse_data       0000000180029090 f   sfc_debug:sfcdebug.obj
 0001:000280a0       sf_debug_watch_data        00000001800290a0 f   sfc_debug:sfcdebug.obj
 0001:000280d0       sf_debug_assign_data       00000001800290d0 f   sfc_debug:sfcdebug.obj
 0001:000280e0       sf_debug_whos              00000001800290e0 f   sfc_debug:sfcdebug.obj
 0001:00028100       sf_debug_get_consistency_info 0000000180029100 f   sfc_debug:sfcdebug.obj
 0001:00028110       sf_debug_browse_trace      0000000180029110 f   sfc_debug:sfcdebug.obj
 0001:00028120       sf_debug_set_breakpoints   0000000180029120 f   sfc_debug:sfcdebug.obj
 0001:00028290       sf_debug_set_eml_breakpoints 0000000180029290 f   sfc_debug:sfcdebug.obj
 0001:000283f0       sf_debug_set_script_breakpoints 00000001800293f0 f   sfc_debug:sfcdebug.obj
 0001:00028470       sf_debug_add_script_breakpoints 0000000180029470 f   sfc_debug:sfcdebug.obj
 0001:000284e0       sf_debug_clear_script_breakpoints 00000001800294e0 f   sfc_debug:sfcdebug.obj
 0001:00028550       sf_debug_query_script_breakpoints 0000000180029550 f   sfc_debug:sfcdebug.obj
 0001:00028600       sf_debug_get_eml_script_id 0000000180029600 f   sfc_debug:sfcdebug.obj
 0001:00028650       sf_debug_set_watch         0000000180029650 f   sfc_debug:sfcdebug.obj
 0001:00028870       sf_debug_get_instance_handle 0000000180029870 f   sfc_debug:sfcdebug.obj
 0001:00028900       sf_debug_get_active_states 0000000180029900 f   sfc_debug:sfcdebug.obj
 0001:00028910       sf_debug_set_honor_breakpoints 0000000180029910 f   sfc_debug:sfcdebug.obj
 0001:00028920       sf_debug_get_animation     0000000180029920 f   sfc_debug:sfcdebug.obj
 0001:00028930       sf_debug_set_animation     0000000180029930 f   sfc_debug:sfcdebug.obj
 0001:00028940       sf_debug_animate           0000000180029940 f   sfc_debug:sfcdebug.obj
 0001:00028960       sf_debug_cycle_detection_check 0000000180029960 f   sfc_debug:sfcdebug.obj
 0001:00028970       sf_debug_data_range_check  0000000180029970 f   sfc_debug:sfcdebug.obj
 0001:00028980       sf_debug_transition_conflict_check 0000000180029980 f   sfc_debug:sfcdebug.obj
 0001:00028990       sf_debug_state_consistency_check 0000000180029990 f   sfc_debug:sfcdebug.obj
 0001:000289a0       sf_debug_data_range_check_enabled 00000001800299a0 f   sfc_debug:sfcdebug.obj
 0001:000289c0       sf_debug_transition_conflict_check_enabled 00000001800299c0 f   sfc_debug:sfcdebug.obj
 0001:000289e0       sf_debug_transition_conflict_check_begin 00000001800299e0 f   sfc_debug:sfcdebug.obj
 0001:00028a00       sf_debug_transition_conflict_check_end 0000000180029a00 f   sfc_debug:sfcdebug.obj
 0001:00028a20       sf_debug_stop_debugging    0000000180029a20 f   sfc_debug:sfcdebug.obj
 0001:00028a50       sf_debug_is_cycle_detected 0000000180029a50 f   sfc_debug:sfcdebug.obj
 0001:00028a60       sf_debug_is_array_bounds_detected 0000000180029a60 f   sfc_debug:sfcdebug.obj
 0001:00028a70       sf_debug_get_state_vectors_data_size 0000000180029a70 f   sfc_debug:sfcdebug.obj
 0001:00028ab0       sf_debug_get_state_vectors_data 0000000180029ab0 f   sfc_debug:sfcdebug.obj
 0001:00028bc0       sf_debug_set_state_vectors_data 0000000180029bc0 f   sfc_debug:sfcdebug.obj
 0001:00028e50       sf_debug_get_script_index  0000000180029e50 f   sfc_debug:sfcdebug.obj
 0001:00028fe0       sf_debug_add_script        0000000180029fe0 f   sfc_debug:sfcdebug.obj
 0001:00029170       cv_eval_point              000000018002a170 f   sfc_debug:sfcdebug.obj
 0001:000292e0       cv_eval_testobjective      000000018002a2e0 f   sfc_debug:sfcdebug.obj
 0001:000293f0       sf_debug_cv_init_state     000000018002a3f0 f   sfc_debug:sfcdebug.obj
 0001:00029520       sf_debug_cv_init_chart     000000018002a520 f   sfc_debug:sfcdebug.obj
 0001:00029610       sf_debug_cv_init_trans     000000018002a610 f   sfc_debug:sfcdebug.obj
 0001:00029720       sf_debug_cv_init_saturation 000000018002a720 f   sfc_debug:sfcdebug.obj
 0001:00029820       sf_debug_cv_init_testobjectives 000000018002a820 f   sfc_debug:sfcdebug.obj
 0001:00029a00       cv_eml_init_script         000000018002aa00 f   sfc_debug:sfcdebug.obj
 0001:00029b20       cv_eml_init_fcn            000000018002ab20 f   sfc_debug:sfcdebug.obj
 0001:00029c30       cv_eml_init_testobjective  000000018002ac30 f   sfc_debug:sfcdebug.obj
 0001:00029d10       cv_eml_init_saturation     000000018002ad10 f   sfc_debug:sfcdebug.obj
 0001:00029de0       cv_eml_init_if             000000018002ade0 f   sfc_debug:sfcdebug.obj
 0001:00029ec0       cv_eml_init_for            000000018002aec0 f   sfc_debug:sfcdebug.obj
 0001:00029f90       cv_eml_init_while          000000018002af90 f   sfc_debug:sfcdebug.obj
 0001:0002a060       cv_eml_init_mcdc           000000018002b060 f   sfc_debug:sfcdebug.obj
 0001:0002a180       cv_eml_init_switch         000000018002b180 f   sfc_debug:sfcdebug.obj
 0001:0002a280       cv_eml_eval                000000018002b280 f   sfc_debug:sfcdebug.obj
 0001:0002a370       sf_debug_bm_is_a_eml_breakpoint 000000018002b370 f   sfc_debug:sfcdebug.obj
 0001:0002a4c0       sf_debug_temporal_threshold 000000018002b4c0 f   sfc_debug:sfcdebug.obj
 0001:0002a830       sf_debug_transition_conflict_error 000000018002b830 f   sfc_debug:sfcdebug.obj
 0001:0002ab90       sf_debug_state_inconsistency_error 000000018002bb90 f   sfc_debug:sfcdebug.obj
 0001:0002acb0       sf_debug_check_for_state_inconsistency 000000018002bcb0 f   sfc_debug:sfcdebug.obj
 0001:0002acf0       sf_debug_cycle_detecton_error 000000018002bcf0 f   sfc_debug:sfcdebug.obj
 0001:0002b440       sf_debug_size_eq_check_1d  000000018002c440 f   sfc_debug:sfcdebug.obj
 0001:0002b460       sf_debug_size_eq_check_nd  000000018002c460 f   sfc_debug:sfcdebug.obj
 0001:0002b660       sf_debug_dim_size_eq_check 000000018002c660 f   sfc_debug:sfcdebug.obj
 0001:0002b690       sf_debug_dim_size_geq_check 000000018002c690 f   sfc_debug:sfcdebug.obj
 0001:0002b6c0       sf_debug_sub_assign_size_check_nd 000000018002c6c0 f   sfc_debug:sfcdebug.obj
 0001:0002b8a0       sf_debug_matrix_matrix_index_check 000000018002c8a0 f   sfc_debug:sfcdebug.obj
 0001:0002b8f0       sf_debug_vector_vector_index_check 000000018002c8f0 f   sfc_debug:sfcdebug.obj
 0001:0002b940       sf_debug_for_loop_vector_check 000000018002c940 f   sfc_debug:sfcdebug.obj
 0001:0002b9e0       sf_debug_runtime_error_msgid 000000018002c9e0 f   sfc_debug:sfcdebug.obj
 0001:0002ba80       sf_debug_data_array_bounds_error_check 000000018002ca80 f   sfc_debug:sfcdebug.obj
 0001:0002bb90       sf_debug_eml_data_array_bounds_error_check 000000018002cb90 f   sfc_debug:sfcdebug.obj
 0001:0002c050       sf_debug_integer_check     000000018002d050 f   sfc_debug:sfcdebug.obj
 0001:0002c140       sf_debug_not_nan_check     000000018002d140 f   sfc_debug:sfcdebug.obj
 0001:0002c210       sf_debug_non_negative_check 000000018002d210 f   sfc_debug:sfcdebug.obj
 0001:0002c2e0       sf_debug_overflow_detection 000000018002d2e0 f   sfc_debug:sfcdebug.obj
 0001:0002c940       sf_debug_cast_to_real32_T  000000018002d940 f   sfc_debug:sfcdebug.obj
 0001:0002ca10       sf_debug_cast_to_int8_T    000000018002da10 f   sfc_debug:sfcdebug.obj
 0001:0002cae0       sf_debug_cast_to_uint8_T   000000018002dae0 f   sfc_debug:sfcdebug.obj
 0001:0002cbb0       sf_debug_cast_to_int16_T   000000018002dbb0 f   sfc_debug:sfcdebug.obj
 0001:0002cc80       sf_debug_cast_to_uint16_T  000000018002dc80 f   sfc_debug:sfcdebug.obj
 0001:0002cd50       sf_debug_cast_to_int32_T   000000018002dd50 f   sfc_debug:sfcdebug.obj
 0001:0002ce20       sf_debug_cast_to_uint32_T  000000018002de20 f   sfc_debug:sfcdebug.obj
 0001:0002cef0       sf_debug_data_range_error  000000018002def0 f   sfc_debug:sfcdebug.obj
 0001:0002d200       sf_debug_read_before_write_check 000000018002e200 f   sfc_debug:sfcdebug.obj
 0001:0002d630       sf_debug_data_range_error_wrapper_min_max 000000018002e630 f   sfc_debug:sfcdebug.obj
 0001:0002d750       sf_debug_data_range_error_wrapper_min 000000018002e750 f   sfc_debug:sfcdebug.obj
 0001:0002d860       sf_debug_data_range_error_wrapper_max 000000018002e860 f   sfc_debug:sfcdebug.obj
 0001:0002d970       sf_debug_data_range_wrapper 000000018002e970 f   sfc_debug:sfcdebug.obj
 0001:0002da30       sf_debug_set_current_status_info 000000018002ea30 f   sfc_debug:sfcdebug.obj
 0001:0002ddd0       sf_debug_register_message_post_receive_info 000000018002edd0 f   sfc_debug:sfcdebug.obj
 0001:0002e020       sf_debug_call              000000018002f020 f   sfc_debug:sfcdebug.obj
 0001:0002e980       sf_debug_initialize_machine 000000018002f980 f   sfc_debug:sfcdebug.obj
 0001:0002ec30       sf_debug_initialize_chart  000000018002fc30 f   sfc_debug:sfcdebug.obj
 0001:0002f080       sf_debug_ensure_script     0000000180030080 f   sfc_debug:sfcdebug.obj
 0001:0002f130       cv_eval_saturation         0000000180030130 f   sfc_debug:sfcdebug.obj
 0001:0002f2b0       cv_saturation_accum        00000001800302b0 f   sfc_debug:sfcdebug.obj
 0001:0002f3f0       cv_script_init_script      00000001800303f0 f   sfc_debug:sfcdebug.obj
 0001:0002f4e0       cv_script_init_fcn         00000001800304e0 f   sfc_debug:sfcdebug.obj
 0001:0002f5a0       cv_script_init_testobjective 00000001800305a0 f   sfc_debug:sfcdebug.obj
 0001:0002f660       cv_script_init_saturation  0000000180030660 f   sfc_debug:sfcdebug.obj
 0001:0002f710       cv_script_init_if          0000000180030710 f   sfc_debug:sfcdebug.obj
 0001:0002f7d0       cv_script_init_for         00000001800307d0 f   sfc_debug:sfcdebug.obj
 0001:0002f880       cv_script_init_while       0000000180030880 f   sfc_debug:sfcdebug.obj
 0001:0002f930       cv_script_init_mcdc        0000000180030930 f   sfc_debug:sfcdebug.obj
 0001:0002fa30       cv_script_init_switch      0000000180030a30 f   sfc_debug:sfcdebug.obj
 0001:0002fb10       cv_script_eval             0000000180030b10 f   sfc_debug:sfcdebug.obj
 0001:0002fbe0       eml_debug_line_call        0000000180030be0 f   sfc_debug:sfcdebug.obj
 0001:0002fdb0       sf_debug_terminate         0000000180030db0 f   sfc_debug:sfcdebug.obj
 0001:0002ffc0       sf_debug_set_script_cv_ids 0000000180030fc0 f   sfc_debug:sfcdebug.obj
 0001:000300f0       sf_debug_api               00000001800310f0 f   sfc_debug:sfc_api.obj
 0001:000319e0       sf_debug_sm_terminate      00000001800329e0 f   sfc_debug:sfdb_animation.obj
 0001:00031b90       sf_debug_reset_path_objects 0000000180032b90 f   sfc_debug:sfdb_animation.obj
 0001:00031c10       sf_debug_sm_reset_object_selection_status 0000000180032c10 f   sfc_debug:sfdb_animation.obj
 0001:00031cb0       sf_debug_sm_reset_state_buffer 0000000180032cb0 f   sfc_debug:sfdb_animation.obj
 0001:00031d80       sf_debug_sm_store_state_buffer 0000000180032d80 f   sfc_debug:sfdb_animation.obj
 0001:00031e00       sf_debug_sm_restore_state_buffer1 0000000180032e00 f   sfc_debug:sfdb_animation.obj
 0001:00031e70       sf_debug_sm_restore_state_buffer2 0000000180032e70 f   sfc_debug:sfdb_animation.obj
 0001:00031ee0       sf_debug_sm_chart_active   0000000180032ee0 f   sfc_debug:sfdb_animation.obj
 0001:00031f30       sf_debug_sm_select_active_objects 0000000180032f30 f   sfc_debug:sfdb_animation.obj
 0001:00032400       sf_debug_sm_is_chart_active 0000000180033400 f   sfc_debug:sfdb_animation.obj
 0001:00032440       sf_debug_sm_is_state_active 0000000180033440 f   sfc_debug:sfdb_animation.obj
 0001:00032680       sf_debug_sm_get_active_states 0000000180033680 f   sfc_debug:sfdb_animation.obj
 0001:00032c30       sf_debug_sm_initialize_instance 0000000180033c30 f   sfc_debug:sfdb_animation.obj
 0001:00032e40       sf_debug_sm_change_object_selection_status 0000000180033e40 f   sfc_debug:sfdb_animation.obj
 0001:00033110       cv_create_interface        0000000180034110 f   sfc_debug:cv_sfinterface.obj
 0001:00033420       cv_init_trans              0000000180034420 f   sfc_debug:cv_sfinterface.obj
 0001:00033470       cv_init_saturation         0000000180034470 f   sfc_debug:cv_sfinterface.obj
 0001:000334b0       cv_init_testobjective      00000001800344b0 f   sfc_debug:cv_sfinterface.obj
 0001:000334f0       cv_init_state              00000001800344f0 f   sfc_debug:cv_sfinterface.obj
 0001:00033560       cv_init_chart              0000000180034560 f   sfc_debug:cv_sfinterface.obj
 0001:000335b0       cv_dec_update_call         00000001800345b0 f   sfc_debug:cv_sfinterface.obj
 0001:000335f0       cv_cond_update_call        00000001800345f0 f   sfc_debug:cv_sfinterface.obj
 0001:00033630       cv_saturation_update_call  0000000180034630 f   sfc_debug:cv_sfinterface.obj
 0001:00033670       cv_saturation_update_accum 0000000180034670 f   sfc_debug:cv_sfinterface.obj
 0001:000336b0       cv_testobjective_update_call 00000001800346b0 f   sfc_debug:cv_sfinterface.obj
 0001:000336f0       cv_sigrange_update         00000001800346f0 f   sfc_debug:cv_sfinterface.obj
 0001:00033730       cvsf_eml_eval              0000000180034730 f   sfc_debug:cv_sfinterface.obj
 0001:00033810       cvsf_eml_init_script       0000000180034810 f   sfc_debug:cv_sfinterface.obj
 0001:000338a0       cvsf_eml_init_fcn          00000001800348a0 f   sfc_debug:cv_sfinterface.obj
 0001:00033900       cvsf_eml_init_testobjective 0000000180034900 f   sfc_debug:cv_sfinterface.obj
 0001:00033960       cvsf_eml_init_saturation   0000000180034960 f   sfc_debug:cv_sfinterface.obj
 0001:000339b0       cvsf_eml_init_if           00000001800349b0 f   sfc_debug:cv_sfinterface.obj
 0001:00033a10       cvsf_eml_init_for          0000000180034a10 f   sfc_debug:cv_sfinterface.obj
 0001:00033a60       cvsf_eml_init_while        0000000180034a60 f   sfc_debug:cv_sfinterface.obj
 0001:00033ab0       cvsf_eml_init_mcdc         0000000180034ab0 f   sfc_debug:cv_sfinterface.obj
 0001:00033b40       cvsf_eml_init_switch       0000000180034b40 f   sfc_debug:cv_sfinterface.obj
 0001:00033bb0       cvsf_script_eval           0000000180034bb0 f   sfc_debug:cv_sfinterface.obj
 0001:00033c90       cvsf_script_init_script    0000000180034c90 f   sfc_debug:cv_sfinterface.obj
 0001:00033d20       cvsf_script_init_fcn       0000000180034d20 f   sfc_debug:cv_sfinterface.obj
 0001:00033d80       cvsf_script_init_testobjective 0000000180034d80 f   sfc_debug:cv_sfinterface.obj
 0001:00033de0       cvsf_script_init_saturation 0000000180034de0 f   sfc_debug:cv_sfinterface.obj
 0001:00033e30       cvsf_script_init_if        0000000180034e30 f   sfc_debug:cv_sfinterface.obj
 0001:00033e90       cvsf_script_init_for       0000000180034e90 f   sfc_debug:cv_sfinterface.obj
 0001:00033ee0       cvsf_script_init_while     0000000180034ee0 f   sfc_debug:cv_sfinterface.obj
 0001:00033f30       cvsf_script_init_mcdc      0000000180034f30 f   sfc_debug:cv_sfinterface.obj
 0001:00033fc0       cvsf_script_init_switch    0000000180034fc0 f   sfc_debug:cv_sfinterface.obj
 0001:00034030       cv_destroy_interface       0000000180035030 f   sfc_debug:cv_sfinterface.obj
 0001:00034050       cv_create_instance_objects 0000000180035050 f   sfc_debug:cv_sfinterface.obj
 0001:000344c0       cv_is_enabled              00000001800354c0 f   sfc_debug:cv_sfinterface.obj
 0001:000344d0       sf_debug_cv_initialize_script 00000001800354d0 f   sfc_debug:cv_sfinterface.obj
 0001:00034660       sf_debug_cv_initialize_instance 0000000180035660 f   sfc_debug:cv_sfinterface.obj
 0001:000349f0       sf_debug_cv_terminate_chart 00000001800359f0 f   sfc_debug:cv_sfinterface.obj
 0001:00034b10       cv_call_trans_test         0000000180035b10 f   sfc_debug:cv_sfinterface.obj
 0001:00034b20       cv_call_sub_cond_test      0000000180035b20 f   sfc_debug:cv_sfinterface.obj
 0001:00034b60       sf_debug_st_initialize_machine 0000000180035b60 f   sfc_debug:sfdb_data_browse.obj
 0001:00034c10       sf_debug_st_initialize_instance 0000000180035c10 f   sfc_debug:sfdb_data_browse.obj
 0001:00034e20       sf_debug_st_terminate      0000000180035e20 f   sfc_debug:sfdb_data_browse.obj
 0001:000351c0       sf_debug_st_set_data_value_ptr_in_machine 00000001800361c0 f   sfc_debug:sfdb_data_browse.obj
 0001:00035250       sf_debug_st_set_data_value_ptr_in_instance 0000000180036250 f   sfc_debug:sfdb_data_browse.obj
 0001:00035330       sf_debug_st_unset_data_value_ptr_in_machine 0000000180036330 f   sfc_debug:sfdb_data_browse.obj
 0001:000353a0       sf_debug_st_unset_data_value_ptr_in_instance 00000001800363a0 f   sfc_debug:sfdb_data_browse.obj
 0001:00035660       sf_debug_mx_value          0000000180036660 f   sfc_debug:sfdb_data_browse.obj
 0001:000356c0       sf_debug_mx_packed_vector  00000001800366c0 f   sfc_debug:sfdb_data_browse.obj
 0001:000357a0       sf_debug_mx_uint_vector    00000001800367a0 f   sfc_debug:sfdb_data_browse.obj
 0001:00035850       sf_debug_st_get_double_value_from_void_ptr_vector 0000000180036850 f   sfc_debug:sfdb_data_browse.obj
 0001:00036330       sf_debug_st_browse_data    0000000180037330 f   sfc_debug:sfdb_data_browse.obj
 0001:00036b70       sf_debug_hm_initialize_instance 0000000180037b70 f   sfc_debug:sfdb_handle_management.obj
 0001:00037050       sf_debug_hm_get_object_id  0000000180038050 f   sfc_debug:sfdb_handle_management.obj
 0001:00037c00       sf_debug_hm_update_chart_visibility 0000000180038c00 f   sfc_debug:sfdb_handle_management.obj
 0001:00038df0       sf_debug_object_is_eml_function 0000000180039df0 f   sfc_debug:sfdb_handle_management.obj
 0001:00038e60       sf_debug_hm_initialize_ids_in_machine 0000000180039e60 f   sfc_debug:sfdb_handle_management.obj
 0001:00038fd0       sf_debug_hm_initialize_ids_in_chart 0000000180039fd0 f   sfc_debug:sfdb_handle_management.obj
 0001:000390d0       sf_debug_hm_initialize_chart 000000018003a0d0 f   sfc_debug:sfdb_handle_management.obj
 0001:000397d0       sf_debug_hm_terminate      000000018003a7d0 f   sfc_debug:sfdb_handle_management.obj
 0001:00039830       sf_debug_hm_initialize_machine 000000018003a830 f   sfc_debug:sfdb_handle_management.obj
 0001:00039f50       sf_debug_ss_initialize     000000018003af50 f   sfc_debug:sfdb_symbol_scope.obj
 0001:00039f70       sf_debug_ss_terminate      000000018003af70 f   sfc_debug:sfdb_symbol_scope.obj
 0001:0003a000       sf_debug_ss_push_symbol_scope 000000018003b000 f   sfc_debug:sfdb_symbol_scope.obj
 0001:0003a100       sf_debug_ss_push_symbol_scope_eml 000000018003b100 f   sfc_debug:sfdb_symbol_scope.obj
 0001:0003a160       sf_debug_ss_pop_symbol_scope 000000018003b160 f   sfc_debug:sfdb_symbol_scope.obj
 0001:0003a210       sf_debug_ss_add_symbol     000000018003b210 f   sfc_debug:sfdb_symbol_scope.obj
 0001:0003a380       sf_debug_ss_add_symbol_eml 000000018003b380 f   sfc_debug:sfdb_symbol_scope.obj
 0001:0003b280       sf_debug_ss_set_data_value 000000018003c280 f   sfc_debug:sfdb_symbol_scope.obj
 0001:0003b6d0       getInstanceNumber          000000018003c6d0 f   sfc_debug:sfdb_symbol_scope.obj
 0001:0003b7a0       sf_debug_ss_watch_data     000000018003c7a0 f   sfc_debug:sfdb_symbol_scope.obj
 0001:0003b990       sf_debug_ss_assign_data    000000018003c990 f   sfc_debug:sfdb_symbol_scope.obj
 0001:0003c3a0       get_data_entry_name        000000018003d3a0 f   sfc_debug:sfdb_symbol_scope.obj
 0001:0003c3f0       sf_debug_ss_whos           000000018003d3f0 f   sfc_debug:sfdb_symbol_scope.obj
 0001:0003ca40       sf_debug_cc_initialize_chart 000000018003da40 f   sfc_debug:sfdb_coverage.obj
 0001:0003d430       sf_debug_cc_initialize_instance 000000018003e430 f   sfc_debug:sfdb_coverage.obj
 0001:0003e170       sf_debug_cc_terminate      000000018003f170 f   sfc_debug:sfdb_coverage.obj
 0001:0003e260       sf_debug_cc_set_transition_maps 000000018003f260 f   sfc_debug:sfdb_coverage.obj
 0001:0003e390       sf_debug_cc_set_state_maps 000000018003f390 f   sfc_debug:sfdb_coverage.obj
 0001:0003e470       sf_debug_cc_set_transition_weights 000000018003f470 f   sfc_debug:sfdb_coverage.obj
 0001:0003e730       sf_debug_cc_set_state_weights 000000018003f730 f   sfc_debug:sfdb_coverage.obj
 0001:0003ea00       sf_debug_cc_mark_transition_guard 000000018003fa00 f   sfc_debug:sfdb_coverage.obj
 0001:0003ea90       sf_debug_cc_mark_transition_trigger 000000018003fa90 f   sfc_debug:sfdb_coverage.obj
 0001:0003eb20       sf_debug_cc_mark_transition_decision 000000018003fb20 f   sfc_debug:sfdb_coverage.obj
 0001:0003eb90       sf_debug_cc_mark_transition_condition_action 000000018003fb90 f   sfc_debug:sfdb_coverage.obj
 0001:0003ebe0       sf_debug_cc_mark_transition_transition_action 000000018003fbe0 f   sfc_debug:sfdb_coverage.obj
 0001:0003ec30       sf_debug_cc_mark_state_entry 000000018003fc30 f   sfc_debug:sfdb_coverage.obj
 0001:0003ec80       sf_debug_cc_mark_state_during 000000018003fc80 f   sfc_debug:sfdb_coverage.obj
 0001:0003ecd0       sf_debug_cc_mark_state_exit 000000018003fcd0 f   sfc_debug:sfdb_coverage.obj
 0001:0003ed20       sf_debug_bm_clear_script_breakpoints 000000018003fd20 f   sfc_debug:sfdb_breakpoints.obj
 0001:0003ed50       sf_debug_bm_set_script_breakpoint 000000018003fd50 f   sfc_debug:sfdb_breakpoints.obj
 0001:0003edd0       sf_debug_bm_clear_single_script_breakpoint 000000018003fdd0 f   sfc_debug:sfdb_breakpoints.obj
 0001:0003ee50       sf_debug_bm_query_script_breakpoint 000000018003fe50 f   sfc_debug:sfdb_breakpoints.obj
 0001:0003eea0       sf_debug_bm_initialize_scripts 000000018003fea0 f   sfc_debug:sfdb_breakpoints.obj
 0001:0003f530       sf_debug_bm_terminate      0000000180040530 f   sfc_debug:sfdb_breakpoints.obj
 0001:0003f810       sf_debug_bm_remove_all_breakpoints_in_machine 0000000180040810 f   sfc_debug:sfdb_breakpoints.obj
 0001:0003f870       sf_debug_bm_remove_all_breakpoints_in_chart 0000000180040870 f   sfc_debug:sfdb_breakpoints.obj
 0001:0003f9c0       sf_debug_bm_initialize_global_breakpoints 00000001800409c0 f   sfc_debug:sfdb_breakpoints.obj
 0001:0003fb40       sf_debug_bm_set_breakpoint 0000000180040b40 f   sfc_debug:sfdb_breakpoints.obj
 0001:00040100       sf_debug_bm_set_eml_breakpoint 0000000180041100 f   sfc_debug:sfdb_breakpoints.obj
 0001:00040190       sf_debug_bm_initialize_machine_breakpoint_map 0000000180041190 f   sfc_debug:sfdb_breakpoints.obj
 0001:000405b0       sf_debug_bm_is_a_breakpoint 00000001800415b0 f   sfc_debug:sfdb_breakpoints.obj
 0001:00040ad0       sf_debug_bm_get_all_breakpoints_in_machine 0000000180041ad0 f   sfc_debug:sfdb_breakpoints.obj
 0001:00040dd0       sf_debug_bm_get_all_breakpoints_in_chart 0000000180041dd0 f   sfc_debug:sfdb_breakpoints.obj
 0001:00041960       sf_debug_bm_initialize_machine 0000000180042960 f   sfc_debug:sfdb_breakpoints.obj
 0001:00041a30       sf_debug_bm_initialize_chart 0000000180042a30 f   sfc_debug:sfdb_breakpoints.obj
 0001:00041e20       sf_debug_sc_terminate      0000000180042e20 f   sfc_debug:sfdb_state_consistency.obj
 0001:00042140       sf_debug_sc_is_chart_consistent 0000000180043140 f   sfc_debug:sfdb_state_consistency.obj
 0001:000423f0       sf_debug_sc_get_consistency_error_info 00000001800433f0 f   sfc_debug:sfdb_state_consistency.obj
 0001:00042800       sf_debug_tm_terminate      0000000180043800 f   sfc_debug:sfdb_call_stack.obj
 0001:000428b0       sf_debug_tm_push_chart_instance 00000001800438b0 f   sfc_debug:sfdb_call_stack.obj
 0001:000429f0       sf_debug_tm_pop_chart_instance 00000001800439f0 f   sfc_debug:sfdb_call_stack.obj
 0001:00042a50       sf_debug_tm_push_trace_node 0000000180043a50 f   sfc_debug:sfdb_call_stack.obj
 0001:00042bd0       sf_debug_tm_pop_trace_node 0000000180043bd0 f   sfc_debug:sfdb_call_stack.obj
 0001:00042c50       sf_debug_tm_get_current_global_trace_index 0000000180043c50 f   sfc_debug:sfdb_call_stack.obj
 0001:00042c60       sf_debug_tm_get_current_local_trace_index 0000000180043c60 f   sfc_debug:sfdb_call_stack.obj
 0001:00042c90       sf_debug_tm_set_cycle_detected_flag 0000000180043c90 f   sfc_debug:sfdb_call_stack.obj
 0001:00042cd0       sf_debug_tm_set_cycle_started_flag 0000000180043cd0 f   sfc_debug:sfdb_call_stack.obj
 0001:00042d10       sf_debug_tm_get_chart_number_from_stack 0000000180043d10 f   sfc_debug:sfdb_call_stack.obj
 0001:00042f10       sf_debug_tm_browse_trace   0000000180043f10 f   sfc_debug:sfdb_call_stack.obj
 0001:00043220       sf_debug_cd_initialize_instance 0000000180044220 f   sfc_debug:sfdb_cycle_detection.obj
 0001:000434d0       sf_debug_cd_mark_processed_transition_in_instance 00000001800444d0 f   sfc_debug:sfdb_cycle_detection.obj
 0001:00043570       sf_debug_cd_checksum_push  0000000180044570 f   sfc_debug:sfdb_cycle_detection.obj
 0001:00043820       sf_debug_cd_checksum_pop   0000000180044820 f   sfc_debug:sfdb_cycle_detection.obj
 0001:00043890       sf_debug_cd_turn_off_cycle_detection 0000000180044890 f   sfc_debug:sfdb_cycle_detection.obj
 0001:000438e0       sf_debug_cd_terminate      00000001800448e0 f   sfc_debug:sfdb_cycle_detection.obj
 0001:00043b10       md5_initialize_state       0000000180044b10 f   sfc_debug:ckmd5.obj
 0001:000445a0       md5_update_state           00000001800455a0 f   sfc_debug:ckmd5.obj
 0001:000445c0       md5_get_hash               00000001800455c0 f   sfc_debug:ckmd5.obj
 0001:000445f0       md5_get_hash_for_a_single_string 00000001800455f0 f   sfc_debug:ckmd5.obj
 0001:00044650       mxGetPr                    0000000180045650 f   libmx:libmx.dll
 0001:00044656       mxCreateDoubleScalar       0000000180045656 f   libmx:libmx.dll
 0001:0004465c       mxCreateDoubleMatrix_730   000000018004565c f   libmx:libmx.dll
 0001:00044662       mxSetField_730             0000000180045662 f   libmx:libmx.dll
 0001:00044668       mxCreateString             0000000180045668 f   libmx:libmx.dll
 0001:0004466e       mxCreateStructMatrix_730   000000018004566e f   libmx:libmx.dll
 0001:00044674       mxCreateCellMatrix_730     0000000180045674 f   libmx:libmx.dll
 0001:0004467a       mxDestroyArray             000000018004567a f   libmx:libmx.dll
 0001:00044680       mxDuplicateArray           0000000180045680 f   libmx:libmx.dll
 0001:00044686       mxGetString_730            0000000180045686 f   libmx:libmx.dll
 0001:0004468c       mxIsChar                   000000018004568c f   libmx:libmx.dll
 0001:00044692       mxGetClassID               0000000180045692 f   libmx:libmx.dll
 0001:00044698       mxIsNumeric                0000000180045698 f   libmx:libmx.dll
 0001:0004469e       mxIsComplex                000000018004569e f   libmx:libmx.dll
 0001:000446a4       mxGetN                     00000001800456a4 f   libmx:libmx.dll
 0001:000446aa       mxGetM                     00000001800456aa f   libmx:libmx.dll
 0001:000446b0       mxCalloc                   00000001800456b0 f   libmx:libmx.dll
 0001:000446b6       mxGetScalar                00000001800456b6 f   libmx:libmx.dll
 0001:000446bc       mxIsLogical                00000001800456bc f   libmx:libmx.dll
 0001:000446c2       mxCreateDoubleMatrix_700   00000001800456c2 f   libmx:libmx.dll
 0001:000446c8       mxFree                     00000001800456c8 f   libmx:libmx.dll
 0001:000446ce       mxArrayToString            00000001800456ce f   libmx:libmx.dll
 0001:000446d4       mxCreateCellMatrix_700     00000001800456d4 f   libmx:libmx.dll
 0001:000446da       mxSetCell_700              00000001800456da f   libmx:libmx.dll
 0001:000446e0       mxGetCell_700              00000001800456e0 f   libmx:libmx.dll
 0001:000446e6       mxGetClassName             00000001800456e6 f   libmx:libmx.dll
 0001:000446ec       mxSetField_700             00000001800456ec f   libmx:libmx.dll
 0001:000446f2       mxAddField                 00000001800456f2 f   libmx:libmx.dll
 0001:000446f8       mxGetField_700             00000001800456f8 f   libmx:libmx.dll
 0001:000446fe       mxGetNumberOfElements      00000001800456fe f   libmx:libmx.dll
 0001:00044704       mxIsStruct                 0000000180045704 f   libmx:libmx.dll
 0001:0004470a       mxIsA                      000000018004570a f   libmx:libmx.dll
 0001:00044710       mxIsClass                  0000000180045710 f   libmx:libmx.dll
 0001:00044716       mxGetLogicals              0000000180045716 f   libmx:libmx.dll
 0001:0004471c       mxIsSparse                 000000018004571c f   libmx:libmx.dll
 0001:00044722       mxSetFieldByNumber_700     0000000180045722 f   libmx:libmx.dll
 0001:00044728       mxGetFieldByNumber_700     0000000180045728 f   libmx:libmx.dll
 0001:0004472e       mxGetFieldNameByNumber     000000018004572e f   libmx:libmx.dll
 0001:00044734       mxGetNumberOfFields        0000000180045734 f   libmx:libmx.dll
 0001:0004473a       mxCreateStructMatrix_700   000000018004573a f   libmx:libmx.dll
 0001:00044740       mxGetFieldNumber           0000000180045740 f   libmx:libmx.dll
 0001:00044746       mxIsNaN                    0000000180045746 f   libmx:libmx.dll
 0001:0004474c       mxIsEmpty                  000000018004574c f   libmx:libmx.dll
 0001:00044752       mxGetData                  0000000180045752 f   libmx:libmx.dll
 0001:00044758       mxGetImagData              0000000180045758 f   libmx:libmx.dll
 0001:0004475e       mxArrayClassIDName         000000018004575e f   libmx:libmx.dll
 0001:00044764       mxCreateNumericMatrix_700  0000000180045764 f   libmx:libmx.dll
 0001:0004476a       mxCreateStructArray_700    000000018004576a f   libmx:libmx.dll
 0001:00044770       mxCalcSingleSubscript_700  0000000180045770 f   libmx:libmx.dll
 0001:00044776       mxGetDimensions_700        0000000180045776 f   libmx:libmx.dll
 0001:0004477c       mxGetNumberOfDimensions_700 000000018004577c f   libmx:libmx.dll
 0001:00044782       mxCreateNumericArray_700   0000000180045782 f   libmx:libmx.dll
 0001:00044788       mxGetElementSize           0000000180045788 f   libmx:libmx.dll
 0001:0004478e       mxCreateStringFromNChars_700 000000018004578e f   libmx:libmx.dll
 0001:00044794       mxGetString_700            0000000180045794 f   libmx:libmx.dll
 0001:0004479a       mxIsLogicalScalarTrue      000000018004579a f   libmx:libmx.dll
 0001:000447a0       mxCreateLogicalScalar      00000001800457a0 f   libmx:libmx.dll
 0001:000447a6       mexUnlock                  00000001800457a6 f   libmex:libmex.dll
 0001:000447ac       mexIsLocked                00000001800457ac f   libmex:libmex.dll
 0001:000447b2       mexWarnMsgTxt              00000001800457b2 f   libmex:libmex.dll
 0001:000447b8       mexCallMATLAB              00000001800457b8 f   libmex:libmex.dll
 0001:000447be       mexErrMsgTxt               00000001800457be f   libmex:libmex.dll
 0001:000447c4       mexMakeArrayPersistent     00000001800457c4 f   libmex:libmex.dll
 0001:000447ca       mexSetTrapFlag             00000001800457ca f   libmex:libmex.dll
 0001:000447d0       mexPutVariable             00000001800457d0 f   libmex:libmex.dll
 0001:000447d6       mexGetVariable             00000001800457d6 f   libmex:libmex.dll
 0001:000447dc       mexLock                    00000001800457dc f   libmex:libmex.dll
 0001:000447e2       mexMakeMemoryPersistent    00000001800457e2 f   libmex:libmex.dll
 0001:000447e8       mexFunctionName            00000001800457e8 f   libmex:libmex.dll
 0001:000447ee       ssRegisterDataTypeFxpFSlopeFixExpBias 00000001800457ee f   libfixedpoint:libfixedpoint.dll
 0001:000447f4       ssRegisterDataTypeFxpScaledDouble 00000001800457f4 f   libfixedpoint:libfixedpoint.dll
 0001:000447fa       utMalloc                   00000001800457fa f   libut:libut.dll
 0001:00044800       utFree                     0000000180045800 f   libut:libut.dll
 0001:00044806       utVSNprintf                0000000180045806 f   libut:libut.dll
 0001:0004480c       utCPUtime                  000000018004580c f   libut:libut.dll
 0001:00044812       utCalloc                   0000000180045812 f   libut:libut.dll
 0001:00044818       utRealloc                  0000000180045818 f   libut:libut.dll
 0001:0004481e       muDoubleScalarSin          000000018004581e f   libmwmathutil:libmwmathutil.dll
 0001:00044824       muDoubleScalarCos          0000000180045824 f   libmwmathutil:libmwmathutil.dll
 0001:0004482a       muDoubleScalarExp          000000018004582a f   libmwmathutil:libmwmathutil.dll
 0001:00044830       muDoubleScalarFloor        0000000180045830 f   libmwmathutil:libmwmathutil.dll
 0001:00044836       muDoubleScalarSqrt         0000000180045836 f   libmwmathutil:libmwmathutil.dll
 0001:0004483c       muDoubleScalarPower        000000018004583c f   libmwmathutil:libmwmathutil.dll
 0001:00044842       emlrtCreateRootTLS         0000000180045842 f   libemlrt:libemlrt.dll
 0001:00044848       emlrtDestroyRootTLS        0000000180045848 f   libemlrt:libemlrt.dll
 0001:0004484e       emlrtCheckBuiltInR2012b    000000018004584e f   libemlrt:libemlrt.dll
 0001:00044854       emlrtCheckVsBuiltInR2012b  0000000180045854 f   libemlrt:libemlrt.dll
 0001:0004485a       emlrtCheckEnumR2012b       000000018004585a f   libemlrt:libemlrt.dll
 0001:00044860       emlrtCreateEnumR2012b      0000000180045860 f   libemlrt:libemlrt.dll
 0001:00044866       emlrtGetEnumElementR2009a  0000000180045866 f   libemlrt:libemlrt.dll
 0001:0004486c       emlrtCreateReference       000000018004586c f   libemlrt:libemlrt.dll
 0001:00044872       emlrtImportVsFiArrayR2009b 0000000180045872 f   libemlrt:libemlrt.dll
 0001:00044878       emlrtNameCapturePostProcessR2012a 0000000180045878 f   libemlrt:libemlrt.dll
 0001:0004487e       emlrtExtractMessageId      000000018004587e f   libemlrt:libemlrt.dll
 0001:00044884       emlrtTranslateMessageIDtoLCPstring 0000000180045884 f   libemlrt:libemlrt.dll
 0001:0004488a       emlrtForLoopVectorIsValidR2011b 000000018004588a f   libemlrt:libemlrt.dll
 0001:00044890       emlrtTranslateUTF16MessagetoLCPstring 0000000180045890 f   libemlrt:libemlrt.dll
 0001:00044896       emlrtGetEnumUnderlyingArrayR2009a 0000000180045896 f   libemlrt:libemlrt.dll
 0001:0004489c       emlrtIsEnumR2009a          000000018004589c f   libemlrt:libemlrt.dll
 0001:000448a4       __GSHandlerCheckCommon     00000001800458a4 f   MSVCRT:gshandler.obj
 0001:00044908       __GSHandlerCheck           0000000180045908 f   MSVCRT:gshandler.obj
 0001:00044926       strlen                     0000000180045926 f   MSVCRT:MSVCR100.dll
 0001:00044940       __security_check_cookie    0000000180045940 f   MSVCRT:amdsecgs.obj
 0001:00044960       memset                     0000000180045960 f   MSVCRT:MSVCR100.dll
 0001:00044980       __chkstk                   0000000180045980 f   MSVCRT:chkstk.obj
 0001:00044980       _alloca_probe              0000000180045980     MSVCRT:chkstk.obj
 0001:000449ce       strcmp                     00000001800459ce f   MSVCRT:MSVCR100.dll
 0001:000449d4       free                       00000001800459d4 f   MSVCRT:MSVCR100.dll
 0001:000449da       sprintf                    00000001800459da f   MSVCRT:MSVCR100.dll
 0001:000449e0       malloc                     00000001800459e0 f   MSVCRT:MSVCR100.dll
 0001:000449e6       strcat                     00000001800459e6 f   MSVCRT:MSVCR100.dll
 0001:000449ec       memcpy                     00000001800459ec f   MSVCRT:MSVCR100.dll
 0001:000449f4       NtCurrentTeb               00000001800459f4 f i MSVCRT:crtdll.obj
 0001:00044a60       _CRT_INIT                  0000000180045a60 f   MSVCRT:crtdll.obj
 0001:00044df8       _DllMainCRTStartup         0000000180045df8 f   MSVCRT:crtdll.obj
 0001:00044e36       strncpy                    0000000180045e36 f   MSVCRT:MSVCR100.dll
 0001:00044e3c       longjmp                    0000000180045e3c f   MSVCRT:MSVCR100.dll
 0001:00044e42       strncmp                    0000000180045e42 f   MSVCRT:MSVCR100.dll
 0001:00044e48       ceil                       0000000180045e48 f   MSVCRT:MSVCR100.dll
 0001:00044e4e       strrchr                    0000000180045e4e f   MSVCRT:MSVCR100.dll
 0001:00044e54       _setjmp                    0000000180045e54 f   MSVCRT:MSVCR100.dll
 0001:00044e5a       ldexp                      0000000180045e5a f   MSVCRT:MSVCR100.dll
 0001:00044e60       __report_gsfailure         0000000180045e60 f   MSVCRT:gs_report.obj
 0001:00044fac       __clean_type_info_names    0000000180045fac f   MSVCRT:tncleanup.obj
 0001:00044fb8       _onexit                    0000000180045fb8 f   MSVCRT:atonexit.obj
 0001:00045068       atexit                     0000000180046068 f   MSVCRT:atonexit.obj
 0001:00045080       _RTC_Initialize            0000000180046080 f   MSVCRT:_initsect_.obj
 0001:000450b8       _RTC_Terminate             00000001800460b8 f   MSVCRT:_initsect_.obj
 0001:000450f0       _malloc_crt                00000001800460f0 f   MSVCRT:MSVCR100.dll
 0001:00045100       _ValidateImageBase         0000000180046100 f   MSVCRT:pesect.obj
 0001:00045130       _FindPESection             0000000180046130 f   MSVCRT:pesect.obj
 0001:00045180       _IsNonwritableInCurrentImage 0000000180046180 f   MSVCRT:pesect.obj
 0001:000451c2       _initterm                  00000001800461c2 f   MSVCRT:MSVCR100.dll
 0001:000451c8       _initterm_e                00000001800461c8 f   MSVCRT:MSVCR100.dll
 0001:000451ce       _encoded_null              00000001800461ce f   MSVCRT:MSVCR100.dll
 0001:000451d4       _amsg_exit                 00000001800461d4 f   MSVCRT:MSVCR100.dll
 0001:000451da       __C_specific_handler       00000001800461da f   MSVCRT:MSVCR100.dll
 0001:000451e0       __CppXcptFilter            00000001800461e0 f   MSVCRT:MSVCR100.dll
 0001:000451e8       DllMain                    00000001800461e8 f   MSVCRT:dllmain.obj
 0001:0004520c       __security_init_cookie     000000018004620c f   MSVCRT:gs_support.obj
 0001:000452c0       __crt_debugger_hook        00000001800462c0 f   MSVCRT:MSVCR100.dll
 0001:000452c6       __clean_type_info_names_internal 00000001800462c6 f   MSVCRT:MSVCR100.dll
 0001:000452cc       _unlock                    00000001800462cc f   MSVCRT:MSVCR100.dll
 0001:000452d2       __dllonexit                00000001800462d2 f   MSVCRT:MSVCR100.dll
 0001:000452d8       _lock                      00000001800462d8 f   MSVCRT:MSVCR100.dll
 0001:000452de       EncodePointer              00000001800462de f   kernel32:KERNEL32.dll
 0001:000452e4       DecodePointer              00000001800462e4 f   kernel32:KERNEL32.dll
 0001:000452ea       Sleep                      00000001800462ea f   kernel32:KERNEL32.dll
 0001:000452f0       TerminateProcess           00000001800462f0 f   kernel32:KERNEL32.dll
 0001:000452f6       GetCurrentProcess          00000001800462f6 f   kernel32:KERNEL32.dll
 0001:000452fc       UnhandledExceptionFilter   00000001800462fc f   kernel32:KERNEL32.dll
 0001:00045302       SetUnhandledExceptionFilter 0000000180046302 f   kernel32:KERNEL32.dll
 0001:00045308       IsDebuggerPresent          0000000180046308 f   kernel32:KERNEL32.dll
 0001:0004530e       RtlVirtualUnwind           000000018004630e f   kernel32:KERNEL32.dll
 0001:00045314       RtlLookupFunctionEntry     0000000180046314 f   kernel32:KERNEL32.dll
 0001:0004531a       RtlCaptureContext          000000018004631a f   kernel32:KERNEL32.dll
 0001:00045320       DisableThreadLibraryCalls  0000000180046320 f   kernel32:KERNEL32.dll
 0001:00045326       QueryPerformanceCounter    0000000180046326 f   kernel32:KERNEL32.dll
 0001:0004532c       GetTickCount               000000018004632c f   kernel32:KERNEL32.dll
 0001:00045332       GetCurrentThreadId         0000000180046332 f   kernel32:KERNEL32.dll
 0001:00045338       GetCurrentProcessId        0000000180046338 f   kernel32:KERNEL32.dll
 0001:0004533e       GetSystemTimeAsFileTime    000000018004633e f   kernel32:KERNEL32.dll
 0002:00000000       __imp_RtlLookupFunctionEntry 0000000180047000     kernel32:KERNEL32.dll
 0002:00000008       __imp_RtlVirtualUnwind     0000000180047008     kernel32:KERNEL32.dll
 0002:00000010       __imp_IsDebuggerPresent    0000000180047010     kernel32:KERNEL32.dll
 0002:00000018       __imp_SetUnhandledExceptionFilter 0000000180047018     kernel32:KERNEL32.dll
 0002:00000020       __imp_UnhandledExceptionFilter 0000000180047020     kernel32:KERNEL32.dll
 0002:00000028       __imp_GetCurrentProcess    0000000180047028     kernel32:KERNEL32.dll
 0002:00000030       __imp_TerminateProcess     0000000180047030     kernel32:KERNEL32.dll
 0002:00000038       __imp_Sleep                0000000180047038     kernel32:KERNEL32.dll
 0002:00000040       __imp_DecodePointer        0000000180047040     kernel32:KERNEL32.dll
 0002:00000048       __imp_EncodePointer        0000000180047048     kernel32:KERNEL32.dll
 0002:00000050       __imp_DisableThreadLibraryCalls 0000000180047050     kernel32:KERNEL32.dll
 0002:00000058       __imp_QueryPerformanceCounter 0000000180047058     kernel32:KERNEL32.dll
 0002:00000060       __imp_GetTickCount         0000000180047060     kernel32:KERNEL32.dll
 0002:00000068       __imp_GetCurrentThreadId   0000000180047068     kernel32:KERNEL32.dll
 0002:00000070       __imp_GetCurrentProcessId  0000000180047070     kernel32:KERNEL32.dll
 0002:00000078       __imp_GetSystemTimeAsFileTime 0000000180047078     kernel32:KERNEL32.dll
 0002:00000080       __imp_RtlCaptureContext    0000000180047080     kernel32:KERNEL32.dll
 0002:00000088       \177KERNEL32_NULL_THUNK_DATA 0000000180047088     kernel32:KERNEL32.dll
 0002:00000090       __imp_ldexp                0000000180047090     MSVCRT:MSVCR100.dll
 0002:00000098       __imp__onexit              0000000180047098     MSVCRT:MSVCR100.dll
 0002:000000a0       __imp__lock                00000001800470a0     MSVCRT:MSVCR100.dll
 0002:000000a8       __imp___dllonexit          00000001800470a8     MSVCRT:MSVCR100.dll
 0002:000000b0       __imp__unlock              00000001800470b0     MSVCRT:MSVCR100.dll
 0002:000000b8       __imp___clean_type_info_names_internal 00000001800470b8     MSVCRT:MSVCR100.dll
 0002:000000c0       __imp___crt_debugger_hook  00000001800470c0     MSVCRT:MSVCR100.dll
 0002:000000c8       __imp___CppXcptFilter      00000001800470c8     MSVCRT:MSVCR100.dll
 0002:000000d0       __imp___C_specific_handler 00000001800470d0     MSVCRT:MSVCR100.dll
 0002:000000d8       __imp__amsg_exit           00000001800470d8     MSVCRT:MSVCR100.dll
 0002:000000e0       __imp__encoded_null        00000001800470e0     MSVCRT:MSVCR100.dll
 0002:000000e8       __imp__initterm_e          00000001800470e8     MSVCRT:MSVCR100.dll
 0002:000000f0       __imp__initterm            00000001800470f0     MSVCRT:MSVCR100.dll
 0002:000000f8       __imp__malloc_crt          00000001800470f8     MSVCRT:MSVCR100.dll
 0002:00000100       __imp_strlen               0000000180047100     MSVCRT:MSVCR100.dll
 0002:00000108       __imp__setjmp              0000000180047108     MSVCRT:MSVCR100.dll
 0002:00000110       __imp_strrchr              0000000180047110     MSVCRT:MSVCR100.dll
 0002:00000118       __imp_ceil                 0000000180047118     MSVCRT:MSVCR100.dll
 0002:00000120       __imp_strncmp              0000000180047120     MSVCRT:MSVCR100.dll
 0002:00000128       __imp_longjmp              0000000180047128     MSVCRT:MSVCR100.dll
 0002:00000130       __imp_strncpy              0000000180047130     MSVCRT:MSVCR100.dll
 0002:00000138       __imp_memcpy               0000000180047138     MSVCRT:MSVCR100.dll
 0002:00000140       __imp_strcat               0000000180047140     MSVCRT:MSVCR100.dll
 0002:00000148       __imp_malloc               0000000180047148     MSVCRT:MSVCR100.dll
 0002:00000150       __imp_sprintf              0000000180047150     MSVCRT:MSVCR100.dll
 0002:00000158       __imp_free                 0000000180047158     MSVCRT:MSVCR100.dll
 0002:00000160       __imp_strcmp               0000000180047160     MSVCRT:MSVCR100.dll
 0002:00000168       __imp_memset               0000000180047168     MSVCRT:MSVCR100.dll
[...]
 0001:0001afe0       sf_mex_check_complex       000000018001bfe0 f   sfc_mex:sfc_mex.obj
 0001:0001b070       sf_mex_check_sparse        000000018001c070 f   sfc_mex:sfc_mex.obj
 0001:0001b0d0       sf_mex_check_numerictype   000000018001c0d0 f   sfc_mex:sfc_mex.obj
 0001:0001b260       sf_mex_check_fimath        000000018001c260 f   sfc_mex:sfc_mex.obj
 0001:0001bdc0       size_mismatch_error        000000018001cdc0 f   sfc_mex:sfc_mex.obj
 0001:0001c830       check_array_dimensions     000000018001d830 f   sfc_mex:sfc_mex.obj
 0001:0001c8a0       check_input_mxarray        000000018001d8a0 f   sfc_mex:sfc_mex.obj
 0001:0001cfe0       sf_numeric_value_to_double 000000018001dfe0 f   sfc_mex:sfc_mex.obj
 0001:0001d030       ml_generic_out_of_bounds_check 000000018001e030 f   sfc_mex:sfc_mex.obj
 0001:0001d1f0       ml_get_element_value_from_array 000000018001e1f0 f   sfc_mex:sfc_mex.obj
 0001:0001d590       _ml_generic_castability_check 000000018001e590 f   sfc_mex:sfc_mex.obj
 0001:0001dce0       ml_generic_castability_check 000000018001ece0 f   sfc_mex:sfc_mex.obj
 0001:0001dd80       ml_check_mx_array_for_single_castability 000000018001ed80 f   sfc_mex:sfc_mex.obj
 0001:0001de20       ml_check_mx_array_for_logical_castability 000000018001ee20 f   sfc_mex:sfc_mex.obj
 0001:0001dec0       ml_check_mx_array_for_int8_castability 000000018001eec0 f   sfc_mex:sfc_mex.obj
 0001:0001df70       ml_check_mx_array_for_uint8_castability 000000018001ef70 f   sfc_mex:sfc_mex.obj
 0001:0001dfd0       ml_check_mx_array_for_int16_castability 000000018001efd0 f   sfc_mex:sfc_mex.obj
 0001:0001e030       ml_check_mx_array_for_uint16_castability 000000018001f030 f   sfc_mex:sfc_mex.obj
 0001:0001e090       ml_check_mx_array_for_int32_castability 000000018001f090 f   sfc_mex:sfc_mex.obj
 0001:0001e0f0       ml_check_mx_array_for_uint32_castability 000000018001f0f0 f   sfc_mex:sfc_mex.obj
 0001:0001e150       ml_check_mx_array_for_castability 000000018001f150 f   sfc_mex:sfc_mex.obj
 0001:0001e970       set_data_value             000000018001f970 f   sfc_mex:sfc_mex.obj
 0001:0001ece0       get_data_value             000000018001fce0 f   sfc_mex:sfc_mex.obj
 0001:0001edf0       get_next_element_address   000000018001fdf0 f   sfc_mex:sfc_mex.obj
 0001:0001eec0       sf_normalize_index         000000018001fec0 f   sfc_mex:sfc_mex.obj
 0001:0001f270       ml_array_index_bound_check 0000000180020270 f   sfc_mex:sfc_mex.obj
 0001:0001fdf0       mx_value                   0000000180020df0 f   sfc_mex:sfc_mex.obj
 0001:0001fe40       sf_create_numeric_array    0000000180020e40 f   sfc_mex:sfc_mex.obj
 0001:0001fee0       sf_mex_assign_to_mx_array  0000000180020ee0 f   sfc_mex:sfc_mex.obj
 0001:00020250       assign_from_mx_array       0000000180021250 f   sfc_mex:sfc_mex.obj
 0001:000209b0       sf_mex_import_v            00000001800219b0 f   sfc_mex:sfc_mex.obj
 0001:000210c0       get_machine_and_chart_file_number 00000001800220c0 f   sfc_mex:sfc_sf.obj
 0001:000211b0       get_sfun_block_specialization 00000001800221b0 f   sfc_mex:sfc_sf.obj
 0001:00021260       call_sf_machine_global_method_dispatcher 0000000180022260 f   sfc_mex:sfc_sf.obj
 0001:000214b0       mdl_zeroCrossings_processing 00000001800224b0 f   sfc_mex:sfc_sf.obj
 0001:00021590       mdl_derivatives_processing 0000000180022590 f   sfc_mex:sfc_sf.obj
 0001:00021870       mdl_outputs_continuous_legacy 0000000180022870 f   sfc_mex:sfc_sf.obj
 0001:000218f0       mdl_outputs_processing     00000001800228f0 f   sfc_mex:sfc_sf.obj
 0001:00021b60       mdl_enable_processing      0000000180022b60 f   sfc_mex:sfc_sf.obj
 0001:00021c40       mdl_disable_processing     0000000180022c40 f   sfc_mex:sfc_sf.obj
 0001:00022ad0       sf_call_output_fcn_enable_disable 0000000180023ad0 f   sfc_mex:sfc_sf.obj
 0001:00022d50       set_dwork_information_from_mx_array 0000000180023d50 f   sfc_mex:sfc_sf.obj
 0001:00023640       ptr2mxStruct               0000000180024640 f   sfc_mex:sfc_sf.obj
 0001:00023950       SNPRINTF_WRAPPER           0000000180024950 f   sfc_debug:sfcdebug.obj
 0001:00023980       sf_debug_chart_instance_initialized 0000000180024980 f   sfc_debug:sfcdebug.obj
 0001:00023b20       sfrtAddSize                0000000180024b20 f   sfc_debug:sfcdebug.obj
 0001:00023be0       sfrtGenSizeString          0000000180024be0 f   sfc_debug:sfcdebug.obj
 0001:00024330       fill_single_message_info   0000000180025330 f   sfc_debug:sfcdebug.obj
 0001:000245b0       sf_debug_sim_status_listener 00000001800255b0 f   sfc_debug:sfcdebug.obj
 0001:00024b40       sf_debug_form_mask_bits    0000000180025b40 f   sfc_debug:sfcdebug.obj
 0001:00024b60       sf_debug_form_sf_data_type_offsets 0000000180025b60 f   sfc_debug:sfcdebug.obj
 0001:00024c20       sf_debug_free_all          0000000180025c20 f   sfc_debug:sfcdebug.obj
 0001:00024db0       sf_debug_append_debugger_context 0000000180025db0 f   sfc_debug:sfcdebug.obj
 0001:00025120       local_strdup               0000000180026120 f   sfc_debug:sfcdebug.obj
 0001:000260a0       sf_debug_em_terminate      00000001800270a0 f   sfc_debug:sfcdebug.obj
 0001:000260e0       sf_debug_push_eml_function 00000001800270e0 f   sfc_debug:sfcdebug.obj
 0001:00026180       sf_debug_pop_eml_function  0000000180027180 f   sfc_debug:sfcdebug.obj
 0001:00026e20       sf_debug_get_machine_number_from_id_or_name 0000000180027e20 f   sfc_debug:sfcdebug.obj
 0001:00026f70       sf_debug_get_chart_number_from_id 0000000180027f70 f   sfc_debug:sfcdebug.obj
 0001:00027d50       sf_debug_transfer_control_to_debugger_GUI 0000000180028d50 f   sfc_debug:sfcdebug.obj
 0001:00028cc0       sf_debug_scripts_rehash    0000000180029cc0 f   sfc_debug:sfcdebug.obj
 0001:00028ed0       sf_debug_get_script_line_count 0000000180029ed0 f   sfc_debug:sfcdebug.obj
 0001:00029920       cv_eml_state_cvId          000000018002a920 f   sfc_debug:sfcdebug.obj
 0001:00029990       cv_eml_trans_cvId          000000018002a990 f   sfc_debug:sfcdebug.obj
 0001:0002ae10       sf_debug_data_array_bounds_error 000000018002be10 f   sfc_debug:sfcdebug.obj
 0001:0002b1c0       eml_debug_runtime_error_doclink 000000018002c1c0 f   sfc_debug:sfcdebug.obj
 0001:0002b330       sf_debug_runtime_error     000000018002c330 f   sfc_debug:sfcdebug.obj
 0001:0002b3a0       sf_debug_matlab_error      000000018002c3a0 f   sfc_debug:sfcdebug.obj
 0001:0002bd10       sf_debug_data_value_error  000000018002cd10 f   sfc_debug:sfcdebug.obj
 0001:0002c5e0       sf_debug_data_loss_error   000000018002d5e0 f   sfc_debug:sfcdebug.obj
 0001:0002d500       call_cv_range_check        000000018002e500 f   sfc_debug:sfcdebug.obj
 0001:0002dd60       sf_debug_invoke_cycle_detection_code 000000018002ed60 f   sfc_debug:sfcdebug.obj
 0001:0002e8d0       sf_reset_debug_info_struct 000000018002f8d0 f   sfc_debug:sfcdebug.obj
 0001:0002f0c0       cv_script_cvId             00000001800300c0 f   sfc_debug:sfcdebug.obj
 0001:00030280       sfc_api_chart_visible      0000000180031280 f   sfc_debug:sfc_api.obj
 0001:00030310       sfc_api_active_instance    0000000180031310 f   sfc_debug:sfc_api.obj
 0001:000303a0       sfc_api_machine_load       00000001800313a0 f   sfc_debug:sfc_api.obj
 0001:00030490       sfc_api_debugger_alive     0000000180031490 f   sfc_debug:sfc_api.obj
 0001:000304a0       sfc_api_go                 00000001800314a0 f   sfc_debug:sfc_api.obj
 0001:000304b0       sfc_api_step_over          00000001800314b0 f   sfc_debug:sfc_api.obj
 0001:000304c0       sfc_api_step_out           00000001800314c0 f   sfc_debug:sfc_api.obj
 0001:000304d0       sfc_api_resume             00000001800314d0 f   sfc_debug:sfc_api.obj
 0001:000304e0       sfc_api_break              00000001800314e0 f   sfc_debug:sfc_api.obj
 0001:000304f0       sfc_api_stop_debugging     00000001800314f0 f   sfc_debug:sfc_api.obj
 0001:00030550       sfc_api_is_cycle_detected  0000000180031550 f   sfc_debug:sfc_api.obj
 0001:000305b0       sfc_api_is_array_bounds_detected 00000001800315b0 f   sfc_debug:sfc_api.obj
 0001:00030610       sfc_api_set_disable_all_breakpoints 0000000180031610 f   sfc_debug:sfc_api.obj
 0001:00030690       sfc_api_disable_all_breakpoints_and_go 0000000180031690 f   sfc_debug:sfc_api.obj
 0001:000306a0       sfc_api_close              00000001800316a0 f   sfc_debug:sfc_api.obj
 0001:000306b0       sfc_api_browse_data        00000001800316b0 f   sfc_debug:sfc_api.obj
 0001:00030730       sfc_api_watch_data         0000000180031730 f   sfc_debug:sfc_api.obj
 0001:00030840       sfc_api_extract_message_post_receive_info 0000000180031840 f   sfc_debug:sfc_api.obj
 0001:00030860       sfc_api_assign_data        0000000180031860 f   sfc_debug:sfc_api.obj
 0001:00030910       sfc_api_whos               0000000180031910 f   sfc_debug:sfc_api.obj
 0001:000309a0       sfc_api_get_consistency_info 00000001800319a0 f   sfc_debug:sfc_api.obj
 0001:000309b0       sfc_api_browse_trace       00000001800319b0 f   sfc_debug:sfc_api.obj
 0001:000309c0       sfc_api_break_on_chart_entry 00000001800319c0 f   sfc_debug:sfc_api.obj
 0001:000309f0       sfc_api_break_on_event_broadcast 00000001800319f0 f   sfc_debug:sfc_api.obj
 0001:00030a20       sfc_api_break_on_state_entry 0000000180031a20 f   sfc_debug:sfc_api.obj
 0001:00030a50       sfc_api_set_watch          0000000180031a50 f   sfc_debug:sfc_api.obj
 0001:00030b00       sfc_api_set_breakpoints    0000000180031b00 f   sfc_debug:sfc_api.obj
 0001:00030bc0       sfc_api_set_eml_breakpoints 0000000180031bc0 f   sfc_debug:sfc_api.obj
 0001:00030c60       sfc_api_set_script_breakpoints 0000000180031c60 f   sfc_debug:sfc_api.obj
 0001:00030cc0       sfc_api_add_script_breakpoints 0000000180031cc0 f   sfc_debug:sfc_api.obj
 0001:00030d20       sfc_api_clear_script_breakpoints 0000000180031d20 f   sfc_debug:sfc_api.obj
 0001:00030d80       sfc_api_query_script_breakpoints 0000000180031d80 f   sfc_debug:sfc_api.obj
 0001:00030df0       sfc_api_get_script_id      0000000180031df0 f   sfc_debug:sfc_api.obj
 0001:00030eb0       sfc_api_get_active_states  0000000180031eb0 f   sfc_debug:sfc_api.obj
 0001:00030f40       sfc_api_break_between_times 0000000180031f40 f   sfc_debug:sfc_api.obj
 0001:00030fb0       sfc_api_get_instance_handle 0000000180031fb0 f   sfc_debug:sfc_api.obj
 0001:00031080       sfc_api_set_animation      0000000180032080 f   sfc_debug:sfc_api.obj
 0001:000310d0       sfc_api_select_chart       00000001800320d0 f   sfc_debug:sfc_api.obj
 0001:00031140       sfc_api_select_charts      0000000180032140 f   sfc_debug:sfc_api.obj
 0001:00031170       sfc_api_cycle_detection_check 0000000180032170 f   sfc_debug:sfc_api.obj
 0001:000311c0       sfc_api_data_range_check   00000001800321c0 f   sfc_debug:sfc_api.obj
 0001:00031210       sfc_api_transition_conflict_check 0000000180032210 f   sfc_debug:sfc_api.obj
 0001:00031260       sfc_api_state_consistency_check 0000000180032260 f   sfc_debug:sfc_api.obj
 0001:000312b0       sfc_api_set_instance_cv_ids 00000001800322b0 f   sfc_debug:sfc_api.obj
 0001:000313e0       sfc_api_set_script_cv_ids  00000001800323e0 f   sfc_debug:sfc_api.obj
 0001:000314b0       sfc_api_get_current_machine_id 00000001800324b0 f   sfc_debug:sfc_api.obj
 0001:000314e0       sfc_api_get_current_machine_number 00000001800324e0 f   sfc_debug:sfc_api.obj
 0001:00031510       sfc_api_get_current_chart_number 0000000180032510 f   sfc_debug:sfc_api.obj
 0001:00031540       sfc_api_get_current_instance_number 0000000180032540 f   sfc_debug:sfc_api.obj
 0001:00031570       sfc_api_get_current_instance_handle 0000000180032570 f   sfc_debug:sfc_api.obj
 0001:00031590       sfc_api_get_current_is_minor_time_step 0000000180032590 f   sfc_debug:sfc_api.obj
 0001:000315c0       sfc_api_get_current_machine_name 00000001800325c0 f   sfc_debug:sfc_api.obj
 0001:000315e0       sfc_api_get_current_chart_id 00000001800325e0 f   sfc_debug:sfc_api.obj
 0001:00031610       sfc_api_get_current_object_type 0000000180032610 f   sfc_debug:sfc_api.obj
 0001:00031640       sfc_api_get_current_event_type 0000000180032640 f   sfc_debug:sfc_api.obj
 0001:00031670       sfc_api_get_current_object_id 0000000180032670 f   sfc_debug:sfc_api.obj
 0001:000316a0       sfc_get_current_active_event_type 00000001800326a0 f   sfc_debug:sfc_api.obj
 0001:000316d0       sfc_api_get_current_active_event_id 00000001800326d0 f   sfc_debug:sfc_api.obj
 0001:00031700       sfc_api_get_current_simulation_time 0000000180032700 f   sfc_debug:sfc_api.obj
 0001:00031720       sfc_get_current_tag_type   0000000180032720 f   sfc_debug:sfc_api.obj
 0001:00031750       sfc_get_current_coverage_percentage 0000000180032750 f   sfc_debug:sfc_api.obj
 0001:00031770       sfc_get_current_statement_context 0000000180032770 f   sfc_debug:sfc_api.obj
 0001:00031790       sfc_get_current_optional_integer 0000000180032790 f   sfc_debug:sfc_api.obj
 0001:000317c0       sfc_get_current_statement_info 00000001800327c0 f   sfc_debug:sfc_api.obj
 0001:00031860       sfc_api_get                0000000180032860 f   sfc_debug:sfc_api.obj
 0001:000324c0       sf_debug_sm_fill_state_activity_data 00000001800334c0 f   sfc_debug:sfdb_animation.obj
 0001:00034d00       void_ptr_stack_vector_free_total 0000000180035d00 f   sfc_debug:sfdb_data_browse.obj
 0001:00034d80       sf_debug_st_terminate_machine 0000000180035d80 f   sfc_debug:sfdb_data_browse.obj
 0001:00034dc0       sf_debug_st_terminate_instance 0000000180035dc0 f   sfc_debug:sfdb_data_browse.obj
 0001:00035170       push_on_to_void_ptr_stack  0000000180036170 f   sfc_debug:sfdb_data_browse.obj
 0001:00035300       pop_from_void_ptr_stack    0000000180036300 f   sfc_debug:sfdb_data_browse.obj
 0001:00035430       sf_debug_st_get_data_value 0000000180036430 f   sfc_debug:sfdb_data_browse.obj
 0001:00035960       mx_value                   0000000180036960 f   sfc_debug:sfdb_data_browse.obj
 0001:000359a0       sf_debug_st_fill_data_struct 00000001800369a0 f   sfc_debug:sfdb_data_browse.obj
 0001:00035ce0       data_type_format_strings   0000000180036ce0 f   sfc_debug:sfdb_data_browse.obj
 0001:00035d90       sf_debug_st_fill_data      0000000180036d90 f   sfc_debug:sfdb_data_browse.obj
 0001:00036a80       sf_debug_hm_get_simulink_handle 0000000180037a80 f   sfc_debug:sfdb_handle_management.obj
 0001:00037530       sf_debug_hm_initialize_globals 0000000180038530 f   sfc_debug:sfdb_handle_management.obj
 0001:00037630       sf_debug_hm_get_machine_debug_flag 0000000180038630 f   sfc_debug:sfdb_handle_management.obj
 0001:000377a0       sf_debug_hm_get_machine_id 00000001800387a0 f   sfc_debug:sfdb_handle_management.obj
 0001:000378c0       sf_debug_hm_get_chart_id   00000001800388c0 f   sfc_debug:sfdb_handle_management.obj
 0001:00037a60       sf_debug_hm_register_executing_SFunction 0000000180038a60 f   sfc_debug:sfdb_handle_management.obj
 0001:00037df0       sf_debug_hm_form_object_boolean_properties 0000000180038df0 f   sfc_debug:sfdb_handle_management.obj
 0001:000380c0       sf_debug_hm_form_object_properties 00000001800390c0 f   sfc_debug:sfdb_handle_management.obj
 0001:00038300       sf_debug_hm_terminate_charts 0000000180039300 f   sfc_debug:sfdb_handle_management.obj
 0001:000389e0       sf_debug_hm_terminate_machines 00000001800399e0 f   sfc_debug:sfdb_handle_management.obj
 0001:0003a450       sf_debug_ss_copy_dimension 000000018003b450 f   sfc_debug:sfdb_symbol_scope.obj
 0001:0003a510       sf_debug_ss_get_number_elements 000000018003b510 f   sfc_debug:sfdb_symbol_scope.obj
 0001:0003a530       sf_debug_ss_fill_data_struct 000000018003b530 f   sfc_debug:sfdb_symbol_scope.obj
 0001:0003a880       sf_debug_ss_reset_data_info 000000018003b880 f   sfc_debug:sfdb_symbol_scope.obj
 0001:0003a8e0       sf_debug_fill_data_info_by_symbol_scope_entry 000000018003b8e0 f   sfc_debug:sfdb_symbol_scope.obj
 0001:0003a9a0       sf_debug_fill_data_info_by_data_vector 000000018003b9a0 f   sfc_debug:sfdb_symbol_scope.obj
 0001:0003abf0       get_data_info_helper       000000018003bbf0 f   sfc_debug:sfdb_symbol_scope.obj
 0001:0003aee0       sf_debug_ss_get_data_info  000000018003bee0 f   sfc_debug:sfdb_symbol_scope.obj
 0001:0003b100       sf_debug_select_mex_function 000000018003c100 f   sfc_debug:sfdb_symbol_scope.obj
 0001:0003b130       sf_debug_is_dyn_matrix_initialized 000000018003c130 f   sfc_debug:sfdb_symbol_scope.obj
 0001:0003b150       sf_debug_ss_set_data_value_try 000000018003c150 f   sfc_debug:sfdb_symbol_scope.obj
 0001:0003b340       sf_debug_ss_get_data_value 000000018003c340 f   sfc_debug:sfdb_symbol_scope.obj
 0001:0003baa0       sf_debug_ss_data_bytes_string 000000018003caa0 f   sfc_debug:sfdb_symbol_scope.obj
 0001:0003bb30       sf_debug_ss_data_class_string 000000018003cb30 f   sfc_debug:sfdb_symbol_scope.obj
 0001:0003beb0       sf_debug_ss_data_size_string 000000018003ceb0 f   sfc_debug:sfdb_symbol_scope.obj
 0001:0003bf90       sf_debug_ss_data_create_data_info_struct 000000018003cf90 f   sfc_debug:sfdb_symbol_scope.obj
 0001:0003c240       sf_debug_ss_data_create_name_value_pair 000000018003d240 f   sfc_debug:sfdb_symbol_scope.obj
 0001:0003c2e0       sf_debug_ss_data_get_whos_info 000000018003d2e0 f   sfc_debug:sfdb_symbol_scope.obj
 0001:0003c2f0       same_named_data_in_data_array 000000018003d2f0 f   sfc_debug:sfdb_symbol_scope.obj
 0001:0003da80       sf_debug_cc_terminate_chart 000000018003ea80 f   sfc_debug:sfdb_coverage.obj
 0001:0003dd90       sf_debug_cc_terminate_instance 000000018003ed90 f   sfc_debug:sfdb_coverage.obj
 0001:0003e960       sf_debug_cc_mark_object_if_needed 000000018003f960 f   sfc_debug:sfdb_coverage.obj
 0001:0003f1e0       sf_debug_bm_initialize_eml 00000001800401e0 f   sfc_debug:sfdb_breakpoints.obj
 0001:000402a0       sf_debug_bm_map_debug_tag_to_breakpoint_tag 00000001800412a0 f   sfc_debug:sfdb_breakpoints.obj
 0001:00040380       sf_debug_bm_is_a_eml_breakpoint_impl 0000000180041380 f   sfc_debug:sfdb_breakpoints.obj
 0001:00041cb0       sf_debug_sc_push_on_error_stack 0000000180042cb0 f   sfc_debug:sfdb_state_consistency.obj
 0001:00041dd0       sf_debug_sc_reset_error_stack 0000000180042dd0 f   sfc_debug:sfdb_state_consistency.obj
 0001:00041f60       sf_debug_sc_is_state_inconsistent 0000000180042f60 f   sfc_debug:sfdb_state_consistency.obj
 0001:00042250       sf_debug_sc_fill_consistency_info 0000000180043250 f   sfc_debug:sfdb_state_consistency.obj
 0001:000427f0       void_assertion_fcn         00000001800437f0 f   sfc_debug:sfdb_call_stack.obj
 0001:00042d40       sf_debug_tm_fill_local_trace 0000000180043d40 f   sfc_debug:sfdb_call_stack.obj
 0001:000432e0       sf_debug_cd_terminate_instance 00000001800442e0 f   sfc_debug:sfdb_cycle_detection.obj
 0001:00043340       sf_debug_cd_free_checksum_stack 0000000180044340 f   sfc_debug:sfdb_cycle_detection.obj
 0001:00043390       sf_debug_cd_reset_pack_strings 0000000180044390 f   sfc_debug:sfdb_cycle_detection.obj
 0001:00043a30       md5file_clear              0000000180044a30 f   sfc_debug:ckmd5.obj
 0001:00043a60       Encode                     0000000180044a60 f   sfc_debug:ckmd5.obj
 0001:00043ab0       Decode                     0000000180044ab0 f   sfc_debug:ckmd5.obj
 0001:00043b50       MD5Transform               0000000180044b50 f   sfc_debug:ckmd5.obj
 0001:000443b0       md5file_addn               00000001800453b0 f   sfc_debug:ckmd5.obj
 0001:00044480       md5file_hash               0000000180045480 f   sfc_debug:ckmd5.obj
 0001:00044a00       pre_c_init                 0000000180045a00 f   MSVCRT:crtdll.obj
 0001:00044cbc       __DllMainCRTStartup        0000000180045cbc f   MSVCRT:crtdll.obj
 0001:00045350       __DllMainCRTStartup$filt$0 0000000180046350 f   MSVCRT:crtdll.obj
 0001:00045380       __DllMainCRTStartup$fin$1  0000000180046380 f   MSVCRT:crtdll.obj
 0001:0004539a       _onexit$fin$0              000000018004639a f   MSVCRT:atonexit.obj
 0001:000453c0       _IsNonwritableInCurrentImage$filt$0 00000001800463c0 f   MSVCRT:pesect.obj
